Archive member included because of file (symbol)

.\CortexM0\ARM_GCC_484\Debug\arm_controller_v2.a(cyfitter_cfg.o)
                              .\CortexM0\ARM_GCC_484\Debug\Cm0Start.o (cyfitter_cfg)
.\CortexM0\ARM_GCC_484\Debug\arm_controller_v2.a(Clock_counter.o)
                              .\CortexM0\ARM_GCC_484\Debug\main.o (Clock_counter_Start)
.\CortexM0\ARM_GCC_484\Debug\arm_controller_v2.a(Clock_pwm.o)
                              .\CortexM0\ARM_GCC_484\Debug\main.o (Clock_pwm_Start)
.\CortexM0\ARM_GCC_484\Debug\arm_controller_v2.a(isr_1.o)
                              .\CortexM0\ARM_GCC_484\Debug\main.o (isr_1_StartEx)
.\CortexM0\ARM_GCC_484\Debug\arm_controller_v2.a(PWM_1.o)
                              .\CortexM0\ARM_GCC_484\Debug\main.o (PWM_1_Start)
.\CortexM0\ARM_GCC_484\Debug\arm_controller_v2.a(Timer_1.o)
                              .\CortexM0\ARM_GCC_484\Debug\main.o (Timer_1_Start)
.\CortexM0\ARM_GCC_484\Debug\arm_controller_v2.a(CyBootAsmGnu.o)
                              .\CortexM0\ARM_GCC_484\Debug\arm_controller_v2.a(cyfitter_cfg.o) (CyDelayCycles)
.\CortexM0\ARM_GCC_484\Debug\arm_controller_v2.a(CyLib.o)
                              .\CortexM0\ARM_GCC_484\Debug\arm_controller_v2.a(cyfitter_cfg.o) (CyDelayUs)
.\CortexM0\ARM_GCC_484\Debug\arm_controller_v2.a(UART_1.o)
                              .\CortexM0\ARM_GCC_484\Debug\main.o (UART_1_Start)
.\CortexM0\ARM_GCC_484\Debug\arm_controller_v2.a(UART_1_UART.o)
                              .\CortexM0\ARM_GCC_484\Debug\arm_controller_v2.a(UART_1.o) (UART_1_UartInit)
.\CortexM0\ARM_GCC_484\Debug\arm_controller_v2.a(PWM_2.o)
                              .\CortexM0\ARM_GCC_484\Debug\main.o (PWM_2_Start)
.\CortexM0\ARM_GCC_484\Debug\arm_controller_v2.a(UART_1_SPI_UART.o)
                              .\CortexM0\ARM_GCC_484\Debug\arm_controller_v2.a(UART_1_UART.o) (UART_1_SpiUartReadRxData)
c:/program files (x86)/cypress/psoc creator/3.1/psoc creator/import/gnu_cs/arm/4.8.4/bin/../lib/gcc/arm-none-eabi/4.8.4/armv6-m\libgcc.a(_udivsi3.o)
                              .\CortexM0\ARM_GCC_484\Debug\arm_controller_v2.a(CyLib.o) (__aeabi_uidiv)
c:/program files (x86)/cypress/psoc creator/3.1/psoc creator/import/gnu_cs/arm/4.8.4/bin/../lib/gcc/arm-none-eabi/4.8.4/armv6-m\libgcc.a(_divsi3.o)
                              .\CortexM0\ARM_GCC_484\Debug\Cm0Start.o (__aeabi_idiv)
c:/program files (x86)/cypress/psoc creator/3.1/psoc creator/import/gnu_cs/arm/4.8.4/bin/../lib/gcc/arm-none-eabi/4.8.4/armv6-m\libgcc.a(_dvmd_tls.o)
                              c:/program files (x86)/cypress/psoc creator/3.1/psoc creator/import/gnu_cs/arm/4.8.4/bin/../lib/gcc/arm-none-eabi/4.8.4/armv6-m\libgcc.a(_udivsi3.o) (__aeabi_idiv0)
c:/program files (x86)/cypress/psoc creator/3.1/psoc creator/import/gnu_cs/arm/4.8.4/bin/../lib/gcc/arm-none-eabi/4.8.4/../../../../arm-none-eabi/lib/armv6-m\libg_s.a(lib_a-errno.o)
                              .\CortexM0\ARM_GCC_484\Debug\Cm0Start.o (__errno)
c:/program files (x86)/cypress/psoc creator/3.1/psoc creator/import/gnu_cs/arm/4.8.4/bin/../lib/gcc/arm-none-eabi/4.8.4/../../../../arm-none-eabi/lib/armv6-m\libg_s.a(lib_a-exit.o)
                              c:/program files (x86)/cypress/psoc creator/3.1/psoc creator/import/gnu_cs/arm/4.8.4/bin/../lib/gcc/arm-none-eabi/4.8.4/../../../../arm-none-eabi/lib/armv6-m/crt0.o (exit)
c:/program files (x86)/cypress/psoc creator/3.1/psoc creator/import/gnu_cs/arm/4.8.4/bin/../lib/gcc/arm-none-eabi/4.8.4/../../../../arm-none-eabi/lib/armv6-m\libg_s.a(lib_a-impure.o)
                              c:/program files (x86)/cypress/psoc creator/3.1/psoc creator/import/gnu_cs/arm/4.8.4/bin/../lib/gcc/arm-none-eabi/4.8.4/../../../../arm-none-eabi/lib/armv6-m\libg_s.a(lib_a-exit.o) (_global_impure_ptr)
c:/program files (x86)/cypress/psoc creator/3.1/psoc creator/import/gnu_cs/arm/4.8.4/bin/../lib/gcc/arm-none-eabi/4.8.4/../../../../arm-none-eabi/lib/armv6-m\libg_s.a(lib_a-init.o)
                              c:/program files (x86)/cypress/psoc creator/3.1/psoc creator/import/gnu_cs/arm/4.8.4/bin/../lib/gcc/arm-none-eabi/4.8.4/../../../../arm-none-eabi/lib/armv6-m/crt0.o (__libc_init_array)
c:/program files (x86)/cypress/psoc creator/3.1/psoc creator/import/gnu_cs/arm/4.8.4/bin/../lib/gcc/arm-none-eabi/4.8.4/../../../../arm-none-eabi/lib/armv6-m\libg_s.a(lib_a-memcpy-stub.o)
                              .\CortexM0\ARM_GCC_484\Debug\arm_controller_v2.a(cyfitter_cfg.o) (memcpy)
c:/program files (x86)/cypress/psoc creator/3.1/psoc creator/import/gnu_cs/arm/4.8.4/bin/../lib/gcc/arm-none-eabi/4.8.4/../../../../arm-none-eabi/lib/armv6-m\libg_s.a(lib_a-memset.o)
                              c:/program files (x86)/cypress/psoc creator/3.1/psoc creator/import/gnu_cs/arm/4.8.4/bin/../lib/gcc/arm-none-eabi/4.8.4/../../../../arm-none-eabi/lib/armv6-m/crt0.o (memset)

Allocating common symbols
Common symbol       size              file

led_state           0x1               .\CortexM0\ARM_GCC_484\Debug\main.o
servo_state         0x1               .\CortexM0\ARM_GCC_484\Debug\main.o
data_array          0x1c              .\CortexM0\ARM_GCC_484\Debug\main.o
wristTilt_state     0x1               .\CortexM0\ARM_GCC_484\Debug\main.o
motor_state         0x1               .\CortexM0\ARM_GCC_484\Debug\main.o
feedback_count      0x2               .\CortexM0\ARM_GCC_484\Debug\main.o
timerFlag           0x1               .\CortexM0\ARM_GCC_484\Debug\main.o
shldr_state         0x1               .\CortexM0\ARM_GCC_484\Debug\main.o
wristRotate_state   0x1               .\CortexM0\ARM_GCC_484\Debug\main.o

Discarded input sections

 .text          0x00000000        0x0 c:/program files (x86)/cypress/psoc creator/3.1/psoc creator/import/gnu_cs/arm/4.8.4/bin/../lib/gcc/arm-none-eabi/4.8.4/armv6-m/crti.o
 .data          0x00000000        0x0 c:/program files (x86)/cypress/psoc creator/3.1/psoc creator/import/gnu_cs/arm/4.8.4/bin/../lib/gcc/arm-none-eabi/4.8.4/armv6-m/crti.o
 .bss           0x00000000        0x0 c:/program files (x86)/cypress/psoc creator/3.1/psoc creator/import/gnu_cs/arm/4.8.4/bin/../lib/gcc/arm-none-eabi/4.8.4/armv6-m/crti.o
 .data          0x00000000        0x4 c:/program files (x86)/cypress/psoc creator/3.1/psoc creator/import/gnu_cs/arm/4.8.4/bin/../lib/gcc/arm-none-eabi/4.8.4/armv6-m/crtbegin.o
 .text          0x00000000       0x78 c:/program files (x86)/cypress/psoc creator/3.1/psoc creator/import/gnu_cs/arm/4.8.4/bin/../lib/gcc/arm-none-eabi/4.8.4/../../../../arm-none-eabi/lib/armv6-m/crt0.o
 .data          0x00000000        0x0 c:/program files (x86)/cypress/psoc creator/3.1/psoc creator/import/gnu_cs/arm/4.8.4/bin/../lib/gcc/arm-none-eabi/4.8.4/../../../../arm-none-eabi/lib/armv6-m/crt0.o
 .bss           0x00000000        0x0 c:/program files (x86)/cypress/psoc creator/3.1/psoc creator/import/gnu_cs/arm/4.8.4/bin/../lib/gcc/arm-none-eabi/4.8.4/../../../../arm-none-eabi/lib/armv6-m/crt0.o
 .ARM.extab     0x00000000        0x0 c:/program files (x86)/cypress/psoc creator/3.1/psoc creator/import/gnu_cs/arm/4.8.4/bin/../lib/gcc/arm-none-eabi/4.8.4/../../../../arm-none-eabi/lib/armv6-m/crt0.o
 .ARM.exidx     0x00000000        0x8 c:/program files (x86)/cypress/psoc creator/3.1/psoc creator/import/gnu_cs/arm/4.8.4/bin/../lib/gcc/arm-none-eabi/4.8.4/../../../../arm-none-eabi/lib/armv6-m/crt0.o
 .text          0x00000000        0x0 .\CortexM0\ARM_GCC_484\Debug\main.o
 .data          0x00000000        0x0 .\CortexM0\ARM_GCC_484\Debug\main.o
 .bss           0x00000000        0x0 .\CortexM0\ARM_GCC_484\Debug\main.o
 .text.baseAzimuth
                0x00000000        0x8 .\CortexM0\ARM_GCC_484\Debug\main.o
 .text.shoulder
                0x00000000       0x44 .\CortexM0\ARM_GCC_484\Debug\main.o
 .text.elbow    0x00000000        0x8 .\CortexM0\ARM_GCC_484\Debug\main.o
 .text.wristTilt
                0x00000000       0x48 .\CortexM0\ARM_GCC_484\Debug\main.o
 .text.wristRotate
                0x00000000       0x48 .\CortexM0\ARM_GCC_484\Debug\main.o
 .text.send_feedback
                0x00000000        0x8 .\CortexM0\ARM_GCC_484\Debug\main.o
 .text.motor    0x00000000       0x8c .\CortexM0\ARM_GCC_484\Debug\main.o
 .text          0x00000000        0x0 .\CortexM0\ARM_GCC_484\Debug\cybootloader.o
 .data          0x00000000        0x0 .\CortexM0\ARM_GCC_484\Debug\cybootloader.o
 .bss           0x00000000        0x0 .\CortexM0\ARM_GCC_484\Debug\cybootloader.o
 .text          0x00000000        0x0 .\CortexM0\ARM_GCC_484\Debug\cymetadata.o
 .data          0x00000000        0x0 .\CortexM0\ARM_GCC_484\Debug\cymetadata.o
 .bss           0x00000000        0x0 .\CortexM0\ARM_GCC_484\Debug\cymetadata.o
 .text          0x00000000        0x0 .\CortexM0\ARM_GCC_484\Debug\Cm0Start.o
 .data          0x00000000        0x4 .\CortexM0\ARM_GCC_484\Debug\Cm0Start.o
 .bss           0x00000000        0x0 .\CortexM0\ARM_GCC_484\Debug\Cm0Start.o
 .text._exit    0x00000000       0x28 .\CortexM0\ARM_GCC_484\Debug\Cm0Start.o
 .text._sbrk    0x00000000       0x50 .\CortexM0\ARM_GCC_484\Debug\Cm0Start.o
 .text          0x00000000        0x0 .\CortexM0\ARM_GCC_484\Debug\arm_controller_v2.a(cyfitter_cfg.o)
 .bss           0x00000000        0x0 .\CortexM0\ARM_GCC_484\Debug\arm_controller_v2.a(cyfitter_cfg.o)
 .text.CYCONFIGCPY
                0x00000000       0x24 .\CortexM0\ARM_GCC_484\Debug\arm_controller_v2.a(cyfitter_cfg.o)
 .text.CYCONFIGCPYCODE
                0x00000000       0x24 .\CortexM0\ARM_GCC_484\Debug\arm_controller_v2.a(cyfitter_cfg.o)
 .text          0x00000000        0x0 .\CortexM0\ARM_GCC_484\Debug\arm_controller_v2.a(Clock_counter.o)
 .data          0x00000000        0x0 .\CortexM0\ARM_GCC_484\Debug\arm_controller_v2.a(Clock_counter.o)
 .bss           0x00000000        0x0 .\CortexM0\ARM_GCC_484\Debug\arm_controller_v2.a(Clock_counter.o)
 .text.Clock_counter_Stop
                0x00000000       0x18 .\CortexM0\ARM_GCC_484\Debug\arm_controller_v2.a(Clock_counter.o)
 .text.Clock_counter_SetFractionalDividerRegister
                0x00000000       0x38 .\CortexM0\ARM_GCC_484\Debug\arm_controller_v2.a(Clock_counter.o)
 .text.Clock_counter_GetDividerRegister
                0x00000000       0x14 .\CortexM0\ARM_GCC_484\Debug\arm_controller_v2.a(Clock_counter.o)
 .text.Clock_counter_GetFractionalDividerRegister
                0x00000000        0xc .\CortexM0\ARM_GCC_484\Debug\arm_controller_v2.a(Clock_counter.o)
 .text          0x00000000        0x0 .\CortexM0\ARM_GCC_484\Debug\arm_controller_v2.a(Clock_pwm.o)
 .data          0x00000000        0x0 .\CortexM0\ARM_GCC_484\Debug\arm_controller_v2.a(Clock_pwm.o)
 .bss           0x00000000        0x0 .\CortexM0\ARM_GCC_484\Debug\arm_controller_v2.a(Clock_pwm.o)
 .text.Clock_pwm_Stop
                0x00000000       0x18 .\CortexM0\ARM_GCC_484\Debug\arm_controller_v2.a(Clock_pwm.o)
 .text.Clock_pwm_SetFractionalDividerRegister
                0x00000000       0x38 .\CortexM0\ARM_GCC_484\Debug\arm_controller_v2.a(Clock_pwm.o)
 .text.Clock_pwm_GetDividerRegister
                0x00000000       0x14 .\CortexM0\ARM_GCC_484\Debug\arm_controller_v2.a(Clock_pwm.o)
 .text.Clock_pwm_GetFractionalDividerRegister
                0x00000000        0xc .\CortexM0\ARM_GCC_484\Debug\arm_controller_v2.a(Clock_pwm.o)
 .text          0x00000000        0x0 .\CortexM0\ARM_GCC_484\Debug\arm_controller_v2.a(isr_1.o)
 .data          0x00000000        0x0 .\CortexM0\ARM_GCC_484\Debug\arm_controller_v2.a(isr_1.o)
 .bss           0x00000000        0x0 .\CortexM0\ARM_GCC_484\Debug\arm_controller_v2.a(isr_1.o)
 .text.isr_1_Start
                0x00000000       0x24 .\CortexM0\ARM_GCC_484\Debug\arm_controller_v2.a(isr_1.o)
 .text.isr_1_Stop
                0x00000000       0x18 .\CortexM0\ARM_GCC_484\Debug\arm_controller_v2.a(isr_1.o)
 .text.isr_1_Interrupt
                0x00000000        0x8 .\CortexM0\ARM_GCC_484\Debug\arm_controller_v2.a(isr_1.o)
 .text.isr_1_GetVector
                0x00000000       0x14 .\CortexM0\ARM_GCC_484\Debug\arm_controller_v2.a(isr_1.o)
 .text.isr_1_GetPriority
                0x00000000       0x2c .\CortexM0\ARM_GCC_484\Debug\arm_controller_v2.a(isr_1.o)
 .text.isr_1_GetState
                0x00000000       0x20 .\CortexM0\ARM_GCC_484\Debug\arm_controller_v2.a(isr_1.o)
 .text.isr_1_SetPending
                0x00000000       0x14 .\CortexM0\ARM_GCC_484\Debug\arm_controller_v2.a(isr_1.o)
 .text.isr_1_ClearPending
                0x00000000       0x14 .\CortexM0\ARM_GCC_484\Debug\arm_controller_v2.a(isr_1.o)
 .text          0x00000000        0x0 .\CortexM0\ARM_GCC_484\Debug\arm_controller_v2.a(PWM_1.o)
 .data          0x00000000        0x0 .\CortexM0\ARM_GCC_484\Debug\arm_controller_v2.a(PWM_1.o)
 .text.PWM_1_Stop
                0x00000000       0x1c .\CortexM0\ARM_GCC_484\Debug\arm_controller_v2.a(PWM_1.o)
 .text.PWM_1_ReadCounter
                0x00000000       0x1c .\CortexM0\ARM_GCC_484\Debug\arm_controller_v2.a(PWM_1.o)
 .text.PWM_1_ReadControlRegister
                0x00000000       0x20 .\CortexM0\ARM_GCC_484\Debug\arm_controller_v2.a(PWM_1.o)
 .text.PWM_1_WriteControlRegister
                0x00000000       0x20 .\CortexM0\ARM_GCC_484\Debug\arm_controller_v2.a(PWM_1.o)
 .text.PWM_1_ReadCompare1
                0x00000000       0x14 .\CortexM0\ARM_GCC_484\Debug\arm_controller_v2.a(PWM_1.o)
 .text.PWM_1_ReadCompare2
                0x00000000       0x14 .\CortexM0\ARM_GCC_484\Debug\arm_controller_v2.a(PWM_1.o)
 .text.PWM_1_ReadPeriod
                0x00000000       0x14 .\CortexM0\ARM_GCC_484\Debug\arm_controller_v2.a(PWM_1.o)
 .text          0x00000000        0x0 .\CortexM0\ARM_GCC_484\Debug\arm_controller_v2.a(Timer_1.o)
 .data          0x00000000        0x0 .\CortexM0\ARM_GCC_484\Debug\arm_controller_v2.a(Timer_1.o)
 .text.Timer_1_Stop
                0x00000000       0x30 .\CortexM0\ARM_GCC_484\Debug\arm_controller_v2.a(Timer_1.o)
 .text.Timer_1_SetMode
                0x00000000       0x48 .\CortexM0\ARM_GCC_484\Debug\arm_controller_v2.a(Timer_1.o)
 .text.Timer_1_SetQDMode
                0x00000000       0x48 .\CortexM0\ARM_GCC_484\Debug\arm_controller_v2.a(Timer_1.o)
 .text.Timer_1_SetPrescaler
                0x00000000       0x48 .\CortexM0\ARM_GCC_484\Debug\arm_controller_v2.a(Timer_1.o)
 .text.Timer_1_SetOneShot
                0x00000000       0x4c .\CortexM0\ARM_GCC_484\Debug\arm_controller_v2.a(Timer_1.o)
 .text.Timer_1_SetPWMMode
                0x00000000       0x1c .\CortexM0\ARM_GCC_484\Debug\arm_controller_v2.a(Timer_1.o)
 .text.Timer_1_SetPWMSyncKill
                0x00000000       0x48 .\CortexM0\ARM_GCC_484\Debug\arm_controller_v2.a(Timer_1.o)
 .text.Timer_1_SetPWMStopOnKill
                0x00000000       0x48 .\CortexM0\ARM_GCC_484\Debug\arm_controller_v2.a(Timer_1.o)
 .text.Timer_1_SetPWMDeadTime
                0x00000000       0x4c .\CortexM0\ARM_GCC_484\Debug\arm_controller_v2.a(Timer_1.o)
 .text.Timer_1_SetPWMInvert
                0x00000000       0x48 .\CortexM0\ARM_GCC_484\Debug\arm_controller_v2.a(Timer_1.o)
 .text.Timer_1_ReadCounter
                0x00000000       0x18 .\CortexM0\ARM_GCC_484\Debug\arm_controller_v2.a(Timer_1.o)
 .text.Timer_1_SetCounterMode
                0x00000000       0x48 .\CortexM0\ARM_GCC_484\Debug\arm_controller_v2.a(Timer_1.o)
 .text.Timer_1_ReadPeriod
                0x00000000       0x18 .\CortexM0\ARM_GCC_484\Debug\arm_controller_v2.a(Timer_1.o)
 .text.Timer_1_SetCompareSwap
                0x00000000       0x48 .\CortexM0\ARM_GCC_484\Debug\arm_controller_v2.a(Timer_1.o)
 .text.Timer_1_WritePeriodBuf
                0x00000000       0x1c .\CortexM0\ARM_GCC_484\Debug\arm_controller_v2.a(Timer_1.o)
 .text.Timer_1_ReadPeriodBuf
                0x00000000       0x18 .\CortexM0\ARM_GCC_484\Debug\arm_controller_v2.a(Timer_1.o)
 .text.Timer_1_SetPeriodSwap
                0x00000000       0x48 .\CortexM0\ARM_GCC_484\Debug\arm_controller_v2.a(Timer_1.o)
 .text.Timer_1_WriteCompare
                0x00000000       0x1c .\CortexM0\ARM_GCC_484\Debug\arm_controller_v2.a(Timer_1.o)
 .text.Timer_1_ReadCompare
                0x00000000       0x18 .\CortexM0\ARM_GCC_484\Debug\arm_controller_v2.a(Timer_1.o)
 .text.Timer_1_WriteCompareBuf
                0x00000000       0x1c .\CortexM0\ARM_GCC_484\Debug\arm_controller_v2.a(Timer_1.o)
 .text.Timer_1_ReadCompareBuf
                0x00000000       0x18 .\CortexM0\ARM_GCC_484\Debug\arm_controller_v2.a(Timer_1.o)
 .text.Timer_1_ReadCapture
                0x00000000       0x18 .\CortexM0\ARM_GCC_484\Debug\arm_controller_v2.a(Timer_1.o)
 .text.Timer_1_ReadCaptureBuf
                0x00000000       0x18 .\CortexM0\ARM_GCC_484\Debug\arm_controller_v2.a(Timer_1.o)
 .text.Timer_1_SetCaptureMode
                0x00000000       0x44 .\CortexM0\ARM_GCC_484\Debug\arm_controller_v2.a(Timer_1.o)
 .text.Timer_1_SetReloadMode
                0x00000000       0x44 .\CortexM0\ARM_GCC_484\Debug\arm_controller_v2.a(Timer_1.o)
 .text.Timer_1_SetStartMode
                0x00000000       0x48 .\CortexM0\ARM_GCC_484\Debug\arm_controller_v2.a(Timer_1.o)
 .text.Timer_1_SetStopMode
                0x00000000       0x44 .\CortexM0\ARM_GCC_484\Debug\arm_controller_v2.a(Timer_1.o)
 .text.Timer_1_SetCountMode
                0x00000000       0x44 .\CortexM0\ARM_GCC_484\Debug\arm_controller_v2.a(Timer_1.o)
 .text.Timer_1_ReadStatus
                0x00000000       0x20 .\CortexM0\ARM_GCC_484\Debug\arm_controller_v2.a(Timer_1.o)
 .text.Timer_1_GetInterruptSource
                0x00000000       0x14 .\CortexM0\ARM_GCC_484\Debug\arm_controller_v2.a(Timer_1.o)
 .text.Timer_1_SetInterrupt
                0x00000000       0x18 .\CortexM0\ARM_GCC_484\Debug\arm_controller_v2.a(Timer_1.o)
 .data          0x00000000        0x0 .\CortexM0\ARM_GCC_484\Debug\arm_controller_v2.a(CyBootAsmGnu.o)
 .bss           0x00000000        0x0 .\CortexM0\ARM_GCC_484\Debug\arm_controller_v2.a(CyBootAsmGnu.o)
 .text          0x00000000        0x0 .\CortexM0\ARM_GCC_484\Debug\arm_controller_v2.a(CyLib.o)
 .bss           0x00000000       0x24 .\CortexM0\ARM_GCC_484\Debug\arm_controller_v2.a(CyLib.o)
 .rodata        0x00000000       0x30 .\CortexM0\ARM_GCC_484\Debug\arm_controller_v2.a(CyLib.o)
 .text.CySysClkImoStart
                0x00000000       0x1c .\CortexM0\ARM_GCC_484\Debug\arm_controller_v2.a(CyLib.o)
 .text.CySysClkImoStop
                0x00000000       0x18 .\CortexM0\ARM_GCC_484\Debug\arm_controller_v2.a(CyLib.o)
 .text.CySysClkIloStart
                0x00000000       0x1c .\CortexM0\ARM_GCC_484\Debug\arm_controller_v2.a(CyLib.o)
 .text.CySysClkIloStop
                0x00000000       0x4c .\CortexM0\ARM_GCC_484\Debug\arm_controller_v2.a(CyLib.o)
 .text.CySysClkIloEnabled
                0x00000000       0x1c .\CortexM0\ARM_GCC_484\Debug\arm_controller_v2.a(CyLib.o)
 .text.CySysClkWriteHfclkDirect
                0x00000000       0x44 .\CortexM0\ARM_GCC_484\Debug\arm_controller_v2.a(CyLib.o)
 .text.CySysClkWriteSysclkDiv
                0x00000000       0x44 .\CortexM0\ARM_GCC_484\Debug\arm_controller_v2.a(CyLib.o)
 .text.CySysClkWriteImoFreq
                0x00000000      0x1e0 .\CortexM0\ARM_GCC_484\Debug\arm_controller_v2.a(CyLib.o)
 .text.CySysWdtLock
                0x00000000       0x34 .\CortexM0\ARM_GCC_484\Debug\arm_controller_v2.a(CyLib.o)
 .text.CySysWdtLocked
                0x00000000       0x20 .\CortexM0\ARM_GCC_484\Debug\arm_controller_v2.a(CyLib.o)
 .text.CySysWdtUnlock
                0x00000000       0x4c .\CortexM0\ARM_GCC_484\Debug\arm_controller_v2.a(CyLib.o)
 .text.CySysWdtReadEnabledStatus
                0x00000000       0x30 .\CortexM0\ARM_GCC_484\Debug\arm_controller_v2.a(CyLib.o)
 .text.CySysWdtWriteMode
                0x00000000       0x60 .\CortexM0\ARM_GCC_484\Debug\arm_controller_v2.a(CyLib.o)
 .text.CySysWdtReadMode
                0x00000000       0x24 .\CortexM0\ARM_GCC_484\Debug\arm_controller_v2.a(CyLib.o)
 .text.CySysWdtWriteClearOnMatch
                0x00000000       0x70 .\CortexM0\ARM_GCC_484\Debug\arm_controller_v2.a(CyLib.o)
 .text.CySysWdtReadClearOnMatch
                0x00000000       0x40 .\CortexM0\ARM_GCC_484\Debug\arm_controller_v2.a(CyLib.o)
 .text.CySysWdtEnable
                0x00000000       0x68 .\CortexM0\ARM_GCC_484\Debug\arm_controller_v2.a(CyLib.o)
 .text.CySysWdtDisable
                0x00000000       0x68 .\CortexM0\ARM_GCC_484\Debug\arm_controller_v2.a(CyLib.o)
 .text.CySysWdtWriteCascade
                0x00000000       0x58 .\CortexM0\ARM_GCC_484\Debug\arm_controller_v2.a(CyLib.o)
 .text.CySysWdtReadCascade
                0x00000000       0x1c .\CortexM0\ARM_GCC_484\Debug\arm_controller_v2.a(CyLib.o)
 .text.CySysWdtWriteMatch
                0x00000000       0x6c .\CortexM0\ARM_GCC_484\Debug\arm_controller_v2.a(CyLib.o)
 .text.CySysWdtWriteToggleBit
                0x00000000       0x44 .\CortexM0\ARM_GCC_484\Debug\arm_controller_v2.a(CyLib.o)
 .text.CySysWdtReadToggleBit
                0x00000000       0x18 .\CortexM0\ARM_GCC_484\Debug\arm_controller_v2.a(CyLib.o)
 .text.CySysWdtReadMatch
                0x00000000       0x44 .\CortexM0\ARM_GCC_484\Debug\arm_controller_v2.a(CyLib.o)
 .text.CySysWdtReadCount
                0x00000000       0x54 .\CortexM0\ARM_GCC_484\Debug\arm_controller_v2.a(CyLib.o)
 .text.CySysWdtGetInterruptSource
                0x00000000       0x1c .\CortexM0\ARM_GCC_484\Debug\arm_controller_v2.a(CyLib.o)
 .text.CySysWdtClearInterrupt
                0x00000000       0x6c .\CortexM0\ARM_GCC_484\Debug\arm_controller_v2.a(CyLib.o)
 .text.CySysWdtResetCounters
                0x00000000       0x28 .\CortexM0\ARM_GCC_484\Debug\arm_controller_v2.a(CyLib.o)
 .text.CySysClkLfclkPosedgeCatch
                0x00000000       0x9c .\CortexM0\ARM_GCC_484\Debug\arm_controller_v2.a(CyLib.o)
 .text.CySysClkLfclkPosedgeRestore
                0x00000000       0x3c .\CortexM0\ARM_GCC_484\Debug\arm_controller_v2.a(CyLib.o)
 .text.CySysLvdEnable
                0x00000000       0x48 .\CortexM0\ARM_GCC_484\Debug\arm_controller_v2.a(CyLib.o)
 .text.CySysLvdDisable
                0x00000000       0x28 .\CortexM0\ARM_GCC_484\Debug\arm_controller_v2.a(CyLib.o)
 .text.CySysLvdGetInterruptSource
                0x00000000       0x18 .\CortexM0\ARM_GCC_484\Debug\arm_controller_v2.a(CyLib.o)
 .text.CySysLvdClearInterrupt
                0x00000000       0x14 .\CortexM0\ARM_GCC_484\Debug\arm_controller_v2.a(CyLib.o)
 .text.CySysGetResetReason
                0x00000000       0x30 .\CortexM0\ARM_GCC_484\Debug\arm_controller_v2.a(CyLib.o)
 .text.CyDisableInts
                0x00000000       0x24 .\CortexM0\ARM_GCC_484\Debug\arm_controller_v2.a(CyLib.o)
 .text.CyEnableInts
                0x00000000       0x18 .\CortexM0\ARM_GCC_484\Debug\arm_controller_v2.a(CyLib.o)
 .text.CyIntSetSysVector
                0x00000000       0x48 .\CortexM0\ARM_GCC_484\Debug\arm_controller_v2.a(CyLib.o)
 .text.CyIntGetSysVector
                0x00000000       0x34 .\CortexM0\ARM_GCC_484\Debug\arm_controller_v2.a(CyLib.o)
 .text.CyIntSetVector
                0x00000000       0x4c .\CortexM0\ARM_GCC_484\Debug\arm_controller_v2.a(CyLib.o)
 .text.CyIntGetVector
                0x00000000       0x38 .\CortexM0\ARM_GCC_484\Debug\arm_controller_v2.a(CyLib.o)
 .text.CyIntSetPriority
                0x00000000       0xa8 .\CortexM0\ARM_GCC_484\Debug\arm_controller_v2.a(CyLib.o)
 .text.CyIntGetPriority
                0x00000000       0x58 .\CortexM0\ARM_GCC_484\Debug\arm_controller_v2.a(CyLib.o)
 .text.CyIntEnable
                0x00000000       0x2c .\CortexM0\ARM_GCC_484\Debug\arm_controller_v2.a(CyLib.o)
 .text.CyIntGetState
                0x00000000       0x34 .\CortexM0\ARM_GCC_484\Debug\arm_controller_v2.a(CyLib.o)
 .text.CyIntDisable
                0x00000000       0x2c .\CortexM0\ARM_GCC_484\Debug\arm_controller_v2.a(CyLib.o)
 .text.CyIntSetPending
                0x00000000       0x2c .\CortexM0\ARM_GCC_484\Debug\arm_controller_v2.a(CyLib.o)
 .text.CyIntClearPending
                0x00000000       0x2c .\CortexM0\ARM_GCC_484\Debug\arm_controller_v2.a(CyLib.o)
 .text.CyHalt   0x00000000       0x14 .\CortexM0\ARM_GCC_484\Debug\arm_controller_v2.a(CyLib.o)
 .text.CySoftwareReset
                0x00000000       0x20 .\CortexM0\ARM_GCC_484\Debug\arm_controller_v2.a(CyLib.o)
 .text.CyDelay  0x00000000       0x48 .\CortexM0\ARM_GCC_484\Debug\arm_controller_v2.a(CyLib.o)
 .text.CyDelayFreq
                0x00000000       0x80 .\CortexM0\ARM_GCC_484\Debug\arm_controller_v2.a(CyLib.o)
 .text.CySysTickStart
                0x00000000       0x24 .\CortexM0\ARM_GCC_484\Debug\arm_controller_v2.a(CyLib.o)
 .text.CySysTickInit
                0x00000000       0x60 .\CortexM0\ARM_GCC_484\Debug\arm_controller_v2.a(CyLib.o)
 .text.CySysTickEnable
                0x00000000       0x1c .\CortexM0\ARM_GCC_484\Debug\arm_controller_v2.a(CyLib.o)
 .text.CySysTickStop
                0x00000000       0x18 .\CortexM0\ARM_GCC_484\Debug\arm_controller_v2.a(CyLib.o)
 .text.CySysTickEnableInterrupt
                0x00000000       0x18 .\CortexM0\ARM_GCC_484\Debug\arm_controller_v2.a(CyLib.o)
 .text.CySysTickDisableInterrupt
                0x00000000       0x18 .\CortexM0\ARM_GCC_484\Debug\arm_controller_v2.a(CyLib.o)
 .text.CySysTickSetReload
                0x00000000       0x1c .\CortexM0\ARM_GCC_484\Debug\arm_controller_v2.a(CyLib.o)
 .text.CySysTickGetReload
                0x00000000       0x18 .\CortexM0\ARM_GCC_484\Debug\arm_controller_v2.a(CyLib.o)
 .text.CySysTickGetValue
                0x00000000       0x1c .\CortexM0\ARM_GCC_484\Debug\arm_controller_v2.a(CyLib.o)
 .text.CySysTickGetCountFlag
                0x00000000       0x18 .\CortexM0\ARM_GCC_484\Debug\arm_controller_v2.a(CyLib.o)
 .text.CySysTickClear
                0x00000000       0x14 .\CortexM0\ARM_GCC_484\Debug\arm_controller_v2.a(CyLib.o)
 .text.CySysTickSetCallback
                0x00000000       0x2c .\CortexM0\ARM_GCC_484\Debug\arm_controller_v2.a(CyLib.o)
 .text.CySysTickGetCallback
                0x00000000       0x1c .\CortexM0\ARM_GCC_484\Debug\arm_controller_v2.a(CyLib.o)
 .text.CySysTickServiceCallbacks
                0x00000000       0x44 .\CortexM0\ARM_GCC_484\Debug\arm_controller_v2.a(CyLib.o)
 .text          0x00000000        0x0 .\CortexM0\ARM_GCC_484\Debug\arm_controller_v2.a(UART_1.o)
 .data          0x00000000        0x0 .\CortexM0\ARM_GCC_484\Debug\arm_controller_v2.a(UART_1.o)
 .text.UART_1_Stop
                0x00000000       0x1c .\CortexM0\ARM_GCC_484\Debug\arm_controller_v2.a(UART_1.o)
 .text.UART_1_SetRxFifoLevel
                0x00000000       0x34 .\CortexM0\ARM_GCC_484\Debug\arm_controller_v2.a(UART_1.o)
 .text.UART_1_SetTxFifoLevel
                0x00000000       0x34 .\CortexM0\ARM_GCC_484\Debug\arm_controller_v2.a(UART_1.o)
 .text.UART_1_SetCustomInterruptHandler
                0x00000000       0x18 .\CortexM0\ARM_GCC_484\Debug\arm_controller_v2.a(UART_1.o)
 .text.UART_1_ScbModeStop
                0x00000000        0x8 .\CortexM0\ARM_GCC_484\Debug\arm_controller_v2.a(UART_1.o)
 .text.UART_1_I2CSlaveNackGeneration
                0x00000000       0x50 .\CortexM0\ARM_GCC_484\Debug\arm_controller_v2.a(UART_1.o)
 .text          0x00000000        0x0 .\CortexM0\ARM_GCC_484\Debug\arm_controller_v2.a(UART_1_UART.o)
 .data          0x00000000        0x0 .\CortexM0\ARM_GCC_484\Debug\arm_controller_v2.a(UART_1_UART.o)
 .bss           0x00000000        0x0 .\CortexM0\ARM_GCC_484\Debug\arm_controller_v2.a(UART_1_UART.o)
 .text.UART_1_UartSetRxAddress
                0x00000000       0x34 .\CortexM0\ARM_GCC_484\Debug\arm_controller_v2.a(UART_1_UART.o)
 .text.UART_1_UartSetRxAddressMask
                0x00000000       0x34 .\CortexM0\ARM_GCC_484\Debug\arm_controller_v2.a(UART_1_UART.o)
 .text.UART_1_UartGetByte
                0x00000000       0x68 .\CortexM0\ARM_GCC_484\Debug\arm_controller_v2.a(UART_1_UART.o)
 .text.UART_1_UartPutString
                0x00000000       0x34 .\CortexM0\ARM_GCC_484\Debug\arm_controller_v2.a(UART_1_UART.o)
 .text.UART_1_UartPutCRLF
                0x00000000       0x24 .\CortexM0\ARM_GCC_484\Debug\arm_controller_v2.a(UART_1_UART.o)
 .text          0x00000000        0x0 .\CortexM0\ARM_GCC_484\Debug\arm_controller_v2.a(PWM_2.o)
 .data          0x00000000        0x0 .\CortexM0\ARM_GCC_484\Debug\arm_controller_v2.a(PWM_2.o)
 .text.PWM_2_Stop
                0x00000000       0x1c .\CortexM0\ARM_GCC_484\Debug\arm_controller_v2.a(PWM_2.o)
 .text.PWM_2_ReadCounter
                0x00000000       0x1c .\CortexM0\ARM_GCC_484\Debug\arm_controller_v2.a(PWM_2.o)
 .text.PWM_2_ReadControlRegister
                0x00000000       0x20 .\CortexM0\ARM_GCC_484\Debug\arm_controller_v2.a(PWM_2.o)
 .text.PWM_2_WriteControlRegister
                0x00000000       0x20 .\CortexM0\ARM_GCC_484\Debug\arm_controller_v2.a(PWM_2.o)
 .text.PWM_2_ReadCompare1
                0x00000000       0x14 .\CortexM0\ARM_GCC_484\Debug\arm_controller_v2.a(PWM_2.o)
 .text.PWM_2_ReadCompare2
                0x00000000       0x14 .\CortexM0\ARM_GCC_484\Debug\arm_controller_v2.a(PWM_2.o)
 .text.PWM_2_ReadPeriod
                0x00000000       0x14 .\CortexM0\ARM_GCC_484\Debug\arm_controller_v2.a(PWM_2.o)
 .text          0x00000000        0x0 .\CortexM0\ARM_GCC_484\Debug\arm_controller_v2.a(UART_1_SPI_UART.o)
 .data          0x00000000        0x0 .\CortexM0\ARM_GCC_484\Debug\arm_controller_v2.a(UART_1_SPI_UART.o)
 .bss           0x00000000        0x0 .\CortexM0\ARM_GCC_484\Debug\arm_controller_v2.a(UART_1_SPI_UART.o)
 .text.UART_1_SpiUartClearRxBuffer
                0x00000000       0x2c .\CortexM0\ARM_GCC_484\Debug\arm_controller_v2.a(UART_1_SPI_UART.o)
 .text.UART_1_SpiUartWriteTxData
                0x00000000       0x2c .\CortexM0\ARM_GCC_484\Debug\arm_controller_v2.a(UART_1_SPI_UART.o)
 .text.UART_1_SpiUartPutArray
                0x00000000       0x34 .\CortexM0\ARM_GCC_484\Debug\arm_controller_v2.a(UART_1_SPI_UART.o)
 .text.UART_1_SpiUartGetTxBufferSize
                0x00000000       0x20 .\CortexM0\ARM_GCC_484\Debug\arm_controller_v2.a(UART_1_SPI_UART.o)
 .text.UART_1_SpiUartClearTxBuffer
                0x00000000       0x2c .\CortexM0\ARM_GCC_484\Debug\arm_controller_v2.a(UART_1_SPI_UART.o)
 .text.UART_1_SpiUartDisableIntRx
                0x00000000       0x20 .\CortexM0\ARM_GCC_484\Debug\arm_controller_v2.a(UART_1_SPI_UART.o)
 .text.UART_1_SpiUartDisableIntTx
                0x00000000       0x20 .\CortexM0\ARM_GCC_484\Debug\arm_controller_v2.a(UART_1_SPI_UART.o)
 .text          0x00000000       0x9c c:/program files (x86)/cypress/psoc creator/3.1/psoc creator/import/gnu_cs/arm/4.8.4/bin/../lib/gcc/arm-none-eabi/4.8.4/armv6-m\libgcc.a(_udivsi3.o)
 .data          0x00000000        0x0 c:/program files (x86)/cypress/psoc creator/3.1/psoc creator/import/gnu_cs/arm/4.8.4/bin/../lib/gcc/arm-none-eabi/4.8.4/armv6-m\libgcc.a(_udivsi3.o)
 .bss           0x00000000        0x0 c:/program files (x86)/cypress/psoc creator/3.1/psoc creator/import/gnu_cs/arm/4.8.4/bin/../lib/gcc/arm-none-eabi/4.8.4/armv6-m\libgcc.a(_udivsi3.o)
 .text          0x00000000       0xc0 c:/program files (x86)/cypress/psoc creator/3.1/psoc creator/import/gnu_cs/arm/4.8.4/bin/../lib/gcc/arm-none-eabi/4.8.4/armv6-m\libgcc.a(_divsi3.o)
 .data          0x00000000        0x0 c:/program files (x86)/cypress/psoc creator/3.1/psoc creator/import/gnu_cs/arm/4.8.4/bin/../lib/gcc/arm-none-eabi/4.8.4/armv6-m\libgcc.a(_divsi3.o)
 .bss           0x00000000        0x0 c:/program files (x86)/cypress/psoc creator/3.1/psoc creator/import/gnu_cs/arm/4.8.4/bin/../lib/gcc/arm-none-eabi/4.8.4/armv6-m\libgcc.a(_divsi3.o)
 .text          0x00000000        0x4 c:/program files (x86)/cypress/psoc creator/3.1/psoc creator/import/gnu_cs/arm/4.8.4/bin/../lib/gcc/arm-none-eabi/4.8.4/armv6-m\libgcc.a(_dvmd_tls.o)
 .data          0x00000000        0x0 c:/program files (x86)/cypress/psoc creator/3.1/psoc creator/import/gnu_cs/arm/4.8.4/bin/../lib/gcc/arm-none-eabi/4.8.4/armv6-m\libgcc.a(_dvmd_tls.o)
 .bss           0x00000000        0x0 c:/program files (x86)/cypress/psoc creator/3.1/psoc creator/import/gnu_cs/arm/4.8.4/bin/../lib/gcc/arm-none-eabi/4.8.4/armv6-m\libgcc.a(_dvmd_tls.o)
 .text          0x00000000        0x0 c:/program files (x86)/cypress/psoc creator/3.1/psoc creator/import/gnu_cs/arm/4.8.4/bin/../lib/gcc/arm-none-eabi/4.8.4/../../../../arm-none-eabi/lib/armv6-m\libg_s.a(lib_a-errno.o)
 .data          0x00000000        0x0 c:/program files (x86)/cypress/psoc creator/3.1/psoc creator/import/gnu_cs/arm/4.8.4/bin/../lib/gcc/arm-none-eabi/4.8.4/../../../../arm-none-eabi/lib/armv6-m\libg_s.a(lib_a-errno.o)
 .bss           0x00000000        0x0 c:/program files (x86)/cypress/psoc creator/3.1/psoc creator/import/gnu_cs/arm/4.8.4/bin/../lib/gcc/arm-none-eabi/4.8.4/../../../../arm-none-eabi/lib/armv6-m\libg_s.a(lib_a-errno.o)
 .text.__errno  0x00000000        0xc c:/program files (x86)/cypress/psoc creator/3.1/psoc creator/import/gnu_cs/arm/4.8.4/bin/../lib/gcc/arm-none-eabi/4.8.4/../../../../arm-none-eabi/lib/armv6-m\libg_s.a(lib_a-errno.o)
 .text          0x00000000        0x0 c:/program files (x86)/cypress/psoc creator/3.1/psoc creator/import/gnu_cs/arm/4.8.4/bin/../lib/gcc/arm-none-eabi/4.8.4/../../../../arm-none-eabi/lib/armv6-m\libg_s.a(lib_a-exit.o)
 .data          0x00000000        0x0 c:/program files (x86)/cypress/psoc creator/3.1/psoc creator/import/gnu_cs/arm/4.8.4/bin/../lib/gcc/arm-none-eabi/4.8.4/../../../../arm-none-eabi/lib/armv6-m\libg_s.a(lib_a-exit.o)
 .bss           0x00000000        0x0 c:/program files (x86)/cypress/psoc creator/3.1/psoc creator/import/gnu_cs/arm/4.8.4/bin/../lib/gcc/arm-none-eabi/4.8.4/../../../../arm-none-eabi/lib/armv6-m\libg_s.a(lib_a-exit.o)
 .text.exit     0x00000000       0x2c c:/program files (x86)/cypress/psoc creator/3.1/psoc creator/import/gnu_cs/arm/4.8.4/bin/../lib/gcc/arm-none-eabi/4.8.4/../../../../arm-none-eabi/lib/armv6-m\libg_s.a(lib_a-exit.o)
 .text          0x00000000        0x0 c:/program files (x86)/cypress/psoc creator/3.1/psoc creator/import/gnu_cs/arm/4.8.4/bin/../lib/gcc/arm-none-eabi/4.8.4/../../../../arm-none-eabi/lib/armv6-m\libg_s.a(lib_a-impure.o)
 .data          0x00000000        0x0 c:/program files (x86)/cypress/psoc creator/3.1/psoc creator/import/gnu_cs/arm/4.8.4/bin/../lib/gcc/arm-none-eabi/4.8.4/../../../../arm-none-eabi/lib/armv6-m\libg_s.a(lib_a-impure.o)
 .bss           0x00000000        0x0 c:/program files (x86)/cypress/psoc creator/3.1/psoc creator/import/gnu_cs/arm/4.8.4/bin/../lib/gcc/arm-none-eabi/4.8.4/../../../../arm-none-eabi/lib/armv6-m\libg_s.a(lib_a-impure.o)
 .data.impure_data
                0x00000000       0x60 c:/program files (x86)/cypress/psoc creator/3.1/psoc creator/import/gnu_cs/arm/4.8.4/bin/../lib/gcc/arm-none-eabi/4.8.4/../../../../arm-none-eabi/lib/armv6-m\libg_s.a(lib_a-impure.o)
 .data._impure_ptr
                0x00000000        0x4 c:/program files (x86)/cypress/psoc creator/3.1/psoc creator/import/gnu_cs/arm/4.8.4/bin/../lib/gcc/arm-none-eabi/4.8.4/../../../../arm-none-eabi/lib/armv6-m\libg_s.a(lib_a-impure.o)
 .rodata.str1.1
                0x00000000        0x2 c:/program files (x86)/cypress/psoc creator/3.1/psoc creator/import/gnu_cs/arm/4.8.4/bin/../lib/gcc/arm-none-eabi/4.8.4/../../../../arm-none-eabi/lib/armv6-m\libg_s.a(lib_a-impure.o)
 .rodata._global_impure_ptr
                0x00000000        0x4 c:/program files (x86)/cypress/psoc creator/3.1/psoc creator/import/gnu_cs/arm/4.8.4/bin/../lib/gcc/arm-none-eabi/4.8.4/../../../../arm-none-eabi/lib/armv6-m\libg_s.a(lib_a-impure.o)
 .text          0x00000000        0x0 c:/program files (x86)/cypress/psoc creator/3.1/psoc creator/import/gnu_cs/arm/4.8.4/bin/../lib/gcc/arm-none-eabi/4.8.4/../../../../arm-none-eabi/lib/armv6-m\libg_s.a(lib_a-init.o)
 .data          0x00000000        0x0 c:/program files (x86)/cypress/psoc creator/3.1/psoc creator/import/gnu_cs/arm/4.8.4/bin/../lib/gcc/arm-none-eabi/4.8.4/../../../../arm-none-eabi/lib/armv6-m\libg_s.a(lib_a-init.o)
 .bss           0x00000000        0x0 c:/program files (x86)/cypress/psoc creator/3.1/psoc creator/import/gnu_cs/arm/4.8.4/bin/../lib/gcc/arm-none-eabi/4.8.4/../../../../arm-none-eabi/lib/armv6-m\libg_s.a(lib_a-init.o)
 .text          0x00000000        0x0 c:/program files (x86)/cypress/psoc creator/3.1/psoc creator/import/gnu_cs/arm/4.8.4/bin/../lib/gcc/arm-none-eabi/4.8.4/../../../../arm-none-eabi/lib/armv6-m\libg_s.a(lib_a-memcpy-stub.o)
 .data          0x00000000        0x0 c:/program files (x86)/cypress/psoc creator/3.1/psoc creator/import/gnu_cs/arm/4.8.4/bin/../lib/gcc/arm-none-eabi/4.8.4/../../../../arm-none-eabi/lib/armv6-m\libg_s.a(lib_a-memcpy-stub.o)
 .bss           0x00000000        0x0 c:/program files (x86)/cypress/psoc creator/3.1/psoc creator/import/gnu_cs/arm/4.8.4/bin/../lib/gcc/arm-none-eabi/4.8.4/../../../../arm-none-eabi/lib/armv6-m\libg_s.a(lib_a-memcpy-stub.o)
 .text.memcpy   0x00000000       0x12 c:/program files (x86)/cypress/psoc creator/3.1/psoc creator/import/gnu_cs/arm/4.8.4/bin/../lib/gcc/arm-none-eabi/4.8.4/../../../../arm-none-eabi/lib/armv6-m\libg_s.a(lib_a-memcpy-stub.o)
 .text          0x00000000        0x0 c:/program files (x86)/cypress/psoc creator/3.1/psoc creator/import/gnu_cs/arm/4.8.4/bin/../lib/gcc/arm-none-eabi/4.8.4/../../../../arm-none-eabi/lib/armv6-m\libg_s.a(lib_a-memset.o)
 .data          0x00000000        0x0 c:/program files (x86)/cypress/psoc creator/3.1/psoc creator/import/gnu_cs/arm/4.8.4/bin/../lib/gcc/arm-none-eabi/4.8.4/../../../../arm-none-eabi/lib/armv6-m\libg_s.a(lib_a-memset.o)
 .bss           0x00000000        0x0 c:/program files (x86)/cypress/psoc creator/3.1/psoc creator/import/gnu_cs/arm/4.8.4/bin/../lib/gcc/arm-none-eabi/4.8.4/../../../../arm-none-eabi/lib/armv6-m\libg_s.a(lib_a-memset.o)
 .text          0x00000000        0x0 c:/program files (x86)/cypress/psoc creator/3.1/psoc creator/import/gnu_cs/arm/4.8.4/bin/../lib/gcc/arm-none-eabi/4.8.4/armv6-m/crtend.o
 .data          0x00000000        0x0 c:/program files (x86)/cypress/psoc creator/3.1/psoc creator/import/gnu_cs/arm/4.8.4/bin/../lib/gcc/arm-none-eabi/4.8.4/armv6-m/crtend.o
 .bss           0x00000000        0x0 c:/program files (x86)/cypress/psoc creator/3.1/psoc creator/import/gnu_cs/arm/4.8.4/bin/../lib/gcc/arm-none-eabi/4.8.4/armv6-m/crtend.o
 .text          0x00000000        0x0 c:/program files (x86)/cypress/psoc creator/3.1/psoc creator/import/gnu_cs/arm/4.8.4/bin/../lib/gcc/arm-none-eabi/4.8.4/armv6-m/crtn.o
 .data          0x00000000        0x0 c:/program files (x86)/cypress/psoc creator/3.1/psoc creator/import/gnu_cs/arm/4.8.4/bin/../lib/gcc/arm-none-eabi/4.8.4/armv6-m/crtn.o
 .bss           0x00000000        0x0 c:/program files (x86)/cypress/psoc creator/3.1/psoc creator/import/gnu_cs/arm/4.8.4/bin/../lib/gcc/arm-none-eabi/4.8.4/armv6-m/crtn.o

Memory Configuration

Name             Origin             Length             Attributes
rom              0x00000000         0x00008000         xr
ram              0x20000000         0x00001000         xrw
*default*        0x00000000         0xffffffff

Linker script and memory map

LOAD c:/program files (x86)/cypress/psoc creator/3.1/psoc creator/import/gnu_cs/arm/4.8.4/bin/../lib/gcc/arm-none-eabi/4.8.4/armv6-m/crti.o
LOAD c:/program files (x86)/cypress/psoc creator/3.1/psoc creator/import/gnu_cs/arm/4.8.4/bin/../lib/gcc/arm-none-eabi/4.8.4/armv6-m/crtbegin.o
LOAD c:/program files (x86)/cypress/psoc creator/3.1/psoc creator/import/gnu_cs/arm/4.8.4/bin/../lib/gcc/arm-none-eabi/4.8.4/../../../../arm-none-eabi/lib/armv6-m/crt0.o
START GROUP
LOAD .\CortexM0\ARM_GCC_484\Debug\main.o
LOAD .\CortexM0\ARM_GCC_484\Debug\cybootloader.o
LOAD .\CortexM0\ARM_GCC_484\Debug\cymetadata.o
LOAD .\CortexM0\ARM_GCC_484\Debug\Cm0Start.o
LOAD .\CortexM0\ARM_GCC_484\Debug\arm_controller_v2.a
LOAD C:\Program Files (x86)\Cypress\PSoC Creator\3.1\PSoC Creator\psoc\content\cycomponentlibrary\CyComponentLibrary.cylib\CortexM0\ARM_GCC_484\Debug\CyComponentLibrary.a
END GROUP
START GROUP
LOAD c:/program files (x86)/cypress/psoc creator/3.1/psoc creator/import/gnu_cs/arm/4.8.4/bin/../lib/gcc/arm-none-eabi/4.8.4/armv6-m\libgcc.a
LOAD c:/program files (x86)/cypress/psoc creator/3.1/psoc creator/import/gnu_cs/arm/4.8.4/bin/../lib/gcc/arm-none-eabi/4.8.4/../../../../arm-none-eabi/lib/armv6-m\libg_s.a
LOAD c:/program files (x86)/cypress/psoc creator/3.1/psoc creator/import/gnu_cs/arm/4.8.4/bin/../lib/gcc/arm-none-eabi/4.8.4/../../../../arm-none-eabi/lib/armv6-m\libc_s.a
END GROUP
START GROUP
LOAD c:/program files (x86)/cypress/psoc creator/3.1/psoc creator/import/gnu_cs/arm/4.8.4/bin/../lib/gcc/arm-none-eabi/4.8.4/armv6-m\libgcc.a
LOAD c:/program files (x86)/cypress/psoc creator/3.1/psoc creator/import/gnu_cs/arm/4.8.4/bin/../lib/gcc/arm-none-eabi/4.8.4/../../../../arm-none-eabi/lib/armv6-m\libc_s.a
END GROUP
LOAD c:/program files (x86)/cypress/psoc creator/3.1/psoc creator/import/gnu_cs/arm/4.8.4/bin/../lib/gcc/arm-none-eabi/4.8.4/armv6-m/crtend.o
LOAD c:/program files (x86)/cypress/psoc creator/3.1/psoc creator/import/gnu_cs/arm/4.8.4/bin/../lib/gcc/arm-none-eabi/4.8.4/armv6-m/crtn.o
START GROUP
LOAD c:/program files (x86)/cypress/psoc creator/3.1/psoc creator/import/gnu_cs/arm/4.8.4/bin/../lib/gcc/arm-none-eabi/4.8.4/armv6-m\libgcc.a
LOAD c:/program files (x86)/cypress/psoc creator/3.1/psoc creator/import/gnu_cs/arm/4.8.4/bin/../lib/gcc/arm-none-eabi/4.8.4/../../../../arm-none-eabi/lib/armv6-m\libc.a
LOAD c:/program files (x86)/cypress/psoc creator/3.1/psoc creator/import/gnu_cs/arm/4.8.4/bin/../lib/gcc/arm-none-eabi/4.8.4/../../../../arm-none-eabi/lib/armv6-m\libnosys.a
END GROUP
                0x00000000                CY_APPL_ORIGIN = 0x0
                0x00000080                CY_FLASH_ROW_SIZE = 0x80
                0x00000001                CY_APPL_NUM = 0x1
                0x00000040                CY_METADATA_SIZE = 0x40
                0x20000140                PROVIDE (__cy_heap_start, _end)
                0x00000001                PROVIDE (__cy_region_num, ((__cy_regions_end - __cy_regions) / 0x10))
                0x20001000                PROVIDE (__cy_stack, (ORIGIN (ram) + 0x1000))
                0x20000c00                PROVIDE (__cy_heap_end, (__cy_stack - 0x400))

.cybootloader   0x00000000      0xf00
 *(.cybootloader)
 .cybootloader  0x00000000      0xf00 .\CortexM0\ARM_GCC_484\Debug\cybootloader.o
                0x00000000                cy_bootloader
                0x00000f00                appl1_start = CY_APPL_ORIGIN?CY_APPL_ORIGIN:ALIGN (CY_FLASH_ROW_SIZE)
                0x00004700                appl2_start = (appl1_start + ALIGN ((((0x8000 - appl1_start) - (0x2 * CY_FLASH_ROW_SIZE)) / 0x2), CY_FLASH_ROW_SIZE))
                0x00000f00                appl_start = (CY_APPL_NUM == 0x1)?appl1_start:appl2_start

.text           0x00000f00      0xf50
 CREATE_OBJECT_SYMBOLS
                0x00000f00                PROVIDE (__cy_interrupt_vector, RomVectors)
 *(.romvectors)
 .romvectors    0x00000f00       0x10 .\CortexM0\ARM_GCC_484\Debug\Cm0Start.o
                0x00000f00                RomVectors
                0x00000001                ASSERT ((. != __cy_interrupt_vector), No interrupt vector)
                0x00000001                ASSERT (CY_APPL_ORIGIN?(SIZEOF (.cybootloader) <= CY_APPL_ORIGIN):0x1, Wrong image location)
                0x00000f10                PROVIDE (__cy_reset, Reset)
 *(.text.Reset)
 .text.Reset    0x00000f10       0x14 .\CortexM0\ARM_GCC_484\Debug\Cm0Start.o
                0x00000f10                Reset
                0x00000001                ASSERT ((. != __cy_reset), No reset code)
 *(.psocinit)
 .psocinit      0x00000f24      0x288 .\CortexM0\ARM_GCC_484\Debug\arm_controller_v2.a(cyfitter_cfg.o)
                0x00001080                cyfitter_cfg
                0x000011ac                . = MAX (., 0x100)
 *(.text .text.* .gnu.linkonce.t.*)
 .text          0x000011ac       0x60 c:/program files (x86)/cypress/psoc creator/3.1/psoc creator/import/gnu_cs/arm/4.8.4/bin/../lib/gcc/arm-none-eabi/4.8.4/armv6-m/crtbegin.o
 .text.timer_isr
                0x0000120c       0x28 .\CortexM0\ARM_GCC_484\Debug\main.o
                0x0000120c                timer_isr
 .text.fill_data_array
                0x00001234      0x110 .\CortexM0\ARM_GCC_484\Debug\main.o
                0x00001234                fill_data_array
 .text.led      0x00001344       0x88 .\CortexM0\ARM_GCC_484\Debug\main.o
                0x00001344                led
 .text.servo    0x000013cc       0x88 .\CortexM0\ARM_GCC_484\Debug\main.o
                0x000013cc                servo
 .text.main     0x00001454       0x4c .\CortexM0\ARM_GCC_484\Debug\main.o
                0x00001454                main
 .text.IntDefaultHandler
                0x000014a0        0x8 .\CortexM0\ARM_GCC_484\Debug\Cm0Start.o
                0x000014a0                IntDefaultHandler
 .text.Start_c  0x000014a8       0x98 .\CortexM0\ARM_GCC_484\Debug\Cm0Start.o
                0x000014a8                Start_c
 .text.initialize_psoc
                0x00001540       0x74 .\CortexM0\ARM_GCC_484\Debug\Cm0Start.o
                0x00001540                initialize_psoc
 .text.CYMEMZERO
                0x000015b4       0x20 .\CortexM0\ARM_GCC_484\Debug\arm_controller_v2.a(cyfitter_cfg.o)
 .text.cfg_write_bytes32
                0x000015d4       0x80 .\CortexM0\ARM_GCC_484\Debug\arm_controller_v2.a(cyfitter_cfg.o)
 .text.AnalogSetDefault
                0x00001654        0x8 .\CortexM0\ARM_GCC_484\Debug\arm_controller_v2.a(cyfitter_cfg.o)
 .text.Clock_counter_Start
                0x0000165c       0x1c .\CortexM0\ARM_GCC_484\Debug\arm_controller_v2.a(Clock_counter.o)
                0x0000165c                Clock_counter_Start
 .text.Clock_pwm_Start
                0x00001678       0x1c .\CortexM0\ARM_GCC_484\Debug\arm_controller_v2.a(Clock_pwm.o)
                0x00001678                Clock_pwm_Start
 .text.isr_1_StartEx
                0x00001694       0x24 .\CortexM0\ARM_GCC_484\Debug\arm_controller_v2.a(isr_1.o)
                0x00001694                isr_1_StartEx
 .text.isr_1_SetVector
                0x000016b8       0x1c .\CortexM0\ARM_GCC_484\Debug\arm_controller_v2.a(isr_1.o)
                0x000016b8                isr_1_SetVector
 .text.isr_1_SetPriority
                0x000016d4       0x50 .\CortexM0\ARM_GCC_484\Debug\arm_controller_v2.a(isr_1.o)
                0x000016d4                isr_1_SetPriority
 .text.isr_1_Enable
                0x00001724       0x14 .\CortexM0\ARM_GCC_484\Debug\arm_controller_v2.a(isr_1.o)
                0x00001724                isr_1_Enable
 .text.isr_1_Disable
                0x00001738       0x14 .\CortexM0\ARM_GCC_484\Debug\arm_controller_v2.a(isr_1.o)
                0x00001738                isr_1_Disable
 .text.PWM_1_Start
                0x0000174c       0x24 .\CortexM0\ARM_GCC_484\Debug\arm_controller_v2.a(PWM_1.o)
                0x0000174c                PWM_1_Start
 .text.PWM_1_Init
                0x00001770       0xac .\CortexM0\ARM_GCC_484\Debug\arm_controller_v2.a(PWM_1.o)
                0x00001770                PWM_1_Init
 .text.PWM_1_Enable
                0x0000181c       0x20 .\CortexM0\ARM_GCC_484\Debug\arm_controller_v2.a(PWM_1.o)
                0x0000181c                PWM_1_Enable
 .text.PWM_1_WriteCounter
                0x0000183c       0x20 .\CortexM0\ARM_GCC_484\Debug\arm_controller_v2.a(PWM_1.o)
                0x0000183c                PWM_1_WriteCounter
 .text.PWM_1_ClearFIFO
                0x0000185c       0x1c .\CortexM0\ARM_GCC_484\Debug\arm_controller_v2.a(PWM_1.o)
                0x0000185c                PWM_1_ClearFIFO
 .text.PWM_1_WritePeriod
                0x00001878       0x20 .\CortexM0\ARM_GCC_484\Debug\arm_controller_v2.a(PWM_1.o)
                0x00001878                PWM_1_WritePeriod
 .text.PWM_1_WriteCompare1
                0x00001898       0x20 .\CortexM0\ARM_GCC_484\Debug\arm_controller_v2.a(PWM_1.o)
                0x00001898                PWM_1_WriteCompare1
 .text.PWM_1_WriteCompare2
                0x000018b8       0x20 .\CortexM0\ARM_GCC_484\Debug\arm_controller_v2.a(PWM_1.o)
                0x000018b8                PWM_1_WriteCompare2
 .text.PWM_1_SetInterruptMode
                0x000018d8       0x20 .\CortexM0\ARM_GCC_484\Debug\arm_controller_v2.a(PWM_1.o)
                0x000018d8                PWM_1_SetInterruptMode
 .text.PWM_1_ReadStatusRegister
                0x000018f8       0x14 .\CortexM0\ARM_GCC_484\Debug\arm_controller_v2.a(PWM_1.o)
                0x000018f8                PWM_1_ReadStatusRegister
 .text.PWM_1_ReadCapture
                0x0000190c       0x14 .\CortexM0\ARM_GCC_484\Debug\arm_controller_v2.a(PWM_1.o)
                0x0000190c                PWM_1_ReadCapture
 .text.Timer_1_Init
                0x00001920       0x38 .\CortexM0\ARM_GCC_484\Debug\arm_controller_v2.a(Timer_1.o)
                0x00001920                Timer_1_Init
 .text.Timer_1_Enable
                0x00001958       0x38 .\CortexM0\ARM_GCC_484\Debug\arm_controller_v2.a(Timer_1.o)
                0x00001958                Timer_1_Enable
 .text.Timer_1_Start
                0x00001990       0x24 .\CortexM0\ARM_GCC_484\Debug\arm_controller_v2.a(Timer_1.o)
                0x00001990                Timer_1_Start
 .text.Timer_1_WriteCounter
                0x000019b4       0x1c .\CortexM0\ARM_GCC_484\Debug\arm_controller_v2.a(Timer_1.o)
                0x000019b4                Timer_1_WriteCounter
 .text.Timer_1_WritePeriod
                0x000019d0       0x1c .\CortexM0\ARM_GCC_484\Debug\arm_controller_v2.a(Timer_1.o)
                0x000019d0                Timer_1_WritePeriod
 .text.Timer_1_TriggerCommand
                0x000019ec       0x3c .\CortexM0\ARM_GCC_484\Debug\arm_controller_v2.a(Timer_1.o)
                0x000019ec                Timer_1_TriggerCommand
 .text.Timer_1_SetInterruptMode
                0x00001a28       0x18 .\CortexM0\ARM_GCC_484\Debug\arm_controller_v2.a(Timer_1.o)
                0x00001a28                Timer_1_SetInterruptMode
 .text.Timer_1_GetInterruptSourceMasked
                0x00001a40       0x14 .\CortexM0\ARM_GCC_484\Debug\arm_controller_v2.a(Timer_1.o)
                0x00001a40                Timer_1_GetInterruptSourceMasked
 .text.Timer_1_ClearInterrupt
                0x00001a54       0x18 .\CortexM0\ARM_GCC_484\Debug\arm_controller_v2.a(Timer_1.o)
                0x00001a54                Timer_1_ClearInterrupt
 *fill*         0x00001a6c        0x4 
 .text          0x00001a70       0x28 .\CortexM0\ARM_GCC_484\Debug\arm_controller_v2.a(CyBootAsmGnu.o)
                0x00001a70                CyDelayCycles
                0x00001a84                CyEnterCriticalSection
                0x00001a8c                CyExitCriticalSection
 .text.CyDelayUs
                0x00001a98       0x28 .\CortexM0\ARM_GCC_484\Debug\arm_controller_v2.a(CyLib.o)
                0x00001a98                CyDelayUs
 .text.UART_1_Init
                0x00001ac0        0xc .\CortexM0\ARM_GCC_484\Debug\arm_controller_v2.a(UART_1.o)
                0x00001ac0                UART_1_Init
 .text.UART_1_Enable
                0x00001acc       0x20 .\CortexM0\ARM_GCC_484\Debug\arm_controller_v2.a(UART_1.o)
                0x00001acc                UART_1_Enable
 .text.UART_1_Start
                0x00001aec       0x24 .\CortexM0\ARM_GCC_484\Debug\arm_controller_v2.a(UART_1.o)
                0x00001aec                UART_1_Start
 .text.UART_1_ScbEnableIntr
                0x00001b10        0x8 .\CortexM0\ARM_GCC_484\Debug\arm_controller_v2.a(UART_1.o)
 .text.UART_1_UartInit
                0x00001b18       0xa8 .\CortexM0\ARM_GCC_484\Debug\arm_controller_v2.a(UART_1_UART.o)
                0x00001b18                UART_1_UartInit
 .text.UART_1_UartGetChar
                0x00001bc0       0x44 .\CortexM0\ARM_GCC_484\Debug\arm_controller_v2.a(UART_1_UART.o)
                0x00001bc0                UART_1_UartGetChar
 .text.PWM_2_Start
                0x00001c04       0x24 .\CortexM0\ARM_GCC_484\Debug\arm_controller_v2.a(PWM_2.o)
                0x00001c04                PWM_2_Start
 .text.PWM_2_Init
                0x00001c28       0x88 .\CortexM0\ARM_GCC_484\Debug\arm_controller_v2.a(PWM_2.o)
                0x00001c28                PWM_2_Init
 .text.PWM_2_Enable
                0x00001cb0       0x20 .\CortexM0\ARM_GCC_484\Debug\arm_controller_v2.a(PWM_2.o)
                0x00001cb0                PWM_2_Enable
 .text.PWM_2_WriteCounter
                0x00001cd0       0x20 .\CortexM0\ARM_GCC_484\Debug\arm_controller_v2.a(PWM_2.o)
                0x00001cd0                PWM_2_WriteCounter
 .text.PWM_2_ClearFIFO
                0x00001cf0       0x1c .\CortexM0\ARM_GCC_484\Debug\arm_controller_v2.a(PWM_2.o)
                0x00001cf0                PWM_2_ClearFIFO
 .text.PWM_2_WritePeriod
                0x00001d0c       0x20 .\CortexM0\ARM_GCC_484\Debug\arm_controller_v2.a(PWM_2.o)
                0x00001d0c                PWM_2_WritePeriod
 .text.PWM_2_WriteCompare1
                0x00001d2c       0x20 .\CortexM0\ARM_GCC_484\Debug\arm_controller_v2.a(PWM_2.o)
                0x00001d2c                PWM_2_WriteCompare1
 .text.PWM_2_WriteCompare2
                0x00001d4c       0x20 .\CortexM0\ARM_GCC_484\Debug\arm_controller_v2.a(PWM_2.o)
                0x00001d4c                PWM_2_WriteCompare2
 .text.PWM_2_SetInterruptMode
                0x00001d6c       0x20 .\CortexM0\ARM_GCC_484\Debug\arm_controller_v2.a(PWM_2.o)
                0x00001d6c                PWM_2_SetInterruptMode
 .text.PWM_2_ReadStatusRegister
                0x00001d8c       0x14 .\CortexM0\ARM_GCC_484\Debug\arm_controller_v2.a(PWM_2.o)
                0x00001d8c                PWM_2_ReadStatusRegister
 .text.PWM_2_ReadCapture
                0x00001da0       0x14 .\CortexM0\ARM_GCC_484\Debug\arm_controller_v2.a(PWM_2.o)
                0x00001da0                PWM_2_ReadCapture
 .text.UART_1_SpiUartReadRxData
                0x00001db4       0x20 .\CortexM0\ARM_GCC_484\Debug\arm_controller_v2.a(UART_1_SPI_UART.o)
                0x00001db4                UART_1_SpiUartReadRxData
 .text.UART_1_SpiUartGetRxBufferSize
                0x00001dd4       0x20 .\CortexM0\ARM_GCC_484\Debug\arm_controller_v2.a(UART_1_SPI_UART.o)
                0x00001dd4                UART_1_SpiUartGetRxBufferSize
 .text.__libc_init_array
                0x00001df4       0x4c c:/program files (x86)/cypress/psoc creator/3.1/psoc creator/import/gnu_cs/arm/4.8.4/bin/../lib/gcc/arm-none-eabi/4.8.4/../../../../arm-none-eabi/lib/armv6-m\libg_s.a(lib_a-init.o)
                0x00001df4                __libc_init_array
 .text.memset   0x00001e40       0x10 c:/program files (x86)/cypress/psoc creator/3.1/psoc creator/import/gnu_cs/arm/4.8.4/bin/../lib/gcc/arm-none-eabi/4.8.4/../../../../arm-none-eabi/lib/armv6-m\libg_s.a(lib_a-memset.o)
                0x00001e40                memset
 *(.plt)
 *(.gnu.warning)
 *(.glue_7t)
 .glue_7t       0x00000000        0x0 linker stubs
 *(.glue_7)
 .glue_7        0x00000000        0x0 linker stubs
 *(.vfp11_veneer)
 .vfp11_veneer  0x00000000        0x0 linker stubs
 *(.bootloader)
 *(.ARM.extab* .gnu.linkonce.armextab.*)
 *(.gcc_except_table)

.v4_bx          0x00001e50        0x0
 .v4_bx         0x00000000        0x0 linker stubs

.iplt           0x00001e50        0x0
 .iplt          0x00000000        0x0 c:/program files (x86)/cypress/psoc creator/3.1/psoc creator/import/gnu_cs/arm/4.8.4/bin/../lib/gcc/arm-none-eabi/4.8.4/armv6-m/crtbegin.o

.eh_frame_hdr
 *(.eh_frame_hdr)

.eh_frame       0x00001e50        0x4
 *(.eh_frame)
 .eh_frame      0x00001e50        0x0 c:/program files (x86)/cypress/psoc creator/3.1/psoc creator/import/gnu_cs/arm/4.8.4/bin/../lib/gcc/arm-none-eabi/4.8.4/armv6-m/crtbegin.o
 .eh_frame      0x00001e50        0x4 c:/program files (x86)/cypress/psoc creator/3.1/psoc creator/import/gnu_cs/arm/4.8.4/bin/../lib/gcc/arm-none-eabi/4.8.4/armv6-m/crtend.o
                0x00001e54                PROVIDE (__exidx_start, .)

.ARM.exidx
 *(.ARM.exidx* .gnu.linkonce.armexidx.*)
                0x00001e54                __exidx_end = .

.rodata         0x00001e54      0x204
 *(.rodata .rodata.* .gnu.linkonce.r.*)
 .rodata        0x00001e54      0x1d0 .\CortexM0\ARM_GCC_484\Debug\arm_controller_v2.a(cyfitter_cfg.o)
                0x00002024                . = ALIGN (0x4)
 *(.init)
 .init          0x00002024        0x4 c:/program files (x86)/cypress/psoc creator/3.1/psoc creator/import/gnu_cs/arm/4.8.4/bin/../lib/gcc/arm-none-eabi/4.8.4/armv6-m/crti.o
                0x00002024                _init
 .init          0x00002028        0x8 c:/program files (x86)/cypress/psoc creator/3.1/psoc creator/import/gnu_cs/arm/4.8.4/bin/../lib/gcc/arm-none-eabi/4.8.4/armv6-m/crtn.o
                0x00002030                . = ALIGN (0x4)
                0x00002030                __preinit_array_start = .
 *(.preinit_array)
                0x00002030                __preinit_array_end = .
                0x00002030                . = ALIGN (0x4)
                0x00002030                __init_array_start = .
 *(SORT(.init_array.*))
 *(.init_array)
 .init_array    0x00002030        0x4 c:/program files (x86)/cypress/psoc creator/3.1/psoc creator/import/gnu_cs/arm/4.8.4/bin/../lib/gcc/arm-none-eabi/4.8.4/armv6-m/crtbegin.o
 .init_array    0x00002034        0x4 .\CortexM0\ARM_GCC_484\Debug\Cm0Start.o
                0x00002038                __init_array_end = .
                0x00002038                . = ALIGN (0x4)
 *(.fini)
 .fini          0x00002038        0x4 c:/program files (x86)/cypress/psoc creator/3.1/psoc creator/import/gnu_cs/arm/4.8.4/bin/../lib/gcc/arm-none-eabi/4.8.4/armv6-m/crti.o
                0x00002038                _fini
 .fini          0x0000203c        0x8 c:/program files (x86)/cypress/psoc creator/3.1/psoc creator/import/gnu_cs/arm/4.8.4/bin/../lib/gcc/arm-none-eabi/4.8.4/armv6-m/crtn.o
                0x00002044                . = ALIGN (0x4)
                0x00002044                __fini_array_start = .
 *(.fini_array)
 .fini_array    0x00002044        0x4 c:/program files (x86)/cypress/psoc creator/3.1/psoc creator/import/gnu_cs/arm/4.8.4/bin/../lib/gcc/arm-none-eabi/4.8.4/armv6-m/crtbegin.o
 *(SORT(.fini_array.*))
                0x00002048                __fini_array_end = .
                0x00002048                . = ALIGN (0x4)
 *crtbegin.o(.ctors)
 *(EXCLUDE_FILE(*crtend.o) .ctors)
 *(SORT(.ctors.*))
 *crtend.o(.ctors)
                0x00002048                . = ALIGN (0x4)
 *crtbegin.o(.dtors)
 *(EXCLUDE_FILE(*crtend.o) .dtors)
 *(SORT(.dtors.*))
 *crtend.o(.dtors)
                0x00002048                . = ALIGN (0x4)
                0x00002048                __cy_regions = .
                0x00002048        0x4 LONG 0x2058 __cy_region_init_ram
                0x0000204c        0x4 LONG 0x200000d0 __cy_region_start_data
                0x00002050        0x4 LONG 0x18 __cy_region_init_size_ram
                0x00002054        0x4 LONG 0x58 __cy_region_zero_size_ram
                0x00002058                __cy_regions_end = .
                0x00002058                . = ALIGN (0x8)
                0x00002058                _etext = .

.ramvectors     0x20000000       0xc0
                0x20000000                __cy_region_start_ram = .
 *(.ramvectors)
 .ramvectors    0x20000000       0xc0 .\CortexM0\ARM_GCC_484\Debug\Cm0Start.o
                0x20000000                CyRamVectors

.btldr_run      0x200000c0        0x4
 *(.bootloaderruntype)
 .bootloaderruntype
                0x200000c0        0x4 .\CortexM0\ARM_GCC_484\Debug\Cm0Start.o
                0x200000c0                cyBtldrRunType

.noinit         0x200000c8        0x4
 *(.noinit)
 .noinit        0x200000c8        0x4 .\CortexM0\ARM_GCC_484\Debug\Cm0Start.o

.data           0x200000d0       0x18 load address 0x00002058
                0x200000d0                __cy_region_start_data = .
 *(.jcr)
 .jcr           0x200000d0        0x0 c:/program files (x86)/cypress/psoc creator/3.1/psoc creator/import/gnu_cs/arm/4.8.4/bin/../lib/gcc/arm-none-eabi/4.8.4/armv6-m/crtbegin.o
 .jcr           0x200000d0        0x4 c:/program files (x86)/cypress/psoc creator/3.1/psoc creator/import/gnu_cs/arm/4.8.4/bin/../lib/gcc/arm-none-eabi/4.8.4/armv6-m/crtend.o
 *(.got.plt)
 *(.got)
 *(.shdata)
 *(.data .data.* .gnu.linkonce.d.*)
 .data          0x200000d4        0x4 .\CortexM0\ARM_GCC_484\Debug\arm_controller_v2.a(cyfitter_cfg.o)
 .data          0x200000d8       0x10 .\CortexM0\ARM_GCC_484\Debug\arm_controller_v2.a(CyLib.o)
                0x200000d8                cydelayFreqHz
                0x200000dc                cydelayFreqKhz
                0x200000e0                cydelayFreqMhz
                0x200000e4                cydelay32kMs
                0x200000e8                . = ALIGN (0x8)
 *(.ram)
                0x200000e8                _edata = .

.igot.plt       0x200000e8        0x0 load address 0x00002070
 .igot.plt      0x00000000        0x0 c:/program files (x86)/cypress/psoc creator/3.1/psoc creator/import/gnu_cs/arm/4.8.4/bin/../lib/gcc/arm-none-eabi/4.8.4/armv6-m/crtbegin.o

.bss            0x200000e8       0x58 load address 0x00002070
                0x200000e8                PROVIDE (__bss_start__, .)
 *(.shbss)
 *(.bss .bss.* .gnu.linkonce.b.*)
 .bss           0x200000e8       0x1c c:/program files (x86)/cypress/psoc creator/3.1/psoc creator/import/gnu_cs/arm/4.8.4/bin/../lib/gcc/arm-none-eabi/4.8.4/armv6-m/crtbegin.o
 .bss           0x20000104        0x1 .\CortexM0\ARM_GCC_484\Debug\arm_controller_v2.a(PWM_1.o)
                0x20000104                PWM_1_initVar
 .bss           0x20000105        0x1 .\CortexM0\ARM_GCC_484\Debug\arm_controller_v2.a(Timer_1.o)
                0x20000105                Timer_1_initVar
 *fill*         0x20000106        0x2 
 .bss           0x20000108        0x8 .\CortexM0\ARM_GCC_484\Debug\arm_controller_v2.a(UART_1.o)
                0x20000108                UART_1_initVar
                0x2000010c                UART_1_customIntrHandler
 .bss           0x20000110        0x1 .\CortexM0\ARM_GCC_484\Debug\arm_controller_v2.a(PWM_2.o)
                0x20000110                PWM_2_initVar
 *(COMMON)
 *fill*         0x20000111        0x3 
 COMMON         0x20000114       0x27 .\CortexM0\ARM_GCC_484\Debug\main.o
                0x20000114                led_state
                0x20000115                servo_state
                0x20000118                data_array
                0x20000134                wristTilt_state
                0x20000135                motor_state
                0x20000136                feedback_count
                0x20000138                timerFlag
                0x20000139                shldr_state
                0x2000013a                wristRotate_state
                0x20000140                . = ALIGN (0x8)
 *fill*         0x2000013b        0x5 
 *(.ram.b)
                0x20000140                _end = .
                0x20000140                __end = .
                0x20000140                PROVIDE (end, .)
                0x20000140                PROVIDE (__bss_end__, .)
                0x00002058                __cy_region_init_ram = LOADADDR (.data)
                0x00000018                __cy_region_init_size_ram = (_edata - ADDR (.data))
                0x00000058                __cy_region_zero_size_ram = (_end - _edata)

.heap           0x20000140       0x80 load address 0x00002070
                0x20000140                . = _end
                0x200001c0                . = (. + 0x80)
 *fill*         0x20000140       0x80 
                0x200001c0                __cy_heap_limit = .

.stack          0x20000c00      0x400
                0x20000c00                __cy_stack_limit = .
                0x20001000                . = (. + 0x400)
 *fill*         0x20000c00      0x400 
                0x00000001                ASSERT ((__cy_stack_limit >= __cy_heap_limit), region RAM overflowed with stack)

.cyloadermeta   0xf0000000       0x40
 *(.cyloadermeta)
 .cyloadermeta  0xf0000000       0x40 .\CortexM0\ARM_GCC_484\Debug\cybootloader.o
                0xf0000000                cy_meta_loader

.cyloadablemeta
                0x00007fc0       0x40
 *(.cyloadablemeta)
 .cyloadablemeta
                0x00007fc0       0x40 .\CortexM0\ARM_GCC_484\Debug\cymetadata.o
                0x00007fc0                cy_meta_loadable

.cyflashprotect
                0x90400000       0x20
 *(.cyflashprotect)
 .cyflashprotect
                0x90400000       0x20 .\CortexM0\ARM_GCC_484\Debug\cybootloader.o
                0x90400000                cy_meta_flashprotect

.cymeta         0x90500000        0xc
 *(.cymeta)
 .cymeta        0x90500000        0xc .\CortexM0\ARM_GCC_484\Debug\cybootloader.o
                0x90500000                cy_metadata

.cychipprotect  0x90600000        0x4
 *(.cychipprotect)
 .cychipprotect
                0x90600000        0x4 .\CortexM0\ARM_GCC_484\Debug\cybootloader.o
                0x90600000                cy_meta_chipprotect

.rel.dyn        0x00008000        0x0 load address 0x90600004
 .rel.iplt      0x00000000        0x0 c:/program files (x86)/cypress/psoc creator/3.1/psoc creator/import/gnu_cs/arm/4.8.4/bin/../lib/gcc/arm-none-eabi/4.8.4/armv6-m/crtbegin.o

.stab
 *(.stab)

.stabstr
 *(.stabstr)

.debug
 *(.debug)

.line
 *(.line)

.debug_srcinfo
 *(.debug_srcinfo)

.debug_sfnames
 *(.debug_sfnames)

.debug_aranges  0x00000000      0x858
 *(.debug_aranges)
 .debug_aranges
                0x00000000       0x78 .\CortexM0\ARM_GCC_484\Debug\main.o
 .debug_aranges
                0x00000078       0x18 .\CortexM0\ARM_GCC_484\Debug\cybootloader.o
 .debug_aranges
                0x00000090       0x18 .\CortexM0\ARM_GCC_484\Debug\cymetadata.o
 .debug_aranges
                0x000000a8       0x48 .\CortexM0\ARM_GCC_484\Debug\Cm0Start.o
 .debug_aranges
                0x000000f0       0x58 .\CortexM0\ARM_GCC_484\Debug\arm_controller_v2.a(cyfitter_cfg.o)
 .debug_aranges
                0x00000148       0x40 .\CortexM0\ARM_GCC_484\Debug\arm_controller_v2.a(Clock_counter.o)
 .debug_aranges
                0x00000188       0x40 .\CortexM0\ARM_GCC_484\Debug\arm_controller_v2.a(Clock_pwm.o)
 .debug_aranges
                0x000001c8       0x80 .\CortexM0\ARM_GCC_484\Debug\arm_controller_v2.a(isr_1.o)
 .debug_aranges
                0x00000248       0xa8 .\CortexM0\ARM_GCC_484\Debug\arm_controller_v2.a(PWM_1.o)
 .debug_aranges
                0x000002f0      0x158 .\CortexM0\ARM_GCC_484\Debug\arm_controller_v2.a(Timer_1.o)
 .debug_aranges
                0x00000448       0x20 .\CortexM0\ARM_GCC_484\Debug\arm_controller_v2.a(CyBootAsmGnu.o)
 .debug_aranges
                0x00000468      0x230 .\CortexM0\ARM_GCC_484\Debug\arm_controller_v2.a(CyLib.o)
 .debug_aranges
                0x00000698       0x68 .\CortexM0\ARM_GCC_484\Debug\arm_controller_v2.a(UART_1.o)
 .debug_aranges
                0x00000700       0x50 .\CortexM0\ARM_GCC_484\Debug\arm_controller_v2.a(UART_1_UART.o)
 .debug_aranges
                0x00000750       0xa8 .\CortexM0\ARM_GCC_484\Debug\arm_controller_v2.a(PWM_2.o)
 .debug_aranges
                0x000007f8       0x60 .\CortexM0\ARM_GCC_484\Debug\arm_controller_v2.a(UART_1_SPI_UART.o)

.debug_pubnames
 *(.debug_pubnames)

.debug_info     0x00000000     0x3109
 *(.debug_info .gnu.linkonce.wi.*)
 .debug_info    0x00000000      0x358 .\CortexM0\ARM_GCC_484\Debug\main.o
 .debug_info    0x00000358      0x14d .\CortexM0\ARM_GCC_484\Debug\cybootloader.o
 .debug_info    0x000004a5       0xb1 .\CortexM0\ARM_GCC_484\Debug\cymetadata.o
 .debug_info    0x00000556      0x310 .\CortexM0\ARM_GCC_484\Debug\Cm0Start.o
 .debug_info    0x00000866      0x442 .\CortexM0\ARM_GCC_484\Debug\arm_controller_v2.a(cyfitter_cfg.o)
 .debug_info    0x00000ca8      0x14d .\CortexM0\ARM_GCC_484\Debug\arm_controller_v2.a(Clock_counter.o)
 .debug_info    0x00000df5      0x14d .\CortexM0\ARM_GCC_484\Debug\arm_controller_v2.a(Clock_pwm.o)
 .debug_info    0x00000f42      0x241 .\CortexM0\ARM_GCC_484\Debug\arm_controller_v2.a(isr_1.o)
 .debug_info    0x00001183      0x2da .\CortexM0\ARM_GCC_484\Debug\arm_controller_v2.a(PWM_1.o)
 .debug_info    0x0000145d      0x6f0 .\CortexM0\ARM_GCC_484\Debug\arm_controller_v2.a(Timer_1.o)
 .debug_info    0x00001b4d       0xad .\CortexM0\ARM_GCC_484\Debug\arm_controller_v2.a(CyBootAsmGnu.o)
 .debug_info    0x00001bfa      0xc5b .\CortexM0\ARM_GCC_484\Debug\arm_controller_v2.a(CyLib.o)
 .debug_info    0x00002855      0x1eb .\CortexM0\ARM_GCC_484\Debug\arm_controller_v2.a(UART_1.o)
 .debug_info    0x00002a40      0x1fe .\CortexM0\ARM_GCC_484\Debug\arm_controller_v2.a(UART_1_UART.o)
 .debug_info    0x00002c3e      0x2be .\CortexM0\ARM_GCC_484\Debug\arm_controller_v2.a(PWM_2.o)
 .debug_info    0x00002efc      0x20d .\CortexM0\ARM_GCC_484\Debug\arm_controller_v2.a(UART_1_SPI_UART.o)

.debug_abbrev   0x00000000     0x1155
 *(.debug_abbrev)
 .debug_abbrev  0x00000000      0x14f .\CortexM0\ARM_GCC_484\Debug\main.o
 .debug_abbrev  0x0000014f       0x77 .\CortexM0\ARM_GCC_484\Debug\cybootloader.o
 .debug_abbrev  0x000001c6       0x5d .\CortexM0\ARM_GCC_484\Debug\cymetadata.o
 .debug_abbrev  0x00000223      0x1c5 .\CortexM0\ARM_GCC_484\Debug\Cm0Start.o
 .debug_abbrev  0x000003e8      0x18a .\CortexM0\ARM_GCC_484\Debug\arm_controller_v2.a(cyfitter_cfg.o)
 .debug_abbrev  0x00000572       0xb5 .\CortexM0\ARM_GCC_484\Debug\arm_controller_v2.a(Clock_counter.o)
 .debug_abbrev  0x00000627       0xb5 .\CortexM0\ARM_GCC_484\Debug\arm_controller_v2.a(Clock_pwm.o)
 .debug_abbrev  0x000006dc      0x168 .\CortexM0\ARM_GCC_484\Debug\arm_controller_v2.a(isr_1.o)
 .debug_abbrev  0x00000844      0x13b .\CortexM0\ARM_GCC_484\Debug\arm_controller_v2.a(PWM_1.o)
 .debug_abbrev  0x0000097f      0x109 .\CortexM0\ARM_GCC_484\Debug\arm_controller_v2.a(Timer_1.o)
 .debug_abbrev  0x00000a88       0x14 .\CortexM0\ARM_GCC_484\Debug\arm_controller_v2.a(CyBootAsmGnu.o)
 .debug_abbrev  0x00000a9c      0x207 .\CortexM0\ARM_GCC_484\Debug\arm_controller_v2.a(CyLib.o)
 .debug_abbrev  0x00000ca3      0x122 .\CortexM0\ARM_GCC_484\Debug\arm_controller_v2.a(UART_1.o)
 .debug_abbrev  0x00000dc5       0xf9 .\CortexM0\ARM_GCC_484\Debug\arm_controller_v2.a(UART_1_UART.o)
 .debug_abbrev  0x00000ebe      0x13b .\CortexM0\ARM_GCC_484\Debug\arm_controller_v2.a(PWM_2.o)
 .debug_abbrev  0x00000ff9      0x15c .\CortexM0\ARM_GCC_484\Debug\arm_controller_v2.a(UART_1_SPI_UART.o)

.debug_line     0x00000000     0x1a01
 *(.debug_line)
 .debug_line    0x00000000      0x1ab .\CortexM0\ARM_GCC_484\Debug\main.o
 .debug_line    0x000001ab       0x55 .\CortexM0\ARM_GCC_484\Debug\cybootloader.o
 .debug_line    0x00000200       0x53 .\CortexM0\ARM_GCC_484\Debug\cymetadata.o
 .debug_line    0x00000253      0x1bc .\CortexM0\ARM_GCC_484\Debug\Cm0Start.o
 .debug_line    0x0000040f      0x1ae .\CortexM0\ARM_GCC_484\Debug\arm_controller_v2.a(cyfitter_cfg.o)
 .debug_line    0x000005bd       0xb6 .\CortexM0\ARM_GCC_484\Debug\arm_controller_v2.a(Clock_counter.o)
 .debug_line    0x00000673       0xb2 .\CortexM0\ARM_GCC_484\Debug\arm_controller_v2.a(Clock_pwm.o)
 .debug_line    0x00000725      0x154 .\CortexM0\ARM_GCC_484\Debug\arm_controller_v2.a(isr_1.o)
 .debug_line    0x00000879      0x1b2 .\CortexM0\ARM_GCC_484\Debug\arm_controller_v2.a(PWM_1.o)
 .debug_line    0x00000a2b      0x370 .\CortexM0\ARM_GCC_484\Debug\arm_controller_v2.a(Timer_1.o)
 .debug_line    0x00000d9b       0x69 .\CortexM0\ARM_GCC_484\Debug\arm_controller_v2.a(CyBootAsmGnu.o)
 .debug_line    0x00000e04      0x703 .\CortexM0\ARM_GCC_484\Debug\arm_controller_v2.a(CyLib.o)
 .debug_line    0x00001507      0x121 .\CortexM0\ARM_GCC_484\Debug\arm_controller_v2.a(UART_1.o)
 .debug_line    0x00001628      0x103 .\CortexM0\ARM_GCC_484\Debug\arm_controller_v2.a(UART_1_UART.o)
 .debug_line    0x0000172b      0x1af .\CortexM0\ARM_GCC_484\Debug\arm_controller_v2.a(PWM_2.o)
 .debug_line    0x000018da      0x127 .\CortexM0\ARM_GCC_484\Debug\arm_controller_v2.a(UART_1_SPI_UART.o)

.debug_frame    0x00000000     0x1c18
 *(.debug_frame)
 .debug_frame   0x00000000      0x174 .\CortexM0\ARM_GCC_484\Debug\main.o
 .debug_frame   0x00000174       0xc8 .\CortexM0\ARM_GCC_484\Debug\Cm0Start.o
 .debug_frame   0x0000023c      0x108 .\CortexM0\ARM_GCC_484\Debug\arm_controller_v2.a(cyfitter_cfg.o)
 .debug_frame   0x00000344       0xa0 .\CortexM0\ARM_GCC_484\Debug\arm_controller_v2.a(Clock_counter.o)
 .debug_frame   0x000003e4       0xa0 .\CortexM0\ARM_GCC_484\Debug\arm_controller_v2.a(Clock_pwm.o)
 .debug_frame   0x00000484      0x190 .\CortexM0\ARM_GCC_484\Debug\arm_controller_v2.a(isr_1.o)
 .debug_frame   0x00000614      0x22c .\CortexM0\ARM_GCC_484\Debug\arm_controller_v2.a(PWM_1.o)
 .debug_frame   0x00000840      0x52c .\CortexM0\ARM_GCC_484\Debug\arm_controller_v2.a(Timer_1.o)
 .debug_frame   0x00000d6c      0x83c .\CortexM0\ARM_GCC_484\Debug\arm_controller_v2.a(CyLib.o)
 .debug_frame   0x000015a8      0x134 .\CortexM0\ARM_GCC_484\Debug\arm_controller_v2.a(UART_1.o)
 .debug_frame   0x000016dc       0xec .\CortexM0\ARM_GCC_484\Debug\arm_controller_v2.a(UART_1_UART.o)
 .debug_frame   0x000017c8      0x22c .\CortexM0\ARM_GCC_484\Debug\arm_controller_v2.a(PWM_2.o)
 .debug_frame   0x000019f4      0x128 .\CortexM0\ARM_GCC_484\Debug\arm_controller_v2.a(UART_1_SPI_UART.o)
 .debug_frame   0x00001b1c       0x20 c:/program files (x86)/cypress/psoc creator/3.1/psoc creator/import/gnu_cs/arm/4.8.4/bin/../lib/gcc/arm-none-eabi/4.8.4/armv6-m\libgcc.a(_udivsi3.o)
 .debug_frame   0x00001b3c       0x20 c:/program files (x86)/cypress/psoc creator/3.1/psoc creator/import/gnu_cs/arm/4.8.4/bin/../lib/gcc/arm-none-eabi/4.8.4/armv6-m\libgcc.a(_divsi3.o)
 .debug_frame   0x00001b5c       0x20 c:/program files (x86)/cypress/psoc creator/3.1/psoc creator/import/gnu_cs/arm/4.8.4/bin/../lib/gcc/arm-none-eabi/4.8.4/../../../../arm-none-eabi/lib/armv6-m\libg_s.a(lib_a-errno.o)
 .debug_frame   0x00001b7c       0x28 c:/program files (x86)/cypress/psoc creator/3.1/psoc creator/import/gnu_cs/arm/4.8.4/bin/../lib/gcc/arm-none-eabi/4.8.4/../../../../arm-none-eabi/lib/armv6-m\libg_s.a(lib_a-exit.o)
 .debug_frame   0x00001ba4       0x2c c:/program files (x86)/cypress/psoc creator/3.1/psoc creator/import/gnu_cs/arm/4.8.4/bin/../lib/gcc/arm-none-eabi/4.8.4/../../../../arm-none-eabi/lib/armv6-m\libg_s.a(lib_a-init.o)
 .debug_frame   0x00001bd0       0x28 c:/program files (x86)/cypress/psoc creator/3.1/psoc creator/import/gnu_cs/arm/4.8.4/bin/../lib/gcc/arm-none-eabi/4.8.4/../../../../arm-none-eabi/lib/armv6-m\libg_s.a(lib_a-memcpy-stub.o)
 .debug_frame   0x00001bf8       0x20 c:/program files (x86)/cypress/psoc creator/3.1/psoc creator/import/gnu_cs/arm/4.8.4/bin/../lib/gcc/arm-none-eabi/4.8.4/../../../../arm-none-eabi/lib/armv6-m\libg_s.a(lib_a-memset.o)

.debug_str      0x00000000     0x1b96
 *(.debug_str)
 .debug_str     0x00000000      0x372 .\CortexM0\ARM_GCC_484\Debug\main.o
                                0x3b6 (size before relaxing)
 .debug_str     0x00000372       0x7a .\CortexM0\ARM_GCC_484\Debug\cybootloader.o
                                0x1f8 (size before relaxing)
 .debug_str     0x000003ec       0x37 .\CortexM0\ARM_GCC_484\Debug\cymetadata.o
                                0x1b5 (size before relaxing)
 .debug_str     0x00000423      0x139 .\CortexM0\ARM_GCC_484\Debug\Cm0Start.o
                                0x2d6 (size before relaxing)
 .debug_str     0x0000055c      0x199 .\CortexM0\ARM_GCC_484\Debug\arm_controller_v2.a(cyfitter_cfg.o)
                                0x361 (size before relaxing)
 .debug_str     0x000006f5       0xef .\CortexM0\ARM_GCC_484\Debug\arm_controller_v2.a(Clock_counter.o)
                                0x278 (size before relaxing)
 .debug_str     0x000007e4       0xaf .\CortexM0\ARM_GCC_484\Debug\arm_controller_v2.a(Clock_pwm.o)
                                0x260 (size before relaxing)
 .debug_str     0x00000893      0x100 .\CortexM0\ARM_GCC_484\Debug\arm_controller_v2.a(isr_1.o)
                                0x2bc (size before relaxing)
 .debug_str     0x00000993      0x1c7 .\CortexM0\ARM_GCC_484\Debug\arm_controller_v2.a(PWM_1.o)
                                0x359 (size before relaxing)
 .debug_str     0x00000b5a      0x437 .\CortexM0\ARM_GCC_484\Debug\arm_controller_v2.a(Timer_1.o)
                                0x5d7 (size before relaxing)
 .debug_str     0x00000f91      0x700 .\CortexM0\ARM_GCC_484\Debug\arm_controller_v2.a(CyLib.o)
                                0x8e0 (size before relaxing)
 .debug_str     0x00001691      0x131 .\CortexM0\ARM_GCC_484\Debug\arm_controller_v2.a(UART_1.o)
                                0x2c9 (size before relaxing)
 .debug_str     0x000017c2      0x10e .\CortexM0\ARM_GCC_484\Debug\arm_controller_v2.a(UART_1_UART.o)
                                0x29b (size before relaxing)
 .debug_str     0x000018d0      0x190 .\CortexM0\ARM_GCC_484\Debug\arm_controller_v2.a(PWM_2.o)
                                0x34c (size before relaxing)
 .debug_str     0x00001a60      0x136 .\CortexM0\ARM_GCC_484\Debug\arm_controller_v2.a(UART_1_SPI_UART.o)
                                0x2e1 (size before relaxing)

.debug_loc
 *(.debug_loc)

.debug_macinfo
 *(.debug_macinfo)

.debug_ranges   0x00000000      0x738
 *(.debug_ranges)
 .debug_ranges  0x00000000       0x68 .\CortexM0\ARM_GCC_484\Debug\main.o
 .debug_ranges  0x00000068       0x38 .\CortexM0\ARM_GCC_484\Debug\Cm0Start.o
 .debug_ranges  0x000000a0       0x48 .\CortexM0\ARM_GCC_484\Debug\arm_controller_v2.a(cyfitter_cfg.o)
 .debug_ranges  0x000000e8       0x30 .\CortexM0\ARM_GCC_484\Debug\arm_controller_v2.a(Clock_counter.o)
 .debug_ranges  0x00000118       0x30 .\CortexM0\ARM_GCC_484\Debug\arm_controller_v2.a(Clock_pwm.o)
 .debug_ranges  0x00000148       0x70 .\CortexM0\ARM_GCC_484\Debug\arm_controller_v2.a(isr_1.o)
 .debug_ranges  0x000001b8       0x98 .\CortexM0\ARM_GCC_484\Debug\arm_controller_v2.a(PWM_1.o)
 .debug_ranges  0x00000250      0x148 .\CortexM0\ARM_GCC_484\Debug\arm_controller_v2.a(Timer_1.o)
 .debug_ranges  0x00000398      0x220 .\CortexM0\ARM_GCC_484\Debug\arm_controller_v2.a(CyLib.o)
 .debug_ranges  0x000005b8       0x58 .\CortexM0\ARM_GCC_484\Debug\arm_controller_v2.a(UART_1.o)
 .debug_ranges  0x00000610       0x40 .\CortexM0\ARM_GCC_484\Debug\arm_controller_v2.a(UART_1_UART.o)
 .debug_ranges  0x00000650       0x98 .\CortexM0\ARM_GCC_484\Debug\arm_controller_v2.a(PWM_2.o)
 .debug_ranges  0x000006e8       0x50 .\CortexM0\ARM_GCC_484\Debug\arm_controller_v2.a(UART_1_SPI_UART.o)

.comment        0x00000000       0x70
 .comment       0x00000000       0x70 .\CortexM0\ARM_GCC_484\Debug\main.o
                                 0x71 (size before relaxing)
 .comment       0x00000000       0x71 .\CortexM0\ARM_GCC_484\Debug\cybootloader.o
 .comment       0x00000000       0x71 .\CortexM0\ARM_GCC_484\Debug\cymetadata.o
 .comment       0x00000000       0x71 .\CortexM0\ARM_GCC_484\Debug\Cm0Start.o
 .comment       0x00000000       0x71 .\CortexM0\ARM_GCC_484\Debug\arm_controller_v2.a(cyfitter_cfg.o)
 .comment       0x00000000       0x71 .\CortexM0\ARM_GCC_484\Debug\arm_controller_v2.a(Clock_counter.o)
 .comment       0x00000000       0x71 .\CortexM0\ARM_GCC_484\Debug\arm_controller_v2.a(Clock_pwm.o)
 .comment       0x00000000       0x71 .\CortexM0\ARM_GCC_484\Debug\arm_controller_v2.a(isr_1.o)
 .comment       0x00000000       0x71 .\CortexM0\ARM_GCC_484\Debug\arm_controller_v2.a(PWM_1.o)
 .comment       0x00000000       0x71 .\CortexM0\ARM_GCC_484\Debug\arm_controller_v2.a(Timer_1.o)
 .comment       0x00000000       0x71 .\CortexM0\ARM_GCC_484\Debug\arm_controller_v2.a(CyLib.o)
 .comment       0x00000000       0x71 .\CortexM0\ARM_GCC_484\Debug\arm_controller_v2.a(UART_1.o)
 .comment       0x00000000       0x71 .\CortexM0\ARM_GCC_484\Debug\arm_controller_v2.a(UART_1_UART.o)
 .comment       0x00000000       0x71 .\CortexM0\ARM_GCC_484\Debug\arm_controller_v2.a(PWM_2.o)
 .comment       0x00000000       0x71 .\CortexM0\ARM_GCC_484\Debug\arm_controller_v2.a(UART_1_SPI_UART.o)

.debug_weaknames
 *(.debug_weaknames)

.debug_funcnames
 *(.debug_funcnames)

.debug_typenames
 *(.debug_typenames)

.debug_varnames
 *(.debug_varnames)

.note.gnu.arm.ident
 *(.note.gnu.arm.ident)

.ARM.attributes
                0x00000000       0x28
 *(.ARM.attributes)
 .ARM.attributes
                0x00000000       0x1e c:/program files (x86)/cypress/psoc creator/3.1/psoc creator/import/gnu_cs/arm/4.8.4/bin/../lib/gcc/arm-none-eabi/4.8.4/armv6-m/crti.o
 .ARM.attributes
                0x0000001e       0x2c c:/program files (x86)/cypress/psoc creator/3.1/psoc creator/import/gnu_cs/arm/4.8.4/bin/../lib/gcc/arm-none-eabi/4.8.4/armv6-m/crtbegin.o
 .ARM.attributes
                0x0000004a       0x1b c:/program files (x86)/cypress/psoc creator/3.1/psoc creator/import/gnu_cs/arm/4.8.4/bin/../lib/gcc/arm-none-eabi/4.8.4/../../../../arm-none-eabi/lib/armv6-m/crt0.o
 .ARM.attributes
                0x00000065       0x31 .\CortexM0\ARM_GCC_484\Debug\main.o
 .ARM.attributes
                0x00000096       0x31 .\CortexM0\ARM_GCC_484\Debug\cybootloader.o
 .ARM.attributes
                0x000000c7       0x31 .\CortexM0\ARM_GCC_484\Debug\cymetadata.o
 .ARM.attributes
                0x000000f8       0x31 .\CortexM0\ARM_GCC_484\Debug\Cm0Start.o
 .ARM.attributes
                0x00000129       0x31 .\CortexM0\ARM_GCC_484\Debug\arm_controller_v2.a(cyfitter_cfg.o)
 .ARM.attributes
                0x0000015a       0x31 .\CortexM0\ARM_GCC_484\Debug\arm_controller_v2.a(Clock_counter.o)
 .ARM.attributes
                0x0000018b       0x31 .\CortexM0\ARM_GCC_484\Debug\arm_controller_v2.a(Clock_pwm.o)
 .ARM.attributes
                0x000001bc       0x31 .\CortexM0\ARM_GCC_484\Debug\arm_controller_v2.a(isr_1.o)
 .ARM.attributes
                0x000001ed       0x31 .\CortexM0\ARM_GCC_484\Debug\arm_controller_v2.a(PWM_1.o)
 .ARM.attributes
                0x0000021e       0x31 .\CortexM0\ARM_GCC_484\Debug\arm_controller_v2.a(Timer_1.o)
 .ARM.attributes
                0x0000024f       0x21 .\CortexM0\ARM_GCC_484\Debug\arm_controller_v2.a(CyBootAsmGnu.o)
 .ARM.attributes
                0x00000270       0x31 .\CortexM0\ARM_GCC_484\Debug\arm_controller_v2.a(CyLib.o)
 .ARM.attributes
                0x000002a1       0x31 .\CortexM0\ARM_GCC_484\Debug\arm_controller_v2.a(UART_1.o)
 .ARM.attributes
                0x000002d2       0x31 .\CortexM0\ARM_GCC_484\Debug\arm_controller_v2.a(UART_1_UART.o)
 .ARM.attributes
                0x00000303       0x31 .\CortexM0\ARM_GCC_484\Debug\arm_controller_v2.a(PWM_2.o)
 .ARM.attributes
                0x00000334       0x31 .\CortexM0\ARM_GCC_484\Debug\arm_controller_v2.a(UART_1_SPI_UART.o)
 .ARM.attributes
                0x00000365       0x1e c:/program files (x86)/cypress/psoc creator/3.1/psoc creator/import/gnu_cs/arm/4.8.4/bin/../lib/gcc/arm-none-eabi/4.8.4/armv6-m\libgcc.a(_udivsi3.o)
 .ARM.attributes
                0x00000383       0x1e c:/program files (x86)/cypress/psoc creator/3.1/psoc creator/import/gnu_cs/arm/4.8.4/bin/../lib/gcc/arm-none-eabi/4.8.4/armv6-m\libgcc.a(_divsi3.o)
 .ARM.attributes
                0x000003a1       0x1e c:/program files (x86)/cypress/psoc creator/3.1/psoc creator/import/gnu_cs/arm/4.8.4/bin/../lib/gcc/arm-none-eabi/4.8.4/armv6-m\libgcc.a(_dvmd_tls.o)
 .ARM.attributes
                0x000003bf       0x2c c:/program files (x86)/cypress/psoc creator/3.1/psoc creator/import/gnu_cs/arm/4.8.4/bin/../lib/gcc/arm-none-eabi/4.8.4/../../../../arm-none-eabi/lib/armv6-m\libg_s.a(lib_a-errno.o)
 .ARM.attributes
                0x000003eb       0x2c c:/program files (x86)/cypress/psoc creator/3.1/psoc creator/import/gnu_cs/arm/4.8.4/bin/../lib/gcc/arm-none-eabi/4.8.4/../../../../arm-none-eabi/lib/armv6-m\libg_s.a(lib_a-exit.o)
 .ARM.attributes
                0x00000417       0x2c c:/program files (x86)/cypress/psoc creator/3.1/psoc creator/import/gnu_cs/arm/4.8.4/bin/../lib/gcc/arm-none-eabi/4.8.4/../../../../arm-none-eabi/lib/armv6-m\libg_s.a(lib_a-impure.o)
 .ARM.attributes
                0x00000443       0x2c c:/program files (x86)/cypress/psoc creator/3.1/psoc creator/import/gnu_cs/arm/4.8.4/bin/../lib/gcc/arm-none-eabi/4.8.4/../../../../arm-none-eabi/lib/armv6-m\libg_s.a(lib_a-init.o)
 .ARM.attributes
                0x0000046f       0x2c c:/program files (x86)/cypress/psoc creator/3.1/psoc creator/import/gnu_cs/arm/4.8.4/bin/../lib/gcc/arm-none-eabi/4.8.4/../../../../arm-none-eabi/lib/armv6-m\libg_s.a(lib_a-memcpy-stub.o)
 .ARM.attributes
                0x0000049b       0x2c c:/program files (x86)/cypress/psoc creator/3.1/psoc creator/import/gnu_cs/arm/4.8.4/bin/../lib/gcc/arm-none-eabi/4.8.4/../../../../arm-none-eabi/lib/armv6-m\libg_s.a(lib_a-memset.o)
 .ARM.attributes
                0x000004c7       0x2c c:/program files (x86)/cypress/psoc creator/3.1/psoc creator/import/gnu_cs/arm/4.8.4/bin/../lib/gcc/arm-none-eabi/4.8.4/armv6-m/crtend.o
 .ARM.attributes
                0x000004f3       0x1e c:/program files (x86)/cypress/psoc creator/3.1/psoc creator/import/gnu_cs/arm/4.8.4/bin/../lib/gcc/arm-none-eabi/4.8.4/armv6-m/crtn.o

/DISCARD/
 *(.note.GNU-stack)
OUTPUT(.\CortexM0\ARM_GCC_484\Debug\arm_controller_v2.elf elf32-littlearm)
