Archive member included because of file (symbol)

.\CortexM0\ARM_GCC_484\Debug\arm_controller_v2.1.a(cyfitter_cfg.o)
                              .\CortexM0\ARM_GCC_484\Debug\Cm0Start.o (cyfitter_cfg)
.\CortexM0\ARM_GCC_484\Debug\arm_controller_v2.1.a(Clock_counter.o)
                              .\CortexM0\ARM_GCC_484\Debug\main.o (Clock_counter_Start)
.\CortexM0\ARM_GCC_484\Debug\arm_controller_v2.1.a(Clock_pwm.o)
                              .\CortexM0\ARM_GCC_484\Debug\main.o (Clock_pwm_Start)
.\CortexM0\ARM_GCC_484\Debug\arm_controller_v2.1.a(isr_1.o)
                              .\CortexM0\ARM_GCC_484\Debug\main.o (isr_1_StartEx)
.\CortexM0\ARM_GCC_484\Debug\arm_controller_v2.1.a(LED.o)
                              .\CortexM0\ARM_GCC_484\Debug\main.o (LED_Write)
.\CortexM0\ARM_GCC_484\Debug\arm_controller_v2.1.a(Timer_1.o)
                              .\CortexM0\ARM_GCC_484\Debug\main.o (Timer_1_Start)
.\CortexM0\ARM_GCC_484\Debug\arm_controller_v2.1.a(CyBootAsmGnu.o)
                              .\CortexM0\ARM_GCC_484\Debug\arm_controller_v2.1.a(cyfitter_cfg.o) (CyDelayCycles)
.\CortexM0\ARM_GCC_484\Debug\arm_controller_v2.1.a(CyLib.o)
                              .\CortexM0\ARM_GCC_484\Debug\arm_controller_v2.1.a(cyfitter_cfg.o) (CyDelayUs)
.\CortexM0\ARM_GCC_484\Debug\arm_controller_v2.1.a(WIZ_RDY.o)
                              .\CortexM0\ARM_GCC_484\Debug\main.o (WIZ_RDY_Read)
.\CortexM0\ARM_GCC_484\Debug\arm_controller_v2.1.a(WIZ_INT.o)
                              .\CortexM0\ARM_GCC_484\Debug\main.o (WIZ_INT_Read)
.\CortexM0\ARM_GCC_484\Debug\arm_controller_v2.1.a(WIZ_RST.o)
                              .\CortexM0\ARM_GCC_484\Debug\main.o (WIZ_RST_Write)
.\CortexM0\ARM_GCC_484\Debug\arm_controller_v2.1.a(WIZ_SS.o)
                              .\CortexM0\ARM_GCC_484\Debug\main.o (WIZ_SS_Write)
.\CortexM0\ARM_GCC_484\Debug\arm_controller_v2.1.a(ADC.o)
                              .\CortexM0\ARM_GCC_484\Debug\main.o (ADC_Start)
.\CortexM0\ARM_GCC_484\Debug\arm_controller_v2.1.a(ADC_INT.o)
                              .\CortexM0\ARM_GCC_484\Debug\arm_controller_v2.1.a(ADC.o) (ADC_ISR)
.\CortexM0\ARM_GCC_484\Debug\arm_controller_v2.1.a(BA_PWM.o)
                              .\CortexM0\ARM_GCC_484\Debug\main.o (BA_PWM_WriteCompare)
.\CortexM0\ARM_GCC_484\Debug\arm_controller_v2.1.a(ELBW_PWM.o)
                              .\CortexM0\ARM_GCC_484\Debug\main.o (ELBW_PWM_WriteCompare)
.\CortexM0\ARM_GCC_484\Debug\arm_controller_v2.1.a(SHLDR_PWM.o)
                              .\CortexM0\ARM_GCC_484\Debug\main.o (SHLDR_PWM_WriteCompare)
.\CortexM0\ARM_GCC_484\Debug\arm_controller_v2.1.a(SPIM_1.o)
                              .\CortexM0\ARM_GCC_484\Debug\wiznet5500.o (SPIM_1_ReadTxStatus)
.\CortexM0\ARM_GCC_484\Debug\arm_controller_v2.1.a(SPIM_1_IntClock.o)
                              .\CortexM0\ARM_GCC_484\Debug\arm_controller_v2.1.a(SPIM_1.o) (SPIM_1_IntClock_Start)
.\CortexM0\ARM_GCC_484\Debug\arm_controller_v2.1.a(stop_shdr_up.o)
                              .\CortexM0\ARM_GCC_484\Debug\main.o (stop_shdr_up_Read)
.\CortexM0\ARM_GCC_484\Debug\arm_controller_v2.1.a(stop_shdr_dn.o)
                              .\CortexM0\ARM_GCC_484\Debug\main.o (stop_shdr_dn_Read)
.\CortexM0\ARM_GCC_484\Debug\arm_controller_v2.1.a(stop_elb_up.o)
                              .\CortexM0\ARM_GCC_484\Debug\main.o (stop_elb_up_Read)
.\CortexM0\ARM_GCC_484\Debug\arm_controller_v2.1.a(stop_elb_dn.o)
                              .\CortexM0\ARM_GCC_484\Debug\main.o (stop_elb_dn_Read)
.\CortexM0\ARM_GCC_484\Debug\arm_controller_v2.1.a(EFFECTOR_PWM.o)
                              .\CortexM0\ARM_GCC_484\Debug\main.o (EFFECTOR_PWM_Start)
.\CortexM0\ARM_GCC_484\Debug\arm_controller_v2.1.a(Wrist_UART.o)
                              .\CortexM0\ARM_GCC_484\Debug\main.o (Wrist_UART_Start)
.\CortexM0\ARM_GCC_484\Debug\arm_controller_v2.1.a(Wrist_UART_SPI_UART.o)
                              .\CortexM0\ARM_GCC_484\Debug\main.o (Wrist_UART_SpiUartPutArray)
.\CortexM0\ARM_GCC_484\Debug\arm_controller_v2.1.a(Wrist_UART_UART.o)
                              .\CortexM0\ARM_GCC_484\Debug\arm_controller_v2.1.a(Wrist_UART.o) (Wrist_UART_UartInit)
c:/program files (x86)/cypress/psoc creator/3.1/psoc creator/import/gnu_cs/arm/4.8.4/bin/../lib/gcc/arm-none-eabi/4.8.4/armv6-m\libgcc.a(_udivsi3.o)
                              .\CortexM0\ARM_GCC_484\Debug\main.o (__aeabi_uidiv)
c:/program files (x86)/cypress/psoc creator/3.1/psoc creator/import/gnu_cs/arm/4.8.4/bin/../lib/gcc/arm-none-eabi/4.8.4/armv6-m\libgcc.a(_divsi3.o)
                              .\CortexM0\ARM_GCC_484\Debug\main.o (__aeabi_idiv)
c:/program files (x86)/cypress/psoc creator/3.1/psoc creator/import/gnu_cs/arm/4.8.4/bin/../lib/gcc/arm-none-eabi/4.8.4/armv6-m\libgcc.a(_dvmd_tls.o)
[...]
Memory Configuration

Name             Origin             Length             Attributes
rom              0x00000000         0x00008000         xr
ram              0x20000000         0x00001000         xrw
*default*        0x00000000         0xffffffff

Linker script and memory map

LOAD c:/program files (x86)/cypress/psoc creator/3.1/psoc creator/import/gnu_cs/arm/4.8.4/bin/../lib/gcc/arm-none-eabi/4.8.4/armv6-m/crti.o
LOAD c:/program files (x86)/cypress/psoc creator/3.1/psoc creator/import/gnu_cs/arm/4.8.4/bin/../lib/gcc/arm-none-eabi/4.8.4/armv6-m/crtbegin.o
LOAD c:/program files (x86)/cypress/psoc creator/3.1/psoc creator/import/gnu_cs/arm/4.8.4/bin/../lib/gcc/arm-none-eabi/4.8.4/../../../../arm-none-eabi/lib/armv6-m/crt0.o
START GROUP
LOAD .\CortexM0\ARM_GCC_484\Debug\main.o
LOAD .\CortexM0\ARM_GCC_484\Debug\spi.o
LOAD .\CortexM0\ARM_GCC_484\Debug\wiznet5500.o
LOAD .\CortexM0\ARM_GCC_484\Debug\cymetadata.o
LOAD .\CortexM0\ARM_GCC_484\Debug\Cm0Start.o
LOAD .\CortexM0\ARM_GCC_484\Debug\arm_controller_v2.1.a
LOAD C:\Program Files (x86)\Cypress\PSoC Creator\3.1\PSoC Creator\psoc\content\cycomponentlibrary\CyComponentLibrary.cylib\CortexM0\ARM_GCC_484\Debug\CyComponentLibrary.a
END GROUP
START GROUP
LOAD c:/program files (x86)/cypress/psoc creator/3.1/psoc creator/import/gnu_cs/arm/4.8.4/bin/../lib/gcc/arm-none-eabi/4.8.4/armv6-m\libgcc.a
LOAD c:/program files (x86)/cypress/psoc creator/3.1/psoc creator/import/gnu_cs/arm/4.8.4/bin/../lib/gcc/arm-none-eabi/4.8.4/../../../../arm-none-eabi/lib/armv6-m\libg_s.a
LOAD c:/program files (x86)/cypress/psoc creator/3.1/psoc creator/import/gnu_cs/arm/4.8.4/bin/../lib/gcc/arm-none-eabi/4.8.4/../../../../arm-none-eabi/lib/armv6-m\libc_s.a
END GROUP
START GROUP
LOAD c:/program files (x86)/cypress/psoc creator/3.1/psoc creator/import/gnu_cs/arm/4.8.4/bin/../lib/gcc/arm-none-eabi/4.8.4/armv6-m\libgcc.a
LOAD c:/program files (x86)/cypress/psoc creator/3.1/psoc creator/import/gnu_cs/arm/4.8.4/bin/../lib/gcc/arm-none-eabi/4.8.4/../../../../arm-none-eabi/lib/armv6-m\libc_s.a
END GROUP
LOAD c:/program files (x86)/cypress/psoc creator/3.1/psoc creator/import/gnu_cs/arm/4.8.4/bin/../lib/gcc/arm-none-eabi/4.8.4/armv6-m/crtend.o
LOAD c:/program files (x86)/cypress/psoc creator/3.1/psoc creator/import/gnu_cs/arm/4.8.4/bin/../lib/gcc/arm-none-eabi/4.8.4/armv6-m/crtn.o
START GROUP
LOAD c:/program files (x86)/cypress/psoc creator/3.1/psoc creator/import/gnu_cs/arm/4.8.4/bin/../lib/gcc/arm-none-eabi/4.8.4/armv6-m\libgcc.a
LOAD c:/program files (x86)/cypress/psoc creator/3.1/psoc creator/import/gnu_cs/arm/4.8.4/bin/../lib/gcc/arm-none-eabi/4.8.4/../../../../arm-none-eabi/lib/armv6-m\libc.a
LOAD c:/program files (x86)/cypress/psoc creator/3.1/psoc creator/import/gnu_cs/arm/4.8.4/bin/../lib/gcc/arm-none-eabi/4.8.4/../../../../arm-none-eabi/lib/armv6-m\libnosys.a
END GROUP
                0x00000000                CY_APPL_ORIGIN = 0x0
                0x00000080                CY_FLASH_ROW_SIZE = 0x80
                0x00000001                CY_APPL_NUM = 0x1
                0x00000040                CY_METADATA_SIZE = 0x40
                0x20000190                PROVIDE (__cy_heap_start, _end)
                0x00000001                PROVIDE (__cy_region_num, ((__cy_regions_end - __cy_regions) / 0x10))
                0x20001000                PROVIDE (__cy_stack, (ORIGIN (ram) + 0x1000))
                0x20000c00                PROVIDE (__cy_heap_end, (__cy_stack - 0x400))

.cybootloader   0x00000000        0x0
 *(.cybootloader)
                0x00000000                appl1_start = CY_APPL_ORIGIN?CY_APPL_ORIGIN:ALIGN (CY_FLASH_ROW_SIZE)
                0x00003f80                appl2_start = (appl1_start + ALIGN ((((0x8000 - appl1_start) - (0x2 * CY_FLASH_ROW_SIZE)) / 0x2), CY_FLASH_ROW_SIZE))
                0x00000000                appl_start = (CY_APPL_NUM == 0x1)?appl1_start:appl2_start

.text           0x00000000     0x397a
 CREATE_OBJECT_SYMBOLS
                0x00000000                PROVIDE (__cy_interrupt_vector, RomVectors)
 *(.romvectors)
 .romvectors    0x00000000       0x10 .\CortexM0\ARM_GCC_484\Debug\Cm0Start.o
                0x00000000                RomVectors
                0x00000001                ASSERT ((. != __cy_interrupt_vector), No interrupt vector)
                0x00000001                ASSERT (CY_APPL_ORIGIN?(SIZEOF (.cybootloader) <= CY_APPL_ORIGIN):0x1, Wrong image location)
                0x00000010                PROVIDE (__cy_reset, Reset)
 *(.text.Reset)
 .text.Reset    0x00000010        0x8 .\CortexM0\ARM_GCC_484\Debug\Cm0Start.o
                0x00000010                Reset
                0x00000001                ASSERT ((. != __cy_reset), No reset code)
 *(.psocinit)
 .psocinit      0x00000018      0x454 .\CortexM0\ARM_GCC_484\Debug\arm_controller_v2.1.a(cyfitter_cfg.o)
                0x000001d0                cyfitter_cfg
                0x0000046c                . = MAX (., 0x100)
 *(.text .text.* .gnu.linkonce.t.*)
 .text          0x0000046c       0x60 c:/program files (x86)/cypress/psoc creator/3.1/psoc creator/import/gnu_cs/arm/4.8.4/bin/../lib/gcc/arm-none-eabi/4.8.4/armv6-m/crtbegin.o
 .text.timer_isr
                0x000004cc       0x28 .\CortexM0\ARM_GCC_484\Debug\main.o
                0x000004cc                timer_isr
 .text.CalibrationElbow
                0x000004f4      0x190 .\CortexM0\ARM_GCC_484\Debug\main.o
                0x000004f4                CalibrationElbow
 .text.CalibrationShoulder
                0x00000684      0x190 .\CortexM0\ARM_GCC_484\Debug\main.o
                0x00000684                CalibrationShoulder
 .text.average  0x00000814       0x78 .\CortexM0\ARM_GCC_484\Debug\main.o
                0x00000814                average
 .text.maintain_array
                0x0000088c       0x40 .\CortexM0\ARM_GCC_484\Debug\main.o
                0x0000088c                maintain_array
 .text.check_update
                0x000008cc      0x10c .\CortexM0\ARM_GCC_484\Debug\main.o
                0x000008cc                check_update
 .text.pos_to_vel
                0x000009d8      0x20c .\CortexM0\ARM_GCC_484\Debug\main.o
                0x000009d8                pos_to_vel
 .text.make_command
                0x00000be4       0x84 .\CortexM0\ARM_GCC_484\Debug\main.o
                0x00000be4                make_command
 .text.potFeedback
                0x00000c68       0x28 .\CortexM0\ARM_GCC_484\Debug\main.o
                0x00000c68                potFeedback
 .text.send_packet
                0x00000c90       0xfc .\CortexM0\ARM_GCC_484\Debug\main.o
                0x00000c90                send_packet
 .text.fill_data_array
                0x00000d8c       0x18 .\CortexM0\ARM_GCC_484\Debug\main.o
                0x00000d8c                fill_data_array
 .text.ServoGoalPosition
                0x00000da4       0x98 .\CortexM0\ARM_GCC_484\Debug\main.o
                0x00000da4                ServoGoalPosition
 .text.SetServoTorque
                0x00000e3c       0x98 .\CortexM0\ARM_GCC_484\Debug\main.o
                0x00000e3c                SetServoTorque
 .text.ServoSpeed
                0x00000ed4       0x98 .\CortexM0\ARM_GCC_484\Debug\main.o
                0x00000ed4                ServoSpeed
 .text.wristTilt
                0x00000f6c      0x190 .\CortexM0\ARM_GCC_484\Debug\main.o
                0x00000f6c                wristTilt
 .text.wristRotate
                0x000010fc      0x190 .\CortexM0\ARM_GCC_484\Debug\main.o
                0x000010fc                wristRotate
 .text.elbow    0x0000128c      0x360 .\CortexM0\ARM_GCC_484\Debug\main.o
                0x0000128c                elbow
 .text.shoulder
                0x000015ec      0x360 .\CortexM0\ARM_GCC_484\Debug\main.o
                0x000015ec                shoulder
 .text.baseAzimuth
                0x0000194c      0x17c .\CortexM0\ARM_GCC_484\Debug\main.o
                0x0000194c                baseAzimuth
 .text.effector
                0x00001ac8       0xf8 .\CortexM0\ARM_GCC_484\Debug\main.o
                0x00001ac8                effector
 .text.initialize
                0x00001bc0      0x174 .\CortexM0\ARM_GCC_484\Debug\main.o
                0x00001bc0                initialize
 .text.main     0x00001d34      0x1b0 .\CortexM0\ARM_GCC_484\Debug\main.o
                0x00001d34                main
 .text.transferSPI
                0x00001ee4       0x34 .\CortexM0\ARM_GCC_484\Debug\wiznet5500.o
 .text.wiznetInit
                0x00001f18      0x16c .\CortexM0\ARM_GCC_484\Debug\wiznet5500.o
                0x00001f18                wiznetInit
 .text.wiznetOpen
                0x00002084       0x14 .\CortexM0\ARM_GCC_484\Debug\wiznet5500.o
                0x00002084                wiznetOpen
 .text.wiznetSend
                0x00002098       0x34 .\CortexM0\ARM_GCC_484\Debug\wiznet5500.o
                0x00002098                wiznetSend
 .text.wiznetClearInterrupts
                0x000020cc       0x28 .\CortexM0\ARM_GCC_484\Debug\wiznet5500.o
                0x000020cc                wiznetClearInterrupts
 .text.wiznetConfigInterrupts
                0x000020f4       0x40 .\CortexM0\ARM_GCC_484\Debug\wiznet5500.o
                0x000020f4                wiznetConfigInterrupts
 .text.wiznetReadUdpFrame
                0x00002134       0x58 .\CortexM0\ARM_GCC_484\Debug\wiznet5500.o
                0x00002134                wiznetReadUdpFrame
 .text.wiznetWriteUdpFrame
                0x0000218c       0x44 .\CortexM0\ARM_GCC_484\Debug\wiznet5500.o
                0x0000218c                wiznetWriteUdpFrame
 .text.wiznetWrite8b
                0x000021d0       0x60 .\CortexM0\ARM_GCC_484\Debug\wiznet5500.o
                0x000021d0                wiznetWrite8b
 .text.wiznetWrite16b
                0x00002230       0x74 .\CortexM0\ARM_GCC_484\Debug\wiznet5500.o
                0x00002230                wiznetWrite16b
 .text.wiznetWriteArray
                0x000022a4       0x94 .\CortexM0\ARM_GCC_484\Debug\wiznet5500.o
                0x000022a4                wiznetWriteArray
 .text.wiznetRead16b
                0x00002338       0x80 .\CortexM0\ARM_GCC_484\Debug\wiznet5500.o
                0x00002338                wiznetRead16b
 .text.wiznetReadArray
                0x000023b8       0x8c .\CortexM0\ARM_GCC_484\Debug\wiznet5500.o
                0x000023b8                wiznetReadArray
 .text.IntDefaultHandler
                0x00002444        0x8 .\CortexM0\ARM_GCC_484\Debug\Cm0Start.o
                0x00002444                IntDefaultHandler
 .text.Start_c  0x0000244c       0x98 .\CortexM0\ARM_GCC_484\Debug\Cm0Start.o
                0x0000244c                Start_c
 .text.initialize_psoc
                0x000024e4       0x64 .\CortexM0\ARM_GCC_484\Debug\Cm0Start.o
                0x000024e4                initialize_psoc
 .text.CYMEMZERO
                0x00002548       0x20 .\CortexM0\ARM_GCC_484\Debug\arm_controller_v2.1.a(cyfitter_cfg.o)
 .text.CYCONFIGCPYCODE
                0x00002568       0x24 .\CortexM0\ARM_GCC_484\Debug\arm_controller_v2.1.a(cyfitter_cfg.o)
 .text.cfg_write_bytes32
                0x0000258c       0x80 .\CortexM0\ARM_GCC_484\Debug\arm_controller_v2.1.a(cyfitter_cfg.o)
 .text.AnalogSetDefault
                0x0000260c       0x24 .\CortexM0\ARM_GCC_484\Debug\arm_controller_v2.1.a(cyfitter_cfg.o)
 .text.SetAnalogRoutingPumps
                0x00002630       0x40 .\CortexM0\ARM_GCC_484\Debug\arm_controller_v2.1.a(cyfitter_cfg.o)
                0x00002630                SetAnalogRoutingPumps
 .text.Clock_counter_Start
                0x00002670       0x1c .\CortexM0\ARM_GCC_484\Debug\arm_controller_v2.1.a(Clock_counter.o)
                0x00002670                Clock_counter_Start
 .text.Clock_pwm_Start
                0x0000268c       0x1c .\CortexM0\ARM_GCC_484\Debug\arm_controller_v2.1.a(Clock_pwm.o)
                0x0000268c                Clock_pwm_Start
 .text.isr_1_StartEx
                0x000026a8       0x24 .\CortexM0\ARM_GCC_484\Debug\arm_controller_v2.1.a(isr_1.o)
                0x000026a8                isr_1_StartEx
 .text.isr_1_SetVector
                0x000026cc       0x1c .\CortexM0\ARM_GCC_484\Debug\arm_controller_v2.1.a(isr_1.o)
                0x000026cc                isr_1_SetVector
 .text.isr_1_SetPriority
                0x000026e8       0x4c .\CortexM0\ARM_GCC_484\Debug\arm_controller_v2.1.a(isr_1.o)
                0x000026e8                isr_1_SetPriority
 .text.isr_1_Enable
                0x00002734       0x14 .\CortexM0\ARM_GCC_484\Debug\arm_controller_v2.1.a(isr_1.o)
                0x00002734                isr_1_Enable
 .text.isr_1_Disable
                0x00002748       0x14 .\CortexM0\ARM_GCC_484\Debug\arm_controller_v2.1.a(isr_1.o)
                0x00002748                isr_1_Disable
 .text.LED_Write
                0x0000275c       0x4c .\CortexM0\ARM_GCC_484\Debug\arm_controller_v2.1.a(LED.o)
                0x0000275c                LED_Write
 .text.Timer_1_Init
                0x000027a8       0x38 .\CortexM0\ARM_GCC_484\Debug\arm_controller_v2.1.a(Timer_1.o)
                0x000027a8                Timer_1_Init
 .text.Timer_1_Enable
                0x000027e0       0x38 .\CortexM0\ARM_GCC_484\Debug\arm_controller_v2.1.a(Timer_1.o)
                0x000027e0                Timer_1_Enable
 .text.Timer_1_Start
                0x00002818       0x24 .\CortexM0\ARM_GCC_484\Debug\arm_controller_v2.1.a(Timer_1.o)
                0x00002818                Timer_1_Start
 .text.Timer_1_WriteCounter
                0x0000283c       0x1c .\CortexM0\ARM_GCC_484\Debug\arm_controller_v2.1.a(Timer_1.o)
                0x0000283c                Timer_1_WriteCounter
 .text.Timer_1_WritePeriod
                0x00002858       0x1c .\CortexM0\ARM_GCC_484\Debug\arm_controller_v2.1.a(Timer_1.o)
                0x00002858                Timer_1_WritePeriod
 .text.Timer_1_TriggerCommand
                0x00002874       0x3c .\CortexM0\ARM_GCC_484\Debug\arm_controller_v2.1.a(Timer_1.o)
                0x00002874                Timer_1_TriggerCommand
 .text.Timer_1_SetInterruptMode
                0x000028b0       0x18 .\CortexM0\ARM_GCC_484\Debug\arm_controller_v2.1.a(Timer_1.o)
                0x000028b0                Timer_1_SetInterruptMode
 .text.Timer_1_GetInterruptSourceMasked
                0x000028c8       0x14 .\CortexM0\ARM_GCC_484\Debug\arm_controller_v2.1.a(Timer_1.o)
                0x000028c8                Timer_1_GetInterruptSourceMasked
 .text.Timer_1_ClearInterrupt
                0x000028dc       0x18 .\CortexM0\ARM_GCC_484\Debug\arm_controller_v2.1.a(Timer_1.o)
                0x000028dc                Timer_1_ClearInterrupt
 *fill*         0x000028f4        0x4 
 .text          0x000028f8       0x28 .\CortexM0\ARM_GCC_484\Debug\arm_controller_v2.1.a(CyBootAsmGnu.o)
                0x000028f8                CyDelayCycles
                0x0000290c                CyEnterCriticalSection
                0x00002914                CyExitCriticalSection
 .text.CyIntSetVector
                0x00002920       0x4c .\CortexM0\ARM_GCC_484\Debug\arm_controller_v2.1.a(CyLib.o)
                0x00002920                CyIntSetVector
 .text.CyIntSetPriority
                0x0000296c       0xa8 .\CortexM0\ARM_GCC_484\Debug\arm_controller_v2.1.a(CyLib.o)
                0x0000296c                CyIntSetPriority
 .text.CyHalt   0x00002a14       0x14 .\CortexM0\ARM_GCC_484\Debug\arm_controller_v2.1.a(CyLib.o)
                0x00002a14                CyHalt
 .text.CyDelay  0x00002a28       0x48 .\CortexM0\ARM_GCC_484\Debug\arm_controller_v2.1.a(CyLib.o)
                0x00002a28                CyDelay
 .text.CyDelayUs
                0x00002a70       0x28 .\CortexM0\ARM_GCC_484\Debug\arm_controller_v2.1.a(CyLib.o)
                0x00002a70                CyDelayUs
 .text.WIZ_RDY_Read
                0x00002a98       0x1c .\CortexM0\ARM_GCC_484\Debug\arm_controller_v2.1.a(WIZ_RDY.o)
                0x00002a98                WIZ_RDY_Read
 .text.WIZ_INT_Read
                0x00002ab4       0x1c .\CortexM0\ARM_GCC_484\Debug\arm_controller_v2.1.a(WIZ_INT.o)
                0x00002ab4                WIZ_INT_Read
 .text.WIZ_RST_Write
                0x00002ad0       0x4c .\CortexM0\ARM_GCC_484\Debug\arm_controller_v2.1.a(WIZ_RST.o)
                0x00002ad0                WIZ_RST_Write
 .text.WIZ_SS_Write
                0x00002b1c       0x4c .\CortexM0\ARM_GCC_484\Debug\arm_controller_v2.1.a(WIZ_SS.o)
                0x00002b1c                WIZ_SS_Write
 .text.ADC_Start
                0x00002b68       0x24 .\CortexM0\ARM_GCC_484\Debug\arm_controller_v2.1.a(ADC.o)
                0x00002b68                ADC_Start
 .text.ADC_Init
                0x00002b8c      0x1fc .\CortexM0\ARM_GCC_484\Debug\arm_controller_v2.1.a(ADC.o)
                0x00002b8c                ADC_Init
 .text.ADC_Enable
                0x00002d88       0x28 .\CortexM0\ARM_GCC_484\Debug\arm_controller_v2.1.a(ADC.o)
                0x00002d88                ADC_Enable
 .text.ADC_StartConvert
                0x00002db0       0x1c .\CortexM0\ARM_GCC_484\Debug\arm_controller_v2.1.a(ADC.o)
                0x00002db0                ADC_StartConvert
 .text.ADC_GetResult16
                0x00002dcc       0x44 .\CortexM0\ARM_GCC_484\Debug\arm_controller_v2.1.a(ADC.o)
                0x00002dcc                ADC_GetResult16
 .text.ADC_ISR  0x00002e10       0x1c .\CortexM0\ARM_GCC_484\Debug\arm_controller_v2.1.a(ADC_INT.o)
                0x00002e10                ADC_ISR
 .text.BA_PWM_Init
                0x00002e2c       0x5c .\CortexM0\ARM_GCC_484\Debug\arm_controller_v2.1.a(BA_PWM.o)
                0x00002e2c                BA_PWM_Init
 .text.BA_PWM_Enable
                0x00002e88       0x38 .\CortexM0\ARM_GCC_484\Debug\arm_controller_v2.1.a(BA_PWM.o)
                0x00002e88                BA_PWM_Enable
 .text.BA_PWM_Start
                0x00002ec0       0x24 .\CortexM0\ARM_GCC_484\Debug\arm_controller_v2.1.a(BA_PWM.o)
                0x00002ec0                BA_PWM_Start
 .text.BA_PWM_WriteCounter
                0x00002ee4       0x1c .\CortexM0\ARM_GCC_484\Debug\arm_controller_v2.1.a(BA_PWM.o)
                0x00002ee4                BA_PWM_WriteCounter
 .text.BA_PWM_WritePeriod
                0x00002f00       0x1c .\CortexM0\ARM_GCC_484\Debug\arm_controller_v2.1.a(BA_PWM.o)
                0x00002f00                BA_PWM_WritePeriod
 .text.BA_PWM_WriteCompare
                0x00002f1c       0x1c .\CortexM0\ARM_GCC_484\Debug\arm_controller_v2.1.a(BA_PWM.o)
                0x00002f1c                BA_PWM_WriteCompare
 .text.BA_PWM_TriggerCommand
                0x00002f38       0x3c .\CortexM0\ARM_GCC_484\Debug\arm_controller_v2.1.a(BA_PWM.o)
                0x00002f38                BA_PWM_TriggerCommand
 .text.BA_PWM_SetInterruptMode
                0x00002f74       0x18 .\CortexM0\ARM_GCC_484\Debug\arm_controller_v2.1.a(BA_PWM.o)
                0x00002f74                BA_PWM_SetInterruptMode
 .text.ELBW_PWM_Init
                0x00002f8c       0x5c .\CortexM0\ARM_GCC_484\Debug\arm_controller_v2.1.a(ELBW_PWM.o)
                0x00002f8c                ELBW_PWM_Init
 .text.ELBW_PWM_Enable
                0x00002fe8       0x38 .\CortexM0\ARM_GCC_484\Debug\arm_controller_v2.1.a(ELBW_PWM.o)
                0x00002fe8                ELBW_PWM_Enable
 .text.ELBW_PWM_Start
                0x00003020       0x24 .\CortexM0\ARM_GCC_484\Debug\arm_controller_v2.1.a(ELBW_PWM.o)
                0x00003020                ELBW_PWM_Start
 .text.ELBW_PWM_WriteCounter
                0x00003044       0x1c .\CortexM0\ARM_GCC_484\Debug\arm_controller_v2.1.a(ELBW_PWM.o)
                0x00003044                ELBW_PWM_WriteCounter
 .text.ELBW_PWM_WritePeriod
                0x00003060       0x1c .\CortexM0\ARM_GCC_484\Debug\arm_controller_v2.1.a(ELBW_PWM.o)
                0x00003060                ELBW_PWM_WritePeriod
 .text.ELBW_PWM_WriteCompare
                0x0000307c       0x1c .\CortexM0\ARM_GCC_484\Debug\arm_controller_v2.1.a(ELBW_PWM.o)
                0x0000307c                ELBW_PWM_WriteCompare
 .text.ELBW_PWM_TriggerCommand
                0x00003098       0x3c .\CortexM0\ARM_GCC_484\Debug\arm_controller_v2.1.a(ELBW_PWM.o)
                0x00003098                ELBW_PWM_TriggerCommand
 .text.ELBW_PWM_SetInterruptMode
                0x000030d4       0x18 .\CortexM0\ARM_GCC_484\Debug\arm_controller_v2.1.a(ELBW_PWM.o)
                0x000030d4                ELBW_PWM_SetInterruptMode
 .text.SHLDR_PWM_Init
                0x000030ec       0x5c .\CortexM0\ARM_GCC_484\Debug\arm_controller_v2.1.a(SHLDR_PWM.o)
                0x000030ec                SHLDR_PWM_Init
 .text.SHLDR_PWM_Enable
                0x00003148       0x38 .\CortexM0\ARM_GCC_484\Debug\arm_controller_v2.1.a(SHLDR_PWM.o)
                0x00003148                SHLDR_PWM_Enable
 .text.SHLDR_PWM_Start
                0x00003180       0x24 .\CortexM0\ARM_GCC_484\Debug\arm_controller_v2.1.a(SHLDR_PWM.o)
                0x00003180                SHLDR_PWM_Start
 .text.SHLDR_PWM_WriteCounter
                0x000031a4       0x1c .\CortexM0\ARM_GCC_484\Debug\arm_controller_v2.1.a(SHLDR_PWM.o)
                0x000031a4                SHLDR_PWM_WriteCounter
 .text.SHLDR_PWM_WritePeriod
                0x000031c0       0x1c .\CortexM0\ARM_GCC_484\Debug\arm_controller_v2.1.a(SHLDR_PWM.o)
                0x000031c0                SHLDR_PWM_WritePeriod
 .text.SHLDR_PWM_WriteCompare
                0x000031dc       0x1c .\CortexM0\ARM_GCC_484\Debug\arm_controller_v2.1.a(SHLDR_PWM.o)
                0x000031dc                SHLDR_PWM_WriteCompare
 .text.SHLDR_PWM_TriggerCommand
                0x000031f8       0x3c .\CortexM0\ARM_GCC_484\Debug\arm_controller_v2.1.a(SHLDR_PWM.o)
                0x000031f8                SHLDR_PWM_TriggerCommand
 .text.SHLDR_PWM_SetInterruptMode
                0x00003234       0x18 .\CortexM0\ARM_GCC_484\Debug\arm_controller_v2.1.a(SHLDR_PWM.o)
                0x00003234                SHLDR_PWM_SetInterruptMode
 .text.SPIM_1_Init
                0x0000324c       0x34 .\CortexM0\ARM_GCC_484\Debug\arm_controller_v2.1.a(SPIM_1.o)
                0x0000324c                SPIM_1_Init
 .text.SPIM_1_Enable
                0x00003280       0x68 .\CortexM0\ARM_GCC_484\Debug\arm_controller_v2.1.a(SPIM_1.o)
                0x00003280                SPIM_1_Enable
 .text.SPIM_1_Start
                0x000032e8       0x24 .\CortexM0\ARM_GCC_484\Debug\arm_controller_v2.1.a(SPIM_1.o)
                0x000032e8                SPIM_1_Start
 .text.SPIM_1_EnableTxInt
                0x0000330c        0x8 .\CortexM0\ARM_GCC_484\Debug\arm_controller_v2.1.a(SPIM_1.o)
                0x0000330c                SPIM_1_EnableTxInt
 .text.SPIM_1_EnableRxInt
                0x00003314        0x8 .\CortexM0\ARM_GCC_484\Debug\arm_controller_v2.1.a(SPIM_1.o)
                0x00003314                SPIM_1_EnableRxInt
 .text.SPIM_1_ReadTxStatus
                0x0000331c       0x20 .\CortexM0\ARM_GCC_484\Debug\arm_controller_v2.1.a(SPIM_1.o)
                0x0000331c                SPIM_1_ReadTxStatus
 .text.SPIM_1_ReadRxStatus
                0x0000333c       0x20 .\CortexM0\ARM_GCC_484\Debug\arm_controller_v2.1.a(SPIM_1.o)
                0x0000333c                SPIM_1_ReadRxStatus
 .text.SPIM_1_WriteTxData
                0x0000335c       0x34 .\CortexM0\ARM_GCC_484\Debug\arm_controller_v2.1.a(SPIM_1.o)
                0x0000335c                SPIM_1_WriteTxData
 .text.SPIM_1_ReadRxData
                0x00003390       0x20 .\CortexM0\ARM_GCC_484\Debug\arm_controller_v2.1.a(SPIM_1.o)
                0x00003390                SPIM_1_ReadRxData
 .text.SPIM_1_ClearFIFO
                0x000033b0       0x60 .\CortexM0\ARM_GCC_484\Debug\arm_controller_v2.1.a(SPIM_1.o)
                0x000033b0                SPIM_1_ClearFIFO
 .text.SPIM_1_IntClock_Start
                0x00003410       0x1c .\CortexM0\ARM_GCC_484\Debug\arm_controller_v2.1.a(SPIM_1_IntClock.o)
                0x00003410                SPIM_1_IntClock_Start
 .text.stop_shdr_up_Read
                0x0000342c       0x1c .\CortexM0\ARM_GCC_484\Debug\arm_controller_v2.1.a(stop_shdr_up.o)
                0x0000342c                stop_shdr_up_Read
 .text.stop_shdr_dn_Read
                0x00003448       0x1c .\CortexM0\ARM_GCC_484\Debug\arm_controller_v2.1.a(stop_shdr_dn.o)
                0x00003448                stop_shdr_dn_Read
 .text.stop_elb_up_Read
                0x00003464       0x1c .\CortexM0\ARM_GCC_484\Debug\arm_controller_v2.1.a(stop_elb_up.o)
                0x00003464                stop_elb_up_Read
 .text.stop_elb_dn_Read
                0x00003480       0x1c .\CortexM0\ARM_GCC_484\Debug\arm_controller_v2.1.a(stop_elb_dn.o)
                0x00003480                stop_elb_dn_Read
 .text.EFFECTOR_PWM_Start
                0x0000349c       0x24 .\CortexM0\ARM_GCC_484\Debug\arm_controller_v2.1.a(EFFECTOR_PWM.o)
                0x0000349c                EFFECTOR_PWM_Start
 .text.EFFECTOR_PWM_Init
                0x000034c0       0xa8 .\CortexM0\ARM_GCC_484\Debug\arm_controller_v2.1.a(EFFECTOR_PWM.o)
                0x000034c0                EFFECTOR_PWM_Init
 .text.EFFECTOR_PWM_Enable
                0x00003568       0x20 .\CortexM0\ARM_GCC_484\Debug\arm_controller_v2.1.a(EFFECTOR_PWM.o)
                0x00003568                EFFECTOR_PWM_Enable
 .text.EFFECTOR_PWM_WriteCounter
                0x00003588       0x20 .\CortexM0\ARM_GCC_484\Debug\arm_controller_v2.1.a(EFFECTOR_PWM.o)
                0x00003588                EFFECTOR_PWM_WriteCounter
 .text.EFFECTOR_PWM_ClearFIFO
                0x000035a8       0x1c .\CortexM0\ARM_GCC_484\Debug\arm_controller_v2.1.a(EFFECTOR_PWM.o)
                0x000035a8                EFFECTOR_PWM_ClearFIFO
 .text.EFFECTOR_PWM_WritePeriod
                0x000035c4       0x20 .\CortexM0\ARM_GCC_484\Debug\arm_controller_v2.1.a(EFFECTOR_PWM.o)
                0x000035c4                EFFECTOR_PWM_WritePeriod
 .text.EFFECTOR_PWM_WriteCompare
                0x000035e4       0x20 .\CortexM0\ARM_GCC_484\Debug\arm_controller_v2.1.a(EFFECTOR_PWM.o)
                0x000035e4                EFFECTOR_PWM_WriteCompare
 .text.EFFECTOR_PWM_SetInterruptMode
                0x00003604       0x20 .\CortexM0\ARM_GCC_484\Debug\arm_controller_v2.1.a(EFFECTOR_PWM.o)
                0x00003604                EFFECTOR_PWM_SetInterruptMode
 .text.EFFECTOR_PWM_ReadStatusRegister
                0x00003624       0x14 .\CortexM0\ARM_GCC_484\Debug\arm_controller_v2.1.a(EFFECTOR_PWM.o)
                0x00003624                EFFECTOR_PWM_ReadStatusRegister
 .text.EFFECTOR_PWM_ReadCapture
                0x00003638       0x14 .\CortexM0\ARM_GCC_484\Debug\arm_controller_v2.1.a(EFFECTOR_PWM.o)
                0x00003638                EFFECTOR_PWM_ReadCapture
 .text.Wrist_UART_Init
                0x0000364c        0xc .\CortexM0\ARM_GCC_484\Debug\arm_controller_v2.1.a(Wrist_UART.o)
                0x0000364c                Wrist_UART_Init
 .text.Wrist_UART_Enable
                0x00003658       0x20 .\CortexM0\ARM_GCC_484\Debug\arm_controller_v2.1.a(Wrist_UART.o)
                0x00003658                Wrist_UART_Enable
 .text.Wrist_UART_Start
                0x00003678       0x24 .\CortexM0\ARM_GCC_484\Debug\arm_controller_v2.1.a(Wrist_UART.o)
                0x00003678                Wrist_UART_Start
 .text.Wrist_UART_ScbEnableIntr
                0x0000369c        0x8 .\CortexM0\ARM_GCC_484\Debug\arm_controller_v2.1.a(Wrist_UART.o)
 .text.Wrist_UART_SpiUartWriteTxData
                0x000036a4       0x2c .\CortexM0\ARM_GCC_484\Debug\arm_controller_v2.1.a(Wrist_UART_SPI_UART.o)
                0x000036a4                Wrist_UART_SpiUartWriteTxData
 .text.Wrist_UART_SpiUartPutArray
                0x000036d0       0x34 .\CortexM0\ARM_GCC_484\Debug\arm_controller_v2.1.a(Wrist_UART_SPI_UART.o)
                0x000036d0                Wrist_UART_SpiUartPutArray
 .text.Wrist_UART_UartInit
                0x00003704       0xa8 .\CortexM0\ARM_GCC_484\Debug\arm_controller_v2.1.a(Wrist_UART_UART.o)
                0x00003704                Wrist_UART_UartInit
 .text          0x000037ac       0x9c c:/program files (x86)/cypress/psoc creator/3.1/psoc creator/import/gnu_cs/arm/4.8.4/bin/../lib/gcc/arm-none-eabi/4.8.4/armv6-m\libgcc.a(_udivsi3.o)
                0x000037ac                __aeabi_uidiv
                0x000037ac                __udivsi3
                0x00003834                __aeabi_uidivmod
 .text          0x00003848       0xc0 c:/program files (x86)/cypress/psoc creator/3.1/psoc creator/import/gnu_cs/arm/4.8.4/bin/../lib/gcc/arm-none-eabi/4.8.4/armv6-m\libgcc.a(_divsi3.o)
                0x00003848                __divsi3
                0x00003848                __aeabi_idiv
                0x000038f4                __aeabi_idivmod
 .text          0x00003908        0x4 c:/program files (x86)/cypress/psoc creator/3.1/psoc creator/import/gnu_cs/arm/4.8.4/bin/../lib/gcc/arm-none-eabi/4.8.4/armv6-m\libgcc.a(_dvmd_tls.o)
                0x00003908                __aeabi_idiv0
                0x00003908                __aeabi_ldiv0
 .text.__libc_init_array
                0x0000390c       0x4c c:/program files (x86)/cypress/psoc creator/3.1/psoc creator/import/gnu_cs/arm/4.8.4/bin/../lib/gcc/arm-none-eabi/4.8.4/../../../../arm-none-eabi/lib/armv6-m\libg_s.a(lib_a-init.o)
                0x0000390c                __libc_init_array
 .text.memcpy   0x00003958       0x12 c:/program files (x86)/cypress/psoc creator/3.1/psoc creator/import/gnu_cs/arm/4.8.4/bin/../lib/gcc/arm-none-eabi/4.8.4/../../../../arm-none-eabi/lib/armv6-m\libg_s.a(lib_a-memcpy-stub.o)
                0x00003958                memcpy
 .text.memset   0x0000396a       0x10 c:/program files (x86)/cypress/psoc creator/3.1/psoc creator/import/gnu_cs/arm/4.8.4/bin/../lib/gcc/arm-none-eabi/4.8.4/../../../../arm-none-eabi/lib/armv6-m\libg_s.a(lib_a-memset.o)
                0x0000396a                memset
 *(.plt)
 *(.gnu.warning)
 *(.glue_7t)
 .glue_7t       0x00000000        0x0 linker stubs
 *(.glue_7)
 .glue_7        0x00000000        0x0 linker stubs
 *(.vfp11_veneer)
 .vfp11_veneer  0x00000000        0x0 linker stubs
 *(.bootloader)
 *(.ARM.extab* .gnu.linkonce.armextab.*)
 *(.gcc_except_table)

.v4_bx          0x0000397c        0x0
 .v4_bx         0x00000000        0x0 linker stubs

.iplt           0x0000397c        0x0
 .iplt          0x00000000        0x0 c:/program files (x86)/cypress/psoc creator/3.1/psoc creator/import/gnu_cs/arm/4.8.4/bin/../lib/gcc/arm-none-eabi/4.8.4/armv6-m/crtbegin.o

.eh_frame_hdr
 *(.eh_frame_hdr)

.eh_frame       0x0000397c        0x4
 *(.eh_frame)
 .eh_frame      0x0000397c        0x0 c:/program files (x86)/cypress/psoc creator/3.1/psoc creator/import/gnu_cs/arm/4.8.4/bin/../lib/gcc/arm-none-eabi/4.8.4/armv6-m/crtbegin.o
 .eh_frame      0x0000397c        0x4 c:/program files (x86)/cypress/psoc creator/3.1/psoc creator/import/gnu_cs/arm/4.8.4/bin/../lib/gcc/arm-none-eabi/4.8.4/armv6-m/crtend.o
                0x00003980                PROVIDE (__exidx_start, .)

.ARM.exidx
 *(.ARM.exidx* .gnu.linkonce.armexidx.*)
                0x00003980                __exidx_end = .

.rodata         0x00003980      0x370
 *(.rodata .rodata.* .gnu.linkonce.r.*)
 .rodata        0x00003980       0x30 .\CortexM0\ARM_GCC_484\Debug\wiznet5500.o
 .rodata        0x000039b0      0x300 .\CortexM0\ARM_GCC_484\Debug\arm_controller_v2.1.a(cyfitter_cfg.o)
 .rodata        0x00003cb0        0xc .\CortexM0\ARM_GCC_484\Debug\arm_controller_v2.1.a(ADC.o)
                0x00003cbc                . = ALIGN (0x4)
 *(.init)
 .init          0x00003cbc        0x4 c:/program files (x86)/cypress/psoc creator/3.1/psoc creator/import/gnu_cs/arm/4.8.4/bin/../lib/gcc/arm-none-eabi/4.8.4/armv6-m/crti.o
                0x00003cbc                _init
 .init          0x00003cc0        0x8 c:/program files (x86)/cypress/psoc creator/3.1/psoc creator/import/gnu_cs/arm/4.8.4/bin/../lib/gcc/arm-none-eabi/4.8.4/armv6-m/crtn.o
                0x00003cc8                . = ALIGN (0x4)
                0x00003cc8                __preinit_array_start = .
 *(.preinit_array)
                0x00003cc8                __preinit_array_end = .
                0x00003cc8                . = ALIGN (0x4)
                0x00003cc8                __init_array_start = .
 *(SORT(.init_array.*))
 *(.init_array)
 .init_array    0x00003cc8        0x4 c:/program files (x86)/cypress/psoc creator/3.1/psoc creator/import/gnu_cs/arm/4.8.4/bin/../lib/gcc/arm-none-eabi/4.8.4/armv6-m/crtbegin.o
 .init_array    0x00003ccc        0x4 .\CortexM0\ARM_GCC_484\Debug\Cm0Start.o
                0x00003cd0                __init_array_end = .
                0x00003cd0                . = ALIGN (0x4)
 *(.fini)
 .fini          0x00003cd0        0x4 c:/program files (x86)/cypress/psoc creator/3.1/psoc creator/import/gnu_cs/arm/4.8.4/bin/../lib/gcc/arm-none-eabi/4.8.4/armv6-m/crti.o
                0x00003cd0                _fini
 .fini          0x00003cd4        0x8 c:/program files (x86)/cypress/psoc creator/3.1/psoc creator/import/gnu_cs/arm/4.8.4/bin/../lib/gcc/arm-none-eabi/4.8.4/armv6-m/crtn.o
                0x00003cdc                . = ALIGN (0x4)
                0x00003cdc                __fini_array_start = .
 *(.fini_array)
 .fini_array    0x00003cdc        0x4 c:/program files (x86)/cypress/psoc creator/3.1/psoc creator/import/gnu_cs/arm/4.8.4/bin/../lib/gcc/arm-none-eabi/4.8.4/armv6-m/crtbegin.o
 *(SORT(.fini_array.*))
                0x00003ce0                __fini_array_end = .
                0x00003ce0                . = ALIGN (0x4)
 *crtbegin.o(.ctors)
 *(EXCLUDE_FILE(*crtend.o) .ctors)
 *(SORT(.ctors.*))
 *crtend.o(.ctors)
                0x00003ce0                . = ALIGN (0x4)
 *crtbegin.o(.dtors)
 *(EXCLUDE_FILE(*crtend.o) .dtors)
 *(SORT(.dtors.*))
 *crtend.o(.dtors)
                0x00003ce0                . = ALIGN (0x4)
                0x00003ce0                __cy_regions = .
                0x00003ce0        0x4 LONG 0x3cf0 __cy_region_init_ram
                0x00003ce4        0x4 LONG 0x200000c8 __cy_region_start_data
                0x00003ce8        0x4 LONG 0x28 __cy_region_init_size_ram
                0x00003cec        0x4 LONG 0xa0 __cy_region_zero_size_ram
                0x00003cf0                __cy_regions_end = .
                0x00003cf0                . = ALIGN (0x8)
                0x00003cf0                _etext = .

.ramvectors     0x20000000       0xc0
                0x20000000                __cy_region_start_ram = .
 *(.ramvectors)
 .ramvectors    0x20000000       0xc0 .\CortexM0\ARM_GCC_484\Debug\Cm0Start.o
                0x20000000                CyRamVectors

.noinit         0x200000c0        0x4
 *(.noinit)
 .noinit        0x200000c0        0x4 .\CortexM0\ARM_GCC_484\Debug\Cm0Start.o

.data           0x200000c8       0x28 load address 0x00003cf0
                0x200000c8                __cy_region_start_data = .
 *(.jcr)
 .jcr           0x200000c8        0x0 c:/program files (x86)/cypress/psoc creator/3.1/psoc creator/import/gnu_cs/arm/4.8.4/bin/../lib/gcc/arm-none-eabi/4.8.4/armv6-m/crtbegin.o
 .jcr           0x200000c8        0x4 c:/program files (x86)/cypress/psoc creator/3.1/psoc creator/import/gnu_cs/arm/4.8.4/bin/../lib/gcc/arm-none-eabi/4.8.4/armv6-m/crtend.o
 *(.got.plt)
 *(.got)
 *(.shdata)
 *(.data .data.* .gnu.linkonce.d.*)
 .data          0x200000cc       0x10 .\CortexM0\ARM_GCC_484\Debug\main.o
                0x200000cc                ELBOW_UPPER_BOUND
                0x200000d0                ELBOW_LOWER_BOUND
                0x200000d4                SHOULDER_UPPER_BOUND
                0x200000d8                SHOULDER_LOWER_BOUND
 .data          0x200000dc        0x4 .\CortexM0\ARM_GCC_484\Debug\arm_controller_v2.1.a(cyfitter_cfg.o)
 .data          0x200000e0       0x10 .\CortexM0\ARM_GCC_484\Debug\arm_controller_v2.1.a(CyLib.o)
                0x200000e0                cydelayFreqHz
                0x200000e4                cydelayFreqKhz
                0x200000e8                cydelayFreqMhz
                0x200000ec                cydelay32kMs
                0x200000f0                . = ALIGN (0x8)
 *(.ram)
                0x200000f0                _edata = .

.igot.plt       0x200000f0        0x0 load address 0x00003d18
 .igot.plt      0x00000000        0x0 c:/program files (x86)/cypress/psoc creator/3.1/psoc creator/import/gnu_cs/arm/4.8.4/bin/../lib/gcc/arm-none-eabi/4.8.4/armv6-m/crtbegin.o

.bss            0x200000f0       0xa0 load address 0x00003d18
                0x200000f0                PROVIDE (__bss_start__, .)
 *(.shbss)
 *(.bss .bss.* .gnu.linkonce.b.*)
 .bss           0x200000f0       0x1c c:/program files (x86)/cypress/psoc creator/3.1/psoc creator/import/gnu_cs/arm/4.8.4/bin/../lib/gcc/arm-none-eabi/4.8.4/armv6-m/crtbegin.o
 .bss           0x2000010c       0x18 .\CortexM0\ARM_GCC_484\Debug\main.o
                0x2000010c                WT_FLAG
                0x2000010d                WR_FLAG
                0x2000010e                ELBOW_FLAG
                0x2000010f                SHOULDER_FLAG
                0x20000110                BA_FLAG
                0x20000111                EFFECTOR_FLAG
                0x20000112                ARD_FLAG
                0x20000114                dropped_packets
                0x20000116                fail_safe_errors
                0x20000118                shldr_errors
                0x2000011a                elbw_errors
                0x2000011c                BA_errors
                0x2000011e                WT_errors
                0x20000120                WR_errors
                0x20000122                eff_errors
 .bss           0x20000124        0x4 .\CortexM0\ARM_GCC_484\Debug\wiznet5500.o
 .bss           0x20000128        0x1 .\CortexM0\ARM_GCC_484\Debug\arm_controller_v2.1.a(Timer_1.o)
                0x20000128                Timer_1_initVar
 .bss           0x20000129        0x1 .\CortexM0\ARM_GCC_484\Debug\arm_controller_v2.1.a(ADC.o)
                0x20000129                ADC_initVar
 .bss           0x2000012a        0x1 .\CortexM0\ARM_GCC_484\Debug\arm_controller_v2.1.a(BA_PWM.o)
                0x2000012a                BA_PWM_initVar
 .bss           0x2000012b        0x1 .\CortexM0\ARM_GCC_484\Debug\arm_controller_v2.1.a(ELBW_PWM.o)
                0x2000012b                ELBW_PWM_initVar
 .bss           0x2000012c        0x1 .\CortexM0\ARM_GCC_484\Debug\arm_controller_v2.1.a(SHLDR_PWM.o)
                0x2000012c                SHLDR_PWM_initVar
 .bss           0x2000012d        0x1 .\CortexM0\ARM_GCC_484\Debug\arm_controller_v2.1.a(SPIM_1.o)
                0x2000012d                SPIM_1_initVar
 .bss           0x2000012e        0x1 .\CortexM0\ARM_GCC_484\Debug\arm_controller_v2.1.a(EFFECTOR_PWM.o)
                0x2000012e                EFFECTOR_PWM_initVar
 *fill*         0x2000012f        0x1 
 .bss           0x20000130        0x8 .\CortexM0\ARM_GCC_484\Debug\arm_controller_v2.1.a(Wrist_UART.o)
                0x20000130                Wrist_UART_initVar
                0x20000134                Wrist_UART_customIntrHandler
 *(COMMON)
 COMMON         0x20000138       0x47 .\CortexM0\ARM_GCC_484\Debug\main.o
                0x20000138                test_array
                0x2000014e                baseAzimuth_state
                0x20000150                data_array
                0x20000166                wristTilt_state
                0x20000167                shoulder_state
                0x20000168                timerFlag
                0x20000169                elbow_state
                0x2000016a                effector_state
                0x2000016b                wristRotate_state
                0x2000016c                arduino_state
                0x20000170                feedback_array
                0x2000017e                wiznet
 *fill*         0x2000017f        0x1 
 COMMON         0x20000180        0xc .\CortexM0\ARM_GCC_484\Debug\arm_controller_v2.1.a(ADC.o)
                0x20000180                ADC_countsPer10Volt
                0x20000188                ADC_offset
                0x20000190                . = ALIGN (0x8)
 *fill*         0x2000018c        0x4 
 *(.ram.b)
                0x20000190                _end = .
                0x20000190                __end = .
                0x20000190                PROVIDE (end, .)
                0x20000190                PROVIDE (__bss_end__, .)
                0x00003cf0                __cy_region_init_ram = LOADADDR (.data)
                0x00000028                __cy_region_init_size_ram = (_edata - ADDR (.data))
                0x000000a0                __cy_region_zero_size_ram = (_end - _edata)

.heap           0x20000190       0x80 load address 0x00003d18
                0x20000190                . = _end
                0x20000210                . = (. + 0x80)
 *fill*         0x20000190       0x80 
                0x20000210                __cy_heap_limit = .

.stack          0x20000c00      0x400
                0x20000c00                __cy_stack_limit = .
                0x20001000                . = (. + 0x400)
 *fill*         0x20000c00      0x400 
                0x00000001                ASSERT ((__cy_stack_limit >= __cy_heap_limit), region RAM overflowed with stack)

.cyloadermeta
 *(.cyloadermeta)

.cyloadablemeta
 *(.cyloadablemeta)

.cyflashprotect
                0x90400000       0x20
 *(.cyflashprotect)
 .cyflashprotect
                0x90400000       0x20 .\CortexM0\ARM_GCC_484\Debug\cymetadata.o
                0x90400000                cy_meta_flashprotect

.cymeta         0x90500000        0xc
 *(.cymeta)
 .cymeta        0x90500000        0xc .\CortexM0\ARM_GCC_484\Debug\cymetadata.o
                0x90500000                cy_metadata

.cychipprotect  0x90600000        0x4
 *(.cychipprotect)
 .cychipprotect
                0x90600000        0x4 .\CortexM0\ARM_GCC_484\Debug\cymetadata.o
                0x90600000                cy_meta_chipprotect

.rel.dyn        0x00003d18        0x0 load address 0x90600004
 .rel.iplt      0x00000000        0x0 c:/program files (x86)/cypress/psoc creator/3.1/psoc creator/import/gnu_cs/arm/4.8.4/bin/../lib/gcc/arm-none-eabi/4.8.4/armv6-m/crtbegin.o

.stab           0x00000000       0x9c
 *(.stab)
 .stab          0x00000000       0x24 c:/program files (x86)/cypress/psoc creator/3.1/psoc creator/import/gnu_cs/arm/4.8.4/bin/../lib/gcc/arm-none-eabi/4.8.4/../../../../arm-none-eabi/lib/armv6-m\libnosys.a(close.o)
 .stab          0x00000024       0x18 c:/program files (x86)/cypress/psoc creator/3.1/psoc creator/import/gnu_cs/arm/4.8.4/bin/../lib/gcc/arm-none-eabi/4.8.4/../../../../arm-none-eabi/lib/armv6-m\libnosys.a(fstat.o)
                                 0x24 (size before relaxing)
 .stab          0x0000003c       0x18 c:/program files (x86)/cypress/psoc creator/3.1/psoc creator/import/gnu_cs/arm/4.8.4/bin/../lib/gcc/arm-none-eabi/4.8.4/../../../../arm-none-eabi/lib/armv6-m\libnosys.a(isatty.o)
                                 0x24 (size before relaxing)
 .stab          0x00000054       0x18 c:/program files (x86)/cypress/psoc creator/3.1/psoc creator/import/gnu_cs/arm/4.8.4/bin/../lib/gcc/arm-none-eabi/4.8.4/../../../../arm-none-eabi/lib/armv6-m\libnosys.a(lseek.o)
                                 0x24 (size before relaxing)
 .stab          0x0000006c       0x18 c:/program files (x86)/cypress/psoc creator/3.1/psoc creator/import/gnu_cs/arm/4.8.4/bin/../lib/gcc/arm-none-eabi/4.8.4/../../../../arm-none-eabi/lib/armv6-m\libnosys.a(read.o)
                                 0x24 (size before relaxing)
 .stab          0x00000084       0x18 c:/program files (x86)/cypress/psoc creator/3.1/psoc creator/import/gnu_cs/arm/4.8.4/bin/../lib/gcc/arm-none-eabi/4.8.4/../../../../arm-none-eabi/lib/armv6-m\libnosys.a(write.o)
                                 0x24 (size before relaxing)

.stabstr        0x00000000      0x14d
 *(.stabstr)
 .stabstr       0x00000000      0x14d c:/program files (x86)/cypress/psoc creator/3.1/psoc creator/import/gnu_cs/arm/4.8.4/bin/../lib/gcc/arm-none-eabi/4.8.4/../../../../arm-none-eabi/lib/armv6-m\libnosys.a(close.o)

.debug
 *(.debug)

.line
 *(.line)

.debug_srcinfo
 *(.debug_srcinfo)

.debug_sfnames
 *(.debug_sfnames)

.debug_aranges  0x00000000     0x10c8
 *(.debug_aranges)
 .debug_aranges
                0x00000000       0xd0 .\CortexM0\ARM_GCC_484\Debug\main.o
 .debug_aranges
                0x000000d0       0x18 .\CortexM0\ARM_GCC_484\Debug\spi.o
 .debug_aranges
                0x000000e8       0xa0 .\CortexM0\ARM_GCC_484\Debug\wiznet5500.o
 .debug_aranges
                0x00000188       0x18 .\CortexM0\ARM_GCC_484\Debug\cymetadata.o
 .debug_aranges
                0x000001a0       0x48 .\CortexM0\ARM_GCC_484\Debug\Cm0Start.o
 .debug_aranges
                0x000001e8       0x60 .\CortexM0\ARM_GCC_484\Debug\arm_controller_v2.1.a(cyfitter_cfg.o)
 .debug_aranges
                0x00000248       0x40 .\CortexM0\ARM_GCC_484\Debug\arm_controller_v2.1.a(Clock_counter.o)
 .debug_aranges
                0x00000288       0x40 .\CortexM0\ARM_GCC_484\Debug\arm_controller_v2.1.a(Clock_pwm.o)
 .debug_aranges
                0x000002c8       0x80 .\CortexM0\ARM_GCC_484\Debug\arm_controller_v2.1.a(isr_1.o)
 .debug_aranges
                0x00000348       0x40 .\CortexM0\ARM_GCC_484\Debug\arm_controller_v2.1.a(LED.o)
 .debug_aranges
                0x00000388      0x158 .\CortexM0\ARM_GCC_484\Debug\arm_controller_v2.1.a(Timer_1.o)
 .debug_aranges
                0x000004e0       0x20 .\CortexM0\ARM_GCC_484\Debug\arm_controller_v2.1.a(CyBootAsmGnu.o)
 .debug_aranges
                0x00000500      0x230 .\CortexM0\ARM_GCC_484\Debug\arm_controller_v2.1.a(CyLib.o)
 .debug_aranges
                0x00000730       0x40 .\CortexM0\ARM_GCC_484\Debug\arm_controller_v2.1.a(WIZ_RDY.o)
 .debug_aranges
                0x00000770       0x40 .\CortexM0\ARM_GCC_484\Debug\arm_controller_v2.1.a(WIZ_INT.o)
 .debug_aranges
                0x000007b0       0x40 .\CortexM0\ARM_GCC_484\Debug\arm_controller_v2.1.a(WIZ_RST.o)
 .debug_aranges
                0x000007f0       0x40 .\CortexM0\ARM_GCC_484\Debug\arm_controller_v2.1.a(WIZ_SS.o)
 .debug_aranges
                0x00000830       0xa8 .\CortexM0\ARM_GCC_484\Debug\arm_controller_v2.1.a(ADC.o)
 .debug_aranges
                0x000008d8       0x20 .\CortexM0\ARM_GCC_484\Debug\arm_controller_v2.1.a(ADC_INT.o)
 .debug_aranges
                0x000008f8      0x158 .\CortexM0\ARM_GCC_484\Debug\arm_controller_v2.1.a(BA_PWM.o)
 .debug_aranges
                0x00000a50      0x158 .\CortexM0\ARM_GCC_484\Debug\arm_controller_v2.1.a(ELBW_PWM.o)
 .debug_aranges
                0x00000ba8      0x158 .\CortexM0\ARM_GCC_484\Debug\arm_controller_v2.1.a(SHLDR_PWM.o)
 .debug_aranges
                0x00000d00       0xd8 .\CortexM0\ARM_GCC_484\Debug\arm_controller_v2.1.a(SPIM_1.o)
 .debug_aranges
                0x00000dd8       0x40 .\CortexM0\ARM_GCC_484\Debug\arm_controller_v2.1.a(SPIM_1_IntClock.o)
 .debug_aranges
                0x00000e18       0x40 .\CortexM0\ARM_GCC_484\Debug\arm_controller_v2.1.a(stop_shdr_up.o)
 .debug_aranges
                0x00000e58       0x40 .\CortexM0\ARM_GCC_484\Debug\arm_controller_v2.1.a(stop_shdr_dn.o)
 .debug_aranges
                0x00000e98       0x40 .\CortexM0\ARM_GCC_484\Debug\arm_controller_v2.1.a(stop_elb_up.o)
 .debug_aranges
                0x00000ed8       0x40 .\CortexM0\ARM_GCC_484\Debug\arm_controller_v2.1.a(stop_elb_dn.o)
 .debug_aranges
                0x00000f18       0x98 .\CortexM0\ARM_GCC_484\Debug\arm_controller_v2.1.a(EFFECTOR_PWM.o)
 .debug_aranges
                0x00000fb0       0x68 .\CortexM0\ARM_GCC_484\Debug\arm_controller_v2.1.a(Wrist_UART.o)
 .debug_aranges
                0x00001018       0x60 .\CortexM0\ARM_GCC_484\Debug\arm_controller_v2.1.a(Wrist_UART_SPI_UART.o)
 .debug_aranges
                0x00001078       0x50 .\CortexM0\ARM_GCC_484\Debug\arm_controller_v2.1.a(Wrist_UART_UART.o)

.debug_pubnames
 *(.debug_pubnames)

.debug_info     0x00000000     0x677b
 *(.debug_info .gnu.linkonce.wi.*)
 .debug_info    0x00000000      0xbce .\CortexM0\ARM_GCC_484\Debug\main.o
 .debug_info    0x00000bce       0x80 .\CortexM0\ARM_GCC_484\Debug\spi.o
 .debug_info    0x00000c4e      0x545 .\CortexM0\ARM_GCC_484\Debug\wiznet5500.o
 .debug_info    0x00001193       0xfd .\CortexM0\ARM_GCC_484\Debug\cymetadata.o
 .debug_info    0x00001290      0x2ff .\CortexM0\ARM_GCC_484\Debug\Cm0Start.o
 .debug_info    0x0000158f      0x57e .\CortexM0\ARM_GCC_484\Debug\arm_controller_v2.1.a(cyfitter_cfg.o)
 .debug_info    0x00001b0d      0x14d .\CortexM0\ARM_GCC_484\Debug\arm_controller_v2.1.a(Clock_counter.o)
 .debug_info    0x00001c5a      0x14d .\CortexM0\ARM_GCC_484\Debug\arm_controller_v2.1.a(Clock_pwm.o)
 .debug_info    0x00001da7      0x241 .\CortexM0\ARM_GCC_484\Debug\arm_controller_v2.1.a(isr_1.o)
 .debug_info    0x00001fe8      0x14c .\CortexM0\ARM_GCC_484\Debug\arm_controller_v2.1.a(LED.o)
 .debug_info    0x00002134      0x6f0 .\CortexM0\ARM_GCC_484\Debug\arm_controller_v2.1.a(Timer_1.o)
 .debug_info    0x00002824       0xa1 .\CortexM0\ARM_GCC_484\Debug\arm_controller_v2.1.a(CyBootAsmGnu.o)
 .debug_info    0x000028c5      0xc5b .\CortexM0\ARM_GCC_484\Debug\arm_controller_v2.1.a(CyLib.o)
 .debug_info    0x00003520      0x14c .\CortexM0\ARM_GCC_484\Debug\arm_controller_v2.1.a(WIZ_RDY.o)
 .debug_info    0x0000366c      0x14c .\CortexM0\ARM_GCC_484\Debug\arm_controller_v2.1.a(WIZ_INT.o)
 .debug_info    0x000037b8      0x14c .\CortexM0\ARM_GCC_484\Debug\arm_controller_v2.1.a(WIZ_RST.o)
 .debug_info    0x00003904      0x14c .\CortexM0\ARM_GCC_484\Debug\arm_controller_v2.1.a(WIZ_SS.o)
 .debug_info    0x00003a50      0x49a .\CortexM0\ARM_GCC_484\Debug\arm_controller_v2.1.a(ADC.o)
 .debug_info    0x00003eea       0xc4 .\CortexM0\ARM_GCC_484\Debug\arm_controller_v2.1.a(ADC_INT.o)
 .debug_info    0x00003fae      0x6f0 .\CortexM0\ARM_GCC_484\Debug\arm_controller_v2.1.a(BA_PWM.o)
 .debug_info    0x0000469e      0x6f0 .\CortexM0\ARM_GCC_484\Debug\arm_controller_v2.1.a(ELBW_PWM.o)
 .debug_info    0x00004d8e      0x6f0 .\CortexM0\ARM_GCC_484\Debug\arm_controller_v2.1.a(SHLDR_PWM.o)
 .debug_info    0x0000547e      0x3ec .\CortexM0\ARM_GCC_484\Debug\arm_controller_v2.1.a(SPIM_1.o)
 .debug_info    0x0000586a      0x14d .\CortexM0\ARM_GCC_484\Debug\arm_controller_v2.1.a(SPIM_1_IntClock.o)
 .debug_info    0x000059b7      0x14c .\CortexM0\ARM_GCC_484\Debug\arm_controller_v2.1.a(stop_shdr_up.o)
 .debug_info    0x00005b03      0x14c .\CortexM0\ARM_GCC_484\Debug\arm_controller_v2.1.a(stop_shdr_dn.o)
 .debug_info    0x00005c4f      0x14c .\CortexM0\ARM_GCC_484\Debug\arm_controller_v2.1.a(stop_elb_up.o)
 .debug_info    0x00005d9b      0x14c .\CortexM0\ARM_GCC_484\Debug\arm_controller_v2.1.a(stop_elb_dn.o)
 .debug_info    0x00005ee7      0x29e .\CortexM0\ARM_GCC_484\Debug\arm_controller_v2.1.a(EFFECTOR_PWM.o)
 .debug_info    0x00006185      0x1eb .\CortexM0\ARM_GCC_484\Debug\arm_controller_v2.1.a(Wrist_UART.o)
 .debug_info    0x00006370      0x20d .\CortexM0\ARM_GCC_484\Debug\arm_controller_v2.1.a(Wrist_UART_SPI_UART.o)
 .debug_info    0x0000657d      0x1fe .\CortexM0\ARM_GCC_484\Debug\arm_controller_v2.1.a(Wrist_UART_UART.o)

.debug_abbrev   0x00000000     0x1f76
 *(.debug_abbrev)
 .debug_abbrev  0x00000000      0x1f8 .\CortexM0\ARM_GCC_484\Debug\main.o
 .debug_abbrev  0x000001f8       0x26 .\CortexM0\ARM_GCC_484\Debug\spi.o
 .debug_abbrev  0x0000021e      0x14e .\CortexM0\ARM_GCC_484\Debug\wiznet5500.o
 .debug_abbrev  0x0000036c       0x5d .\CortexM0\ARM_GCC_484\Debug\cymetadata.o
 .debug_abbrev  0x000003c9      0x1b4 .\CortexM0\ARM_GCC_484\Debug\Cm0Start.o
 .debug_abbrev  0x0000057d      0x1cd .\CortexM0\ARM_GCC_484\Debug\arm_controller_v2.1.a(cyfitter_cfg.o)
 .debug_abbrev  0x0000074a       0xb5 .\CortexM0\ARM_GCC_484\Debug\arm_controller_v2.1.a(Clock_counter.o)
 .debug_abbrev  0x000007ff       0xb5 .\CortexM0\ARM_GCC_484\Debug\arm_controller_v2.1.a(Clock_pwm.o)
 .debug_abbrev  0x000008b4      0x168 .\CortexM0\ARM_GCC_484\Debug\arm_controller_v2.1.a(isr_1.o)
 .debug_abbrev  0x00000a1c       0xb7 .\CortexM0\ARM_GCC_484\Debug\arm_controller_v2.1.a(LED.o)
 .debug_abbrev  0x00000ad3      0x109 .\CortexM0\ARM_GCC_484\Debug\arm_controller_v2.1.a(Timer_1.o)
 .debug_abbrev  0x00000bdc       0x14 .\CortexM0\ARM_GCC_484\Debug\arm_controller_v2.1.a(CyBootAsmGnu.o)
 .debug_abbrev  0x00000bf0      0x207 .\CortexM0\ARM_GCC_484\Debug\arm_controller_v2.1.a(CyLib.o)
 .debug_abbrev  0x00000df7       0xb7 .\CortexM0\ARM_GCC_484\Debug\arm_controller_v2.1.a(WIZ_RDY.o)
 .debug_abbrev  0x00000eae       0xb7 .\CortexM0\ARM_GCC_484\Debug\arm_controller_v2.1.a(WIZ_INT.o)
 .debug_abbrev  0x00000f65       0xb7 .\CortexM0\ARM_GCC_484\Debug\arm_controller_v2.1.a(WIZ_RST.o)
 .debug_abbrev  0x0000101c       0xb7 .\CortexM0\ARM_GCC_484\Debug\arm_controller_v2.1.a(WIZ_SS.o)
 .debug_abbrev  0x000010d3      0x170 .\CortexM0\ARM_GCC_484\Debug\arm_controller_v2.1.a(ADC.o)
 .debug_abbrev  0x00001243       0x72 .\CortexM0\ARM_GCC_484\Debug\arm_controller_v2.1.a(ADC_INT.o)
 .debug_abbrev  0x000012b5      0x109 .\CortexM0\ARM_GCC_484\Debug\arm_controller_v2.1.a(BA_PWM.o)
 .debug_abbrev  0x000013be      0x109 .\CortexM0\ARM_GCC_484\Debug\arm_controller_v2.1.a(ELBW_PWM.o)
 .debug_abbrev  0x000014c7      0x109 .\CortexM0\ARM_GCC_484\Debug\arm_controller_v2.1.a(SHLDR_PWM.o)
 .debug_abbrev  0x000015d0      0x163 .\CortexM0\ARM_GCC_484\Debug\arm_controller_v2.1.a(SPIM_1.o)
 .debug_abbrev  0x00001733       0xb5 .\CortexM0\ARM_GCC_484\Debug\arm_controller_v2.1.a(SPIM_1_IntClock.o)
 .debug_abbrev  0x000017e8       0xb7 .\CortexM0\ARM_GCC_484\Debug\arm_controller_v2.1.a(stop_shdr_up.o)
 .debug_abbrev  0x0000189f       0xb7 .\CortexM0\ARM_GCC_484\Debug\arm_controller_v2.1.a(stop_shdr_dn.o)
 .debug_abbrev  0x00001956       0xb7 .\CortexM0\ARM_GCC_484\Debug\arm_controller_v2.1.a(stop_elb_up.o)
 .debug_abbrev  0x00001a0d       0xb7 .\CortexM0\ARM_GCC_484\Debug\arm_controller_v2.1.a(stop_elb_dn.o)
 .debug_abbrev  0x00001ac4      0x13b .\CortexM0\ARM_GCC_484\Debug\arm_controller_v2.1.a(EFFECTOR_PWM.o)
 .debug_abbrev  0x00001bff      0x122 .\CortexM0\ARM_GCC_484\Debug\arm_controller_v2.1.a(Wrist_UART.o)
 .debug_abbrev  0x00001d21      0x15c .\CortexM0\ARM_GCC_484\Debug\arm_controller_v2.1.a(Wrist_UART_SPI_UART.o)
 .debug_abbrev  0x00001e7d       0xf9 .\CortexM0\ARM_GCC_484\Debug\arm_controller_v2.1.a(Wrist_UART_UART.o)

.debug_line     0x00000000     0x373f
 *(.debug_line)
 .debug_line    0x00000000      0x6c5 .\CortexM0\ARM_GCC_484\Debug\main.o
 .debug_line    0x000006c5       0x1d .\CortexM0\ARM_GCC_484\Debug\spi.o
 .debug_line    0x000006e2      0x373 .\CortexM0\ARM_GCC_484\Debug\wiznet5500.o
 .debug_line    0x00000a55       0x53 .\CortexM0\ARM_GCC_484\Debug\cymetadata.o
 .debug_line    0x00000aa8      0x1bb .\CortexM0\ARM_GCC_484\Debug\Cm0Start.o
 .debug_line    0x00000c63      0x20e .\CortexM0\ARM_GCC_484\Debug\arm_controller_v2.1.a(cyfitter_cfg.o)
 .debug_line    0x00000e71       0xb6 .\CortexM0\ARM_GCC_484\Debug\arm_controller_v2.1.a(Clock_counter.o)
 .debug_line    0x00000f27       0xb2 .\CortexM0\ARM_GCC_484\Debug\arm_controller_v2.1.a(Clock_pwm.o)
 .debug_line    0x00000fd9      0x154 .\CortexM0\ARM_GCC_484\Debug\arm_controller_v2.1.a(isr_1.o)
 .debug_line    0x0000112d       0xa9 .\CortexM0\ARM_GCC_484\Debug\arm_controller_v2.1.a(LED.o)
 .debug_line    0x000011d6      0x370 .\CortexM0\ARM_GCC_484\Debug\arm_controller_v2.1.a(Timer_1.o)
 .debug_line    0x00001546       0x69 .\CortexM0\ARM_GCC_484\Debug\arm_controller_v2.1.a(CyBootAsmGnu.o)
 .debug_line    0x000015af      0x703 .\CortexM0\ARM_GCC_484\Debug\arm_controller_v2.1.a(CyLib.o)
 .debug_line    0x00001cb2       0xad .\CortexM0\ARM_GCC_484\Debug\arm_controller_v2.1.a(WIZ_RDY.o)
 .debug_line    0x00001d5f       0xad .\CortexM0\ARM_GCC_484\Debug\arm_controller_v2.1.a(WIZ_INT.o)
 .debug_line    0x00001e0c       0xad .\CortexM0\ARM_GCC_484\Debug\arm_controller_v2.1.a(WIZ_RST.o)
 .debug_line    0x00001eb9       0xac .\CortexM0\ARM_GCC_484\Debug\arm_controller_v2.1.a(WIZ_SS.o)
 .debug_line    0x00001f65      0x232 .\CortexM0\ARM_GCC_484\Debug\arm_controller_v2.1.a(ADC.o)
 .debug_line    0x00002197       0x64 .\CortexM0\ARM_GCC_484\Debug\arm_controller_v2.1.a(ADC_INT.o)
 .debug_line    0x000021fb      0x376 .\CortexM0\ARM_GCC_484\Debug\arm_controller_v2.1.a(BA_PWM.o)
 .debug_line    0x00002571      0x378 .\CortexM0\ARM_GCC_484\Debug\arm_controller_v2.1.a(ELBW_PWM.o)
 .debug_line    0x000028e9      0x379 .\CortexM0\ARM_GCC_484\Debug\arm_controller_v2.1.a(SHLDR_PWM.o)
 .debug_line    0x00002c62      0x272 .\CortexM0\ARM_GCC_484\Debug\arm_controller_v2.1.a(SPIM_1.o)
 .debug_line    0x00002ed4       0xb8 .\CortexM0\ARM_GCC_484\Debug\arm_controller_v2.1.a(SPIM_1_IntClock.o)
 .debug_line    0x00002f8c       0xb2 .\CortexM0\ARM_GCC_484\Debug\arm_controller_v2.1.a(stop_shdr_up.o)
 .debug_line    0x0000303e       0xb2 .\CortexM0\ARM_GCC_484\Debug\arm_controller_v2.1.a(stop_shdr_dn.o)
 .debug_line    0x000030f0       0xb1 .\CortexM0\ARM_GCC_484\Debug\arm_controller_v2.1.a(stop_elb_up.o)
 .debug_line    0x000031a1       0xb1 .\CortexM0\ARM_GCC_484\Debug\arm_controller_v2.1.a(stop_elb_dn.o)
 .debug_line    0x00003252      0x196 .\CortexM0\ARM_GCC_484\Debug\arm_controller_v2.1.a(EFFECTOR_PWM.o)
 .debug_line    0x000033e8      0x125 .\CortexM0\ARM_GCC_484\Debug\arm_controller_v2.1.a(Wrist_UART.o)
 .debug_line    0x0000350d      0x12b .\CortexM0\ARM_GCC_484\Debug\arm_controller_v2.1.a(Wrist_UART_SPI_UART.o)
 .debug_line    0x00003638      0x107 .\CortexM0\ARM_GCC_484\Debug\arm_controller_v2.1.a(Wrist_UART_UART.o)

.debug_frame    0x00000000     0x4330
 *(.debug_frame)
 .debug_frame   0x00000000      0x308 .\CortexM0\ARM_GCC_484\Debug\main.o
 .debug_frame   0x00000308      0x224 .\CortexM0\ARM_GCC_484\Debug\wiznet5500.o
 .debug_frame   0x0000052c       0xc8 .\CortexM0\ARM_GCC_484\Debug\Cm0Start.o
 .debug_frame   0x000005f4      0x128 .\CortexM0\ARM_GCC_484\Debug\arm_controller_v2.1.a(cyfitter_cfg.o)
 .debug_frame   0x0000071c       0xa0 .\CortexM0\ARM_GCC_484\Debug\arm_controller_v2.1.a(Clock_counter.o)
 .debug_frame   0x000007bc       0xa0 .\CortexM0\ARM_GCC_484\Debug\arm_controller_v2.1.a(Clock_pwm.o)
 .debug_frame   0x0000085c      0x190 .\CortexM0\ARM_GCC_484\Debug\arm_controller_v2.1.a(isr_1.o)
 .debug_frame   0x000009ec       0xa8 .\CortexM0\ARM_GCC_484\Debug\arm_controller_v2.1.a(LED.o)
 .debug_frame   0x00000a94      0x52c .\CortexM0\ARM_GCC_484\Debug\arm_controller_v2.1.a(Timer_1.o)
 .debug_frame   0x00000fc0      0x83c .\CortexM0\ARM_GCC_484\Debug\arm_controller_v2.1.a(CyLib.o)
 .debug_frame   0x000017fc       0xa8 .\CortexM0\ARM_GCC_484\Debug\arm_controller_v2.1.a(WIZ_RDY.o)
 .debug_frame   0x000018a4       0xa8 .\CortexM0\ARM_GCC_484\Debug\arm_controller_v2.1.a(WIZ_INT.o)
 .debug_frame   0x0000194c       0xa8 .\CortexM0\ARM_GCC_484\Debug\arm_controller_v2.1.a(WIZ_RST.o)
 .debug_frame   0x000019f4       0xa8 .\CortexM0\ARM_GCC_484\Debug\arm_controller_v2.1.a(WIZ_SS.o)
 .debug_frame   0x00001a9c      0x24c .\CortexM0\ARM_GCC_484\Debug\arm_controller_v2.1.a(ADC.o)
 .debug_frame   0x00001ce8       0x30 .\CortexM0\ARM_GCC_484\Debug\arm_controller_v2.1.a(ADC_INT.o)
 .debug_frame   0x00001d18      0x52c .\CortexM0\ARM_GCC_484\Debug\arm_controller_v2.1.a(BA_PWM.o)
 .debug_frame   0x00002244      0x52c .\CortexM0\ARM_GCC_484\Debug\arm_controller_v2.1.a(ELBW_PWM.o)
 .debug_frame   0x00002770      0x52c .\CortexM0\ARM_GCC_484\Debug\arm_controller_v2.1.a(SHLDR_PWM.o)
 .debug_frame   0x00002c9c      0x2fc .\CortexM0\ARM_GCC_484\Debug\arm_controller_v2.1.a(SPIM_1.o)
 .debug_frame   0x00002f98       0xa0 .\CortexM0\ARM_GCC_484\Debug\arm_controller_v2.1.a(SPIM_1_IntClock.o)
 .debug_frame   0x00003038       0xa8 .\CortexM0\ARM_GCC_484\Debug\arm_controller_v2.1.a(stop_shdr_up.o)
 .debug_frame   0x000030e0       0xa8 .\CortexM0\ARM_GCC_484\Debug\arm_controller_v2.1.a(stop_shdr_dn.o)
 .debug_frame   0x00003188       0xa8 .\CortexM0\ARM_GCC_484\Debug\arm_controller_v2.1.a(stop_elb_up.o)
 .debug_frame   0x00003230       0xa8 .\CortexM0\ARM_GCC_484\Debug\arm_controller_v2.1.a(stop_elb_dn.o)
 .debug_frame   0x000032d8      0x1f0 .\CortexM0\ARM_GCC_484\Debug\arm_controller_v2.1.a(EFFECTOR_PWM.o)
 .debug_frame   0x000034c8      0x134 .\CortexM0\ARM_GCC_484\Debug\arm_controller_v2.1.a(Wrist_UART.o)
 .debug_frame   0x000035fc      0x128 .\CortexM0\ARM_GCC_484\Debug\arm_controller_v2.1.a(Wrist_UART_SPI_UART.o)
 .debug_frame   0x00003724       0xec .\CortexM0\ARM_GCC_484\Debug\arm_controller_v2.1.a(Wrist_UART_UART.o)
 .debug_frame   0x00003810       0x20 c:/program files (x86)/cypress/psoc creator/3.1/psoc creator/import/gnu_cs/arm/4.8.4/bin/../lib/gcc/arm-none-eabi/4.8.4/armv6-m\libgcc.a(_udivsi3.o)
 .debug_frame   0x00003830       0x20 c:/program files (x86)/cypress/psoc creator/3.1/psoc creator/import/gnu_cs/arm/4.8.4/bin/../lib/gcc/arm-none-eabi/4.8.4/armv6-m\libgcc.a(_divsi3.o)
 .debug_frame   0x00003850       0x30 c:/program files (x86)/cypress/psoc creator/3.1/psoc creator/import/gnu_cs/arm/4.8.4/bin/../lib/gcc/arm-none-eabi/4.8.4/armv6-m\libgcc.a(_muldi3.o)
 .debug_frame   0x00003880       0x50 c:/program files (x86)/cypress/psoc creator/3.1/psoc creator/import/gnu_cs/arm/4.8.4/bin/../lib/gcc/arm-none-eabi/4.8.4/armv6-m\libgcc.a(bpabi.o)
 .debug_frame   0x000038d0       0x3c c:/program files (x86)/cypress/psoc creator/3.1/psoc creator/import/gnu_cs/arm/4.8.4/bin/../lib/gcc/arm-none-eabi/4.8.4/armv6-m\libgcc.a(divsf3.o)
 .debug_frame   0x0000390c       0x3c c:/program files (x86)/cypress/psoc creator/3.1/psoc creator/import/gnu_cs/arm/4.8.4/bin/../lib/gcc/arm-none-eabi/4.8.4/armv6-m\libgcc.a(mulsf3.o)
 .debug_frame   0x00003948       0x2c c:/program files (x86)/cypress/psoc creator/3.1/psoc creator/import/gnu_cs/arm/4.8.4/bin/../lib/gcc/arm-none-eabi/4.8.4/armv6-m\libgcc.a(floatsisf.o)
 .debug_frame   0x00003974       0x3c c:/program files (x86)/cypress/psoc creator/3.1/psoc creator/import/gnu_cs/arm/4.8.4/bin/../lib/gcc/arm-none-eabi/4.8.4/armv6-m\libgcc.a(_divdi3.o)
 .debug_frame   0x000039b0       0x3c c:/program files (x86)/cypress/psoc creator/3.1/psoc creator/import/gnu_cs/arm/4.8.4/bin/../lib/gcc/arm-none-eabi/4.8.4/armv6-m\libgcc.a(_udivdi3.o)
 .debug_frame   0x000039ec       0x20 c:/program files (x86)/cypress/psoc creator/3.1/psoc creator/import/gnu_cs/arm/4.8.4/bin/../lib/gcc/arm-none-eabi/4.8.4/../../../../arm-none-eabi/lib/armv6-m\libg_s.a(lib_a-errno.o)
 .debug_frame   0x00003a0c       0x28 c:/program files (x86)/cypress/psoc creator/3.1/psoc creator/import/gnu_cs/arm/4.8.4/bin/../lib/gcc/arm-none-eabi/4.8.4/../../../../arm-none-eabi/lib/armv6-m\libg_s.a(lib_a-exit.o)
 .debug_frame   0x00003a34       0x2c c:/program files (x86)/cypress/psoc creator/3.1/psoc creator/import/gnu_cs/arm/4.8.4/bin/../lib/gcc/arm-none-eabi/4.8.4/../../../../arm-none-eabi/lib/armv6-m\libg_s.a(lib_a-init.o)
 .debug_frame   0x00003a60       0x28 c:/program files (x86)/cypress/psoc creator/3.1/psoc creator/import/gnu_cs/arm/4.8.4/bin/../lib/gcc/arm-none-eabi/4.8.4/../../../../arm-none-eabi/lib/armv6-m\libg_s.a(lib_a-memcpy-stub.o)
 .debug_frame   0x00003a88       0x20 c:/program files (x86)/cypress/psoc creator/3.1/psoc creator/import/gnu_cs/arm/4.8.4/bin/../lib/gcc/arm-none-eabi/4.8.4/../../../../arm-none-eabi/lib/armv6-m\libg_s.a(lib_a-memset.o)
 .debug_frame   0x00003aa8       0x50 c:/program files (x86)/cypress/psoc creator/3.1/psoc creator/import/gnu_cs/arm/4.8.4/bin/../lib/gcc/arm-none-eabi/4.8.4/../../../../arm-none-eabi/lib/armv6-m\libg_s.a(lib_a-printf.o)
 .debug_frame   0x00003af8       0x48 c:/program files (x86)/cypress/psoc creator/3.1/psoc creator/import/gnu_cs/arm/4.8.4/bin/../lib/gcc/arm-none-eabi/4.8.4/../../../../arm-none-eabi/lib/armv6-m\libg_s.a(lib_a-putchar.o)
 .debug_frame   0x00003b40       0xa0 c:/program files (x86)/cypress/psoc creator/3.1/psoc creator/import/gnu_cs/arm/4.8.4/bin/../lib/gcc/arm-none-eabi/4.8.4/../../../../arm-none-eabi/lib/armv6-m\libg_s.a(lib_a-vfprintf.o)
 .debug_frame   0x00003be0       0x54 c:/program files (x86)/cypress/psoc creator/3.1/psoc creator/import/gnu_cs/arm/4.8.4/bin/../lib/gcc/arm-none-eabi/4.8.4/../../../../arm-none-eabi/lib/armv6-m\libg_s.a(lib_a-vfprintf_i.o)
 .debug_frame   0x00003c34       0x44 c:/program files (x86)/cypress/psoc creator/3.1/psoc creator/import/gnu_cs/arm/4.8.4/bin/../lib/gcc/arm-none-eabi/4.8.4/../../../../arm-none-eabi/lib/armv6-m\libg_s.a(lib_a-wbuf.o)
 .debug_frame   0x00003c78       0x2c c:/program files (x86)/cypress/psoc creator/3.1/psoc creator/import/gnu_cs/arm/4.8.4/bin/../lib/gcc/arm-none-eabi/4.8.4/../../../../arm-none-eabi/lib/armv6-m\libg_s.a(lib_a-wsetup.o)
 .debug_frame   0x00003ca4       0x68 c:/program files (x86)/cypress/psoc creator/3.1/psoc creator/import/gnu_cs/arm/4.8.4/bin/../lib/gcc/arm-none-eabi/4.8.4/../../../../arm-none-eabi/lib/armv6-m\libg_s.a(lib_a-fflush.o)
 .debug_frame   0x00003d0c      0x148 c:/program files (x86)/cypress/psoc creator/3.1/psoc creator/import/gnu_cs/arm/4.8.4/bin/../lib/gcc/arm-none-eabi/4.8.4/../../../../arm-none-eabi/lib/armv6-m\libg_s.a(lib_a-findfp.o)
 .debug_frame   0x00003e54       0x30 c:/program files (x86)/cypress/psoc creator/3.1/psoc creator/import/gnu_cs/arm/4.8.4/bin/../lib/gcc/arm-none-eabi/4.8.4/../../../../arm-none-eabi/lib/armv6-m\libg_s.a(lib_a-fvwrite.o)
 .debug_frame   0x00003e84       0x58 c:/program files (x86)/cypress/psoc creator/3.1/psoc creator/import/gnu_cs/arm/4.8.4/bin/../lib/gcc/arm-none-eabi/4.8.4/../../../../arm-none-eabi/lib/armv6-m\libg_s.a(lib_a-fwalk.o)
 .debug_frame   0x00003edc       0x30 c:/program files (x86)/cypress/psoc creator/3.1/psoc creator/import/gnu_cs/arm/4.8.4/bin/../lib/gcc/arm-none-eabi/4.8.4/../../../../arm-none-eabi/lib/armv6-m\libg_s.a(lib_a-makebuf.o)
 .debug_frame   0x00003f0c       0x20 c:/program files (x86)/cypress/psoc creator/3.1/psoc creator/import/gnu_cs/arm/4.8.4/bin/../lib/gcc/arm-none-eabi/4.8.4/../../../../arm-none-eabi/lib/armv6-m\libg_s.a(lib_a-memchr-stub.o)
 .debug_frame   0x00003f2c       0x2c c:/program files (x86)/cypress/psoc creator/3.1/psoc creator/import/gnu_cs/arm/4.8.4/bin/../lib/gcc/arm-none-eabi/4.8.4/../../../../arm-none-eabi/lib/armv6-m\libg_s.a(lib_a-memmove.o)
 .debug_frame   0x00003f58       0x2c c:/program files (x86)/cypress/psoc creator/3.1/psoc creator/import/gnu_cs/arm/4.8.4/bin/../lib/gcc/arm-none-eabi/4.8.4/../../../../arm-none-eabi/lib/armv6-m\libg_s.a(lib_a-nano-freer.o)
 .debug_frame   0x00003f84       0x2c c:/program files (x86)/cypress/psoc creator/3.1/psoc creator/import/gnu_cs/arm/4.8.4/bin/../lib/gcc/arm-none-eabi/4.8.4/../../../../arm-none-eabi/lib/armv6-m\libg_s.a(lib_a-nano-mallocr.o)
 .debug_frame   0x00003fb0       0x30 c:/program files (x86)/cypress/psoc creator/3.1/psoc creator/import/gnu_cs/arm/4.8.4/bin/../lib/gcc/arm-none-eabi/4.8.4/../../../../arm-none-eabi/lib/armv6-m\libg_s.a(lib_a-nano-reallocr.o)
 .debug_frame   0x00003fe0       0x44 c:/program files (x86)/cypress/psoc creator/3.1/psoc creator/import/gnu_cs/arm/4.8.4/bin/../lib/gcc/arm-none-eabi/4.8.4/../../../../arm-none-eabi/lib/armv6-m\libg_s.a(lib_a-putc.o)
 .debug_frame   0x00004024       0x2c c:/program files (x86)/cypress/psoc creator/3.1/psoc creator/import/gnu_cs/arm/4.8.4/bin/../lib/gcc/arm-none-eabi/4.8.4/../../../../arm-none-eabi/lib/armv6-m\libg_s.a(lib_a-sbrkr.o)
 .debug_frame   0x00004050       0x90 c:/program files (x86)/cypress/psoc creator/3.1/psoc creator/import/gnu_cs/arm/4.8.4/bin/../lib/gcc/arm-none-eabi/4.8.4/../../../../arm-none-eabi/lib/armv6-m\libg_s.a(lib_a-stdio.o)
 .debug_frame   0x000040e0       0x20 c:/program files (x86)/cypress/psoc creator/3.1/psoc creator/import/gnu_cs/arm/4.8.4/bin/../lib/gcc/arm-none-eabi/4.8.4/../../../../arm-none-eabi/lib/armv6-m\libg_s.a(lib_a-strlen.o)
 .debug_frame   0x00004100       0x2c c:/program files (x86)/cypress/psoc creator/3.1/psoc creator/import/gnu_cs/arm/4.8.4/bin/../lib/gcc/arm-none-eabi/4.8.4/../../../../arm-none-eabi/lib/armv6-m\libg_s.a(lib_a-writer.o)
 .debug_frame   0x0000412c       0x2c c:/program files (x86)/cypress/psoc creator/3.1/psoc creator/import/gnu_cs/arm/4.8.4/bin/../lib/gcc/arm-none-eabi/4.8.4/../../../../arm-none-eabi/lib/armv6-m\libg_s.a(lib_a-closer.o)
 .debug_frame   0x00004158       0x2c c:/program files (x86)/cypress/psoc creator/3.1/psoc creator/import/gnu_cs/arm/4.8.4/bin/../lib/gcc/arm-none-eabi/4.8.4/../../../../arm-none-eabi/lib/armv6-m\libg_s.a(lib_a-fstatr.o)
 .debug_frame   0x00004184       0x2c c:/program files (x86)/cypress/psoc creator/3.1/psoc creator/import/gnu_cs/arm/4.8.4/bin/../lib/gcc/arm-none-eabi/4.8.4/../../../../arm-none-eabi/lib/armv6-m\libg_s.a(lib_a-isattyr.o)
 .debug_frame   0x000041b0       0x2c c:/program files (x86)/cypress/psoc creator/3.1/psoc creator/import/gnu_cs/arm/4.8.4/bin/../lib/gcc/arm-none-eabi/4.8.4/../../../../arm-none-eabi/lib/armv6-m\libg_s.a(lib_a-lseekr.o)
 .debug_frame   0x000041dc       0x20 c:/program files (x86)/cypress/psoc creator/3.1/psoc creator/import/gnu_cs/arm/4.8.4/bin/../lib/gcc/arm-none-eabi/4.8.4/../../../../arm-none-eabi/lib/armv6-m\libg_s.a(lib_a-nano-msizer.o)
 .debug_frame   0x000041fc       0x2c c:/program files (x86)/cypress/psoc creator/3.1/psoc creator/import/gnu_cs/arm/4.8.4/bin/../lib/gcc/arm-none-eabi/4.8.4/../../../../arm-none-eabi/lib/armv6-m\libg_s.a(lib_a-readr.o)
 .debug_frame   0x00004228       0x48 c:/program files (x86)/cypress/psoc creator/3.1/psoc creator/import/gnu_cs/arm/4.8.4/bin/../lib/gcc/arm-none-eabi/4.8.4/../../../../arm-none-eabi/lib/armv6-m\libg_s.a(lib_a-reent.o)
 .debug_frame   0x00004270       0x20 c:/program files (x86)/cypress/psoc creator/3.1/psoc creator/import/gnu_cs/arm/4.8.4/bin/../lib/gcc/arm-none-eabi/4.8.4/../../../../arm-none-eabi/lib/armv6-m\libnosys.a(close.o)
 .debug_frame   0x00004290       0x20 c:/program files (x86)/cypress/psoc creator/3.1/psoc creator/import/gnu_cs/arm/4.8.4/bin/../lib/gcc/arm-none-eabi/4.8.4/../../../../arm-none-eabi/lib/armv6-m\libnosys.a(fstat.o)
 .debug_frame   0x000042b0       0x20 c:/program files (x86)/cypress/psoc creator/3.1/psoc creator/import/gnu_cs/arm/4.8.4/bin/../lib/gcc/arm-none-eabi/4.8.4/../../../../arm-none-eabi/lib/armv6-m\libnosys.a(isatty.o)
 .debug_frame   0x000042d0       0x20 c:/program files (x86)/cypress/psoc creator/3.1/psoc creator/import/gnu_cs/arm/4.8.4/bin/../lib/gcc/arm-none-eabi/4.8.4/../../../../arm-none-eabi/lib/armv6-m\libnosys.a(lseek.o)
 .debug_frame   0x000042f0       0x20 c:/program files (x86)/cypress/psoc creator/3.1/psoc creator/import/gnu_cs/arm/4.8.4/bin/../lib/gcc/arm-none-eabi/4.8.4/../../../../arm-none-eabi/lib/armv6-m\libnosys.a(read.o)
 .debug_frame   0x00004310       0x20 c:/program files (x86)/cypress/psoc creator/3.1/psoc creator/import/gnu_cs/arm/4.8.4/bin/../lib/gcc/arm-none-eabi/4.8.4/../../../../arm-none-eabi/lib/armv6-m\libnosys.a(write.o)

.debug_str      0x00000000     0x3574
 *(.debug_str)
 .debug_str     0x00000000      0x760 .\CortexM0\ARM_GCC_484\Debug\main.o
                                0x7cf (size before relaxing)
 .debug_str     0x00000760        0x8 .\CortexM0\ARM_GCC_484\Debug\spi.o
                                0x17f (size before relaxing)
 .debug_str     0x00000768      0x1e6 .\CortexM0\ARM_GCC_484\Debug\wiznet5500.o
                                0x389 (size before relaxing)
 .debug_str     0x0000094e       0x5b .\CortexM0\ARM_GCC_484\Debug\cymetadata.o
                                0x1d8 (size before relaxing)
 .debug_str     0x000009a9      0x123 .\CortexM0\ARM_GCC_484\Debug\Cm0Start.o
                                0x2c6 (size before relaxing)
 .debug_str     0x00000acc      0x224 .\CortexM0\ARM_GCC_484\Debug\arm_controller_v2.1.a(cyfitter_cfg.o)
                                0x3f2 (size before relaxing)
 .debug_str     0x00000cf0       0xef .\CortexM0\ARM_GCC_484\Debug\arm_controller_v2.1.a(Clock_counter.o)
                                0x277 (size before relaxing)
 .debug_str     0x00000ddf       0xaf .\CortexM0\ARM_GCC_484\Debug\arm_controller_v2.1.a(Clock_pwm.o)
                                0x25f (size before relaxing)
 .debug_str     0x00000e8e      0x100 .\CortexM0\ARM_GCC_484\Debug\arm_controller_v2.1.a(isr_1.o)
                                0x2bb (size before relaxing)
 .debug_str     0x00000f8e       0x7e .\CortexM0\ARM_GCC_484\Debug\arm_controller_v2.1.a(LED.o)
                                0x205 (size before relaxing)
 .debug_str     0x0000100c      0x439 .\CortexM0\ARM_GCC_484\Debug\arm_controller_v2.1.a(Timer_1.o)
                                0x5d6 (size before relaxing)
 .debug_str     0x00001445      0x6f7 .\CortexM0\ARM_GCC_484\Debug\arm_controller_v2.1.a(CyLib.o)
                                0x8df (size before relaxing)
 .debug_str     0x00001b3c       0x7e .\CortexM0\ARM_GCC_484\Debug\arm_controller_v2.1.a(WIZ_RDY.o)
                                0x21d (size before relaxing)
 .debug_str     0x00001bba       0x7e .\CortexM0\ARM_GCC_484\Debug\arm_controller_v2.1.a(WIZ_INT.o)
                                0x21d (size before relaxing)
 .debug_str     0x00001c38       0x7e .\CortexM0\ARM_GCC_484\Debug\arm_controller_v2.1.a(WIZ_RST.o)
                                0x21d (size before relaxing)
 .debug_str     0x00001cb6       0x78 .\CortexM0\ARM_GCC_484\Debug\arm_controller_v2.1.a(WIZ_SS.o)
                                0x217 (size before relaxing)
 .debug_str     0x00001d2e      0x1e0 .\CortexM0\ARM_GCC_484\Debug\arm_controller_v2.1.a(ADC.o)
                                0x3a5 (size before relaxing)
 .debug_str     0x00001f0e       0x37 .\CortexM0\ARM_GCC_484\Debug\arm_controller_v2.1.a(ADC_INT.o)
                                0x1bb (size before relaxing)
 .debug_str     0x00001f45      0x353 .\CortexM0\ARM_GCC_484\Debug\arm_controller_v2.1.a(BA_PWM.o)
                                0x5ac (size before relaxing)
 .debug_str     0x00002298      0x3a7 .\CortexM0\ARM_GCC_484\Debug\arm_controller_v2.1.a(ELBW_PWM.o)
                                0x600 (size before relaxing)
 .debug_str     0x0000263f      0x3d1 .\CortexM0\ARM_GCC_484\Debug\arm_controller_v2.1.a(SHLDR_PWM.o)
                                0x62a (size before relaxing)
 .debug_str     0x00002a10      0x256 .\CortexM0\ARM_GCC_484\Debug\arm_controller_v2.1.a(SPIM_1.o)
                                0x3ee (size before relaxing)
 .debug_str     0x00002c66       0xd3 .\CortexM0\ARM_GCC_484\Debug\arm_controller_v2.1.a(SPIM_1_IntClock.o)
                                0x283 (size before relaxing)
 .debug_str     0x00002d39       0x9c .\CortexM0\ARM_GCC_484\Debug\arm_controller_v2.1.a(stop_shdr_up.o)
                                0x23b (size before relaxing)
 .debug_str     0x00002dd5       0x9c .\CortexM0\ARM_GCC_484\Debug\arm_controller_v2.1.a(stop_shdr_dn.o)
                                0x23b (size before relaxing)
 .debug_str     0x00002e71       0x96 .\CortexM0\ARM_GCC_484\Debug\arm_controller_v2.1.a(stop_elb_up.o)
                                0x235 (size before relaxing)
 .debug_str     0x00002f07       0x96 .\CortexM0\ARM_GCC_484\Debug\arm_controller_v2.1.a(stop_elb_dn.o)
                                0x235 (size before relaxing)
 .debug_str     0x00002f9d      0x207 .\CortexM0\ARM_GCC_484\Debug\arm_controller_v2.1.a(EFFECTOR_PWM.o)
                                0x3b4 (size before relaxing)
 .debug_str     0x000031a4      0x165 .\CortexM0\ARM_GCC_484\Debug\arm_controller_v2.1.a(Wrist_UART.o)
                                0x2fc (size before relaxing)
 .debug_str     0x00003309      0x165 .\CortexM0\ARM_GCC_484\Debug\arm_controller_v2.1.a(Wrist_UART_SPI_UART.o)
                                0x308 (size before relaxing)
 .debug_str     0x0000346e      0x106 .\CortexM0\ARM_GCC_484\Debug\arm_controller_v2.1.a(Wrist_UART_UART.o)
                                0x2ba (size before relaxing)

.debug_loc
 *(.debug_loc)

.debug_macinfo
 *(.debug_macinfo)

.debug_ranges   0x00000000      0xea8
 *(.debug_ranges)
 .debug_ranges  0x00000000       0xc0 .\CortexM0\ARM_GCC_484\Debug\main.o
 .debug_ranges  0x000000c0       0x90 .\CortexM0\ARM_GCC_484\Debug\wiznet5500.o
 .debug_ranges  0x00000150       0x38 .\CortexM0\ARM_GCC_484\Debug\Cm0Start.o
 .debug_ranges  0x00000188       0x50 .\CortexM0\ARM_GCC_484\Debug\arm_controller_v2.1.a(cyfitter_cfg.o)
 .debug_ranges  0x000001d8       0x30 .\CortexM0\ARM_GCC_484\Debug\arm_controller_v2.1.a(Clock_counter.o)
 .debug_ranges  0x00000208       0x30 .\CortexM0\ARM_GCC_484\Debug\arm_controller_v2.1.a(Clock_pwm.o)
 .debug_ranges  0x00000238       0x70 .\CortexM0\ARM_GCC_484\Debug\arm_controller_v2.1.a(isr_1.o)
 .debug_ranges  0x000002a8       0x30 .\CortexM0\ARM_GCC_484\Debug\arm_controller_v2.1.a(LED.o)
 .debug_ranges  0x000002d8      0x148 .\CortexM0\ARM_GCC_484\Debug\arm_controller_v2.1.a(Timer_1.o)
 .debug_ranges  0x00000420      0x220 .\CortexM0\ARM_GCC_484\Debug\arm_controller_v2.1.a(CyLib.o)
 .debug_ranges  0x00000640       0x30 .\CortexM0\ARM_GCC_484\Debug\arm_controller_v2.1.a(WIZ_RDY.o)
 .debug_ranges  0x00000670       0x30 .\CortexM0\ARM_GCC_484\Debug\arm_controller_v2.1.a(WIZ_INT.o)
 .debug_ranges  0x000006a0       0x30 .\CortexM0\ARM_GCC_484\Debug\arm_controller_v2.1.a(WIZ_RST.o)
 .debug_ranges  0x000006d0       0x30 .\CortexM0\ARM_GCC_484\Debug\arm_controller_v2.1.a(WIZ_SS.o)
 .debug_ranges  0x00000700       0x98 .\CortexM0\ARM_GCC_484\Debug\arm_controller_v2.1.a(ADC.o)
 .debug_ranges  0x00000798       0x10 .\CortexM0\ARM_GCC_484\Debug\arm_controller_v2.1.a(ADC_INT.o)
 .debug_ranges  0x000007a8      0x148 .\CortexM0\ARM_GCC_484\Debug\arm_controller_v2.1.a(BA_PWM.o)
 .debug_ranges  0x000008f0      0x148 .\CortexM0\ARM_GCC_484\Debug\arm_controller_v2.1.a(ELBW_PWM.o)
 .debug_ranges  0x00000a38      0x148 .\CortexM0\ARM_GCC_484\Debug\arm_controller_v2.1.a(SHLDR_PWM.o)
 .debug_ranges  0x00000b80       0xc8 .\CortexM0\ARM_GCC_484\Debug\arm_controller_v2.1.a(SPIM_1.o)
 .debug_ranges  0x00000c48       0x30 .\CortexM0\ARM_GCC_484\Debug\arm_controller_v2.1.a(SPIM_1_IntClock.o)
 .debug_ranges  0x00000c78       0x30 .\CortexM0\ARM_GCC_484\Debug\arm_controller_v2.1.a(stop_shdr_up.o)
 .debug_ranges  0x00000ca8       0x30 .\CortexM0\ARM_GCC_484\Debug\arm_controller_v2.1.a(stop_shdr_dn.o)
 .debug_ranges  0x00000cd8       0x30 .\CortexM0\ARM_GCC_484\Debug\arm_controller_v2.1.a(stop_elb_up.o)
 .debug_ranges  0x00000d08       0x30 .\CortexM0\ARM_GCC_484\Debug\arm_controller_v2.1.a(stop_elb_dn.o)
 .debug_ranges  0x00000d38       0x88 .\CortexM0\ARM_GCC_484\Debug\arm_controller_v2.1.a(EFFECTOR_PWM.o)
 .debug_ranges  0x00000dc0       0x58 .\CortexM0\ARM_GCC_484\Debug\arm_controller_v2.1.a(Wrist_UART.o)
 .debug_ranges  0x00000e18       0x50 .\CortexM0\ARM_GCC_484\Debug\arm_controller_v2.1.a(Wrist_UART_SPI_UART.o)
 .debug_ranges  0x00000e68       0x40 .\CortexM0\ARM_GCC_484\Debug\arm_controller_v2.1.a(Wrist_UART_UART.o)

.comment        0x00000000       0x70
 .comment       0x00000000       0x70 .\CortexM0\ARM_GCC_484\Debug\main.o
                                 0x71 (size before relaxing)
 .comment       0x00000000       0x71 .\CortexM0\ARM_GCC_484\Debug\spi.o
 .comment       0x00000000       0x71 .\CortexM0\ARM_GCC_484\Debug\wiznet5500.o
 .comment       0x00000000       0x71 .\CortexM0\ARM_GCC_484\Debug\cymetadata.o
 .comment       0x00000000       0x71 .\CortexM0\ARM_GCC_484\Debug\Cm0Start.o
 .comment       0x00000000       0x71 .\CortexM0\ARM_GCC_484\Debug\arm_controller_v2.1.a(cyfitter_cfg.o)
 .comment       0x00000000       0x71 .\CortexM0\ARM_GCC_484\Debug\arm_controller_v2.1.a(Clock_counter.o)
 .comment       0x00000000       0x71 .\CortexM0\ARM_GCC_484\Debug\arm_controller_v2.1.a(Clock_pwm.o)
 .comment       0x00000000       0x71 .\CortexM0\ARM_GCC_484\Debug\arm_controller_v2.1.a(isr_1.o)
 .comment       0x00000000       0x71 .\CortexM0\ARM_GCC_484\Debug\arm_controller_v2.1.a(LED.o)
 .comment       0x00000000       0x71 .\CortexM0\ARM_GCC_484\Debug\arm_controller_v2.1.a(Timer_1.o)
 .comment       0x00000000       0x71 .\CortexM0\ARM_GCC_484\Debug\arm_controller_v2.1.a(CyLib.o)
 .comment       0x00000000       0x71 .\CortexM0\ARM_GCC_484\Debug\arm_controller_v2.1.a(WIZ_RDY.o)
 .comment       0x00000000       0x71 .\CortexM0\ARM_GCC_484\Debug\arm_controller_v2.1.a(WIZ_INT.o)
 .comment       0x00000000       0x71 .\CortexM0\ARM_GCC_484\Debug\arm_controller_v2.1.a(WIZ_RST.o)
 .comment       0x00000000       0x71 .\CortexM0\ARM_GCC_484\Debug\arm_controller_v2.1.a(WIZ_SS.o)
 .comment       0x00000000       0x71 .\CortexM0\ARM_GCC_484\Debug\arm_controller_v2.1.a(ADC.o)
 .comment       0x00000000       0x71 .\CortexM0\ARM_GCC_484\Debug\arm_controller_v2.1.a(ADC_INT.o)
 .comment       0x00000000       0x71 .\CortexM0\ARM_GCC_484\Debug\arm_controller_v2.1.a(BA_PWM.o)
 .comment       0x00000000       0x71 .\CortexM0\ARM_GCC_484\Debug\arm_controller_v2.1.a(ELBW_PWM.o)
 .comment       0x00000000       0x71 .\CortexM0\ARM_GCC_484\Debug\arm_controller_v2.1.a(SHLDR_PWM.o)
 .comment       0x00000000       0x71 .\CortexM0\ARM_GCC_484\Debug\arm_controller_v2.1.a(SPIM_1.o)
 .comment       0x00000000       0x71 .\CortexM0\ARM_GCC_484\Debug\arm_controller_v2.1.a(SPIM_1_IntClock.o)
 .comment       0x00000000       0x71 .\CortexM0\ARM_GCC_484\Debug\arm_controller_v2.1.a(stop_shdr_up.o)
 .comment       0x00000000       0x71 .\CortexM0\ARM_GCC_484\Debug\arm_controller_v2.1.a(stop_shdr_dn.o)
 .comment       0x00000000       0x71 .\CortexM0\ARM_GCC_484\Debug\arm_controller_v2.1.a(stop_elb_up.o)
 .comment       0x00000000       0x71 .\CortexM0\ARM_GCC_484\Debug\arm_controller_v2.1.a(stop_elb_dn.o)
 .comment       0x00000000       0x71 .\CortexM0\ARM_GCC_484\Debug\arm_controller_v2.1.a(EFFECTOR_PWM.o)
 .comment       0x00000000       0x71 .\CortexM0\ARM_GCC_484\Debug\arm_controller_v2.1.a(Wrist_UART.o)
 .comment       0x00000000       0x71 .\CortexM0\ARM_GCC_484\Debug\arm_controller_v2.1.a(Wrist_UART_SPI_UART.o)
 .comment       0x00000000       0x71 .\CortexM0\ARM_GCC_484\Debug\arm_controller_v2.1.a(Wrist_UART_UART.o)

.debug_weaknames
 *(.debug_weaknames)

.debug_funcnames
 *(.debug_funcnames)

.debug_typenames
 *(.debug_typenames)

.debug_varnames
 *(.debug_varnames)

.note.gnu.arm.ident
 *(.note.gnu.arm.ident)

.ARM.attributes
                0x00000000       0x28
 *(.ARM.attributes)
 .ARM.attributes
                0x00000000       0x1e c:/program files (x86)/cypress/psoc creator/3.1/psoc creator/import/gnu_cs/arm/4.8.4/bin/../lib/gcc/arm-none-eabi/4.8.4/armv6-m/crti.o
 .ARM.attributes
                0x0000001e       0x2c c:/program files (x86)/cypress/psoc creator/3.1/psoc creator/import/gnu_cs/arm/4.8.4/bin/../lib/gcc/arm-none-eabi/4.8.4/armv6-m/crtbegin.o
 .ARM.attributes
                0x0000004a       0x1b c:/program files (x86)/cypress/psoc creator/3.1/psoc creator/import/gnu_cs/arm/4.8.4/bin/../lib/gcc/arm-none-eabi/4.8.4/../../../../arm-none-eabi/lib/armv6-m/crt0.o
 .ARM.attributes
                0x00000065       0x31 .\CortexM0\ARM_GCC_484\Debug\main.o
 .ARM.attributes
                0x00000096       0x31 .\CortexM0\ARM_GCC_484\Debug\spi.o
 .ARM.attributes
                0x000000c7       0x31 .\CortexM0\ARM_GCC_484\Debug\wiznet5500.o
 .ARM.attributes
                0x000000f8       0x31 .\CortexM0\ARM_GCC_484\Debug\cymetadata.o
 .ARM.attributes
                0x00000129       0x31 .\CortexM0\ARM_GCC_484\Debug\Cm0Start.o
 .ARM.attributes
                0x0000015a       0x31 .\CortexM0\ARM_GCC_484\Debug\arm_controller_v2.1.a(cyfitter_cfg.o)
 .ARM.attributes
                0x0000018b       0x31 .\CortexM0\ARM_GCC_484\Debug\arm_controller_v2.1.a(Clock_counter.o)
 .ARM.attributes
                0x000001bc       0x31 .\CortexM0\ARM_GCC_484\Debug\arm_controller_v2.1.a(Clock_pwm.o)
 .ARM.attributes
                0x000001ed       0x31 .\CortexM0\ARM_GCC_484\Debug\arm_controller_v2.1.a(isr_1.o)
 .ARM.attributes
                0x0000021e       0x31 .\CortexM0\ARM_GCC_484\Debug\arm_controller_v2.1.a(LED.o)
 .ARM.attributes
                0x0000024f       0x31 .\CortexM0\ARM_GCC_484\Debug\arm_controller_v2.1.a(Timer_1.o)
 .ARM.attributes
                0x00000280       0x21 .\CortexM0\ARM_GCC_484\Debug\arm_controller_v2.1.a(CyBootAsmGnu.o)
 .ARM.attributes
                0x000002a1       0x31 .\CortexM0\ARM_GCC_484\Debug\arm_controller_v2.1.a(CyLib.o)
 .ARM.attributes
                0x000002d2       0x31 .\CortexM0\ARM_GCC_484\Debug\arm_controller_v2.1.a(WIZ_RDY.o)
 .ARM.attributes
                0x00000303       0x31 .\CortexM0\ARM_GCC_484\Debug\arm_controller_v2.1.a(WIZ_INT.o)
 .ARM.attributes
                0x00000334       0x31 .\CortexM0\ARM_GCC_484\Debug\arm_controller_v2.1.a(WIZ_RST.o)
 .ARM.attributes
                0x00000365       0x31 .\CortexM0\ARM_GCC_484\Debug\arm_controller_v2.1.a(WIZ_SS.o)
 .ARM.attributes
                0x00000396       0x31 .\CortexM0\ARM_GCC_484\Debug\arm_controller_v2.1.a(ADC.o)
 .ARM.attributes
                0x000003c7       0x31 .\CortexM0\ARM_GCC_484\Debug\arm_controller_v2.1.a(ADC_INT.o)
 .ARM.attributes
                0x000003f8       0x31 .\CortexM0\ARM_GCC_484\Debug\arm_controller_v2.1.a(BA_PWM.o)
 .ARM.attributes
                0x00000429       0x31 .\CortexM0\ARM_GCC_484\Debug\arm_controller_v2.1.a(ELBW_PWM.o)
 .ARM.attributes
                0x0000045a       0x31 .\CortexM0\ARM_GCC_484\Debug\arm_controller_v2.1.a(SHLDR_PWM.o)
 .ARM.attributes
                0x0000048b       0x31 .\CortexM0\ARM_GCC_484\Debug\arm_controller_v2.1.a(SPIM_1.o)
 .ARM.attributes
                0x000004bc       0x31 .\CortexM0\ARM_GCC_484\Debug\arm_controller_v2.1.a(SPIM_1_IntClock.o)
 .ARM.attributes
                0x000004ed       0x31 .\CortexM0\ARM_GCC_484\Debug\arm_controller_v2.1.a(stop_shdr_up.o)
 .ARM.attributes
                0x0000051e       0x31 .\CortexM0\ARM_GCC_484\Debug\arm_controller_v2.1.a(stop_shdr_dn.o)
 .ARM.attributes
                0x0000054f       0x31 .\CortexM0\ARM_GCC_484\Debug\arm_controller_v2.1.a(stop_elb_up.o)
 .ARM.attributes
                0x00000580       0x31 .\CortexM0\ARM_GCC_484\Debug\arm_controller_v2.1.a(stop_elb_dn.o)
 .ARM.attributes
                0x000005b1       0x31 .\CortexM0\ARM_GCC_484\Debug\arm_controller_v2.1.a(EFFECTOR_PWM.o)
 .ARM.attributes
                0x000005e2       0x31 .\CortexM0\ARM_GCC_484\Debug\arm_controller_v2.1.a(Wrist_UART.o)
 .ARM.attributes
                0x00000613       0x31 .\CortexM0\ARM_GCC_484\Debug\arm_controller_v2.1.a(Wrist_UART_SPI_UART.o)
 .ARM.attributes
                0x00000644       0x31 .\CortexM0\ARM_GCC_484\Debug\arm_controller_v2.1.a(Wrist_UART_UART.o)
 .ARM.attributes
                0x00000675       0x1e c:/program files (x86)/cypress/psoc creator/3.1/psoc creator/import/gnu_cs/arm/4.8.4/bin/../lib/gcc/arm-none-eabi/4.8.4/armv6-m\libgcc.a(_udivsi3.o)
 .ARM.attributes
                0x00000693       0x1e c:/program files (x86)/cypress/psoc creator/3.1/psoc creator/import/gnu_cs/arm/4.8.4/bin/../lib/gcc/arm-none-eabi/4.8.4/armv6-m\libgcc.a(_divsi3.o)
 .ARM.attributes
                0x000006b1       0x1e c:/program files (x86)/cypress/psoc creator/3.1/psoc creator/import/gnu_cs/arm/4.8.4/bin/../lib/gcc/arm-none-eabi/4.8.4/armv6-m\libgcc.a(_dvmd_tls.o)
 .ARM.attributes
                0x000006cf       0x1e c:/program files (x86)/cypress/psoc creator/3.1/psoc creator/import/gnu_cs/arm/4.8.4/bin/../lib/gcc/arm-none-eabi/4.8.4/armv6-m\libgcc.a(_aeabi_ldivmod.o)
 .ARM.attributes
                0x000006ed       0x2c c:/program files (x86)/cypress/psoc creator/3.1/psoc creator/import/gnu_cs/arm/4.8.4/bin/../lib/gcc/arm-none-eabi/4.8.4/armv6-m\libgcc.a(_muldi3.o)
 .ARM.attributes
                0x00000719       0x2c c:/program files (x86)/cypress/psoc creator/3.1/psoc creator/import/gnu_cs/arm/4.8.4/bin/../lib/gcc/arm-none-eabi/4.8.4/armv6-m\libgcc.a(bpabi.o)
 .ARM.attributes
                0x00000745       0x2c c:/program files (x86)/cypress/psoc creator/3.1/psoc creator/import/gnu_cs/arm/4.8.4/bin/../lib/gcc/arm-none-eabi/4.8.4/armv6-m\libgcc.a(divsf3.o)
 .ARM.attributes
                0x00000771       0x2c c:/program files (x86)/cypress/psoc creator/3.1/psoc creator/import/gnu_cs/arm/4.8.4/bin/../lib/gcc/arm-none-eabi/4.8.4/armv6-m\libgcc.a(mulsf3.o)
 .ARM.attributes
                0x0000079d       0x2c c:/program files (x86)/cypress/psoc creator/3.1/psoc creator/import/gnu_cs/arm/4.8.4/bin/../lib/gcc/arm-none-eabi/4.8.4/armv6-m\libgcc.a(floatsisf.o)
 .ARM.attributes
                0x000007c9       0x1e c:/program files (x86)/cypress/psoc creator/3.1/psoc creator/import/gnu_cs/arm/4.8.4/bin/../lib/gcc/arm-none-eabi/4.8.4/armv6-m\libgcc.a(_clzsi2.o)
 .ARM.attributes
                0x000007e7       0x2c c:/program files (x86)/cypress/psoc creator/3.1/psoc creator/import/gnu_cs/arm/4.8.4/bin/../lib/gcc/arm-none-eabi/4.8.4/armv6-m\libgcc.a(_divdi3.o)
 .ARM.attributes
                0x00000813       0x2c c:/program files (x86)/cypress/psoc creator/3.1/psoc creator/import/gnu_cs/arm/4.8.4/bin/../lib/gcc/arm-none-eabi/4.8.4/armv6-m\libgcc.a(_udivdi3.o)
 .ARM.attributes
                0x0000083f       0x2c c:/program files (x86)/cypress/psoc creator/3.1/psoc creator/import/gnu_cs/arm/4.8.4/bin/../lib/gcc/arm-none-eabi/4.8.4/../../../../arm-none-eabi/lib/armv6-m\libg_s.a(lib_a-errno.o)
 .ARM.attributes
                0x0000086b       0x2c c:/program files (x86)/cypress/psoc creator/3.1/psoc creator/import/gnu_cs/arm/4.8.4/bin/../lib/gcc/arm-none-eabi/4.8.4/../../../../arm-none-eabi/lib/armv6-m\libg_s.a(lib_a-exit.o)
 .ARM.attributes
                0x00000897       0x2c c:/program files (x86)/cypress/psoc creator/3.1/psoc creator/import/gnu_cs/arm/4.8.4/bin/../lib/gcc/arm-none-eabi/4.8.4/../../../../arm-none-eabi/lib/armv6-m\libg_s.a(lib_a-impure.o)
 .ARM.attributes
                0x000008c3       0x2c c:/program files (x86)/cypress/psoc creator/3.1/psoc creator/import/gnu_cs/arm/4.8.4/bin/../lib/gcc/arm-none-eabi/4.8.4/../../../../arm-none-eabi/lib/armv6-m\libg_s.a(lib_a-init.o)
 .ARM.attributes
                0x000008ef       0x2c c:/program files (x86)/cypress/psoc creator/3.1/psoc creator/import/gnu_cs/arm/4.8.4/bin/../lib/gcc/arm-none-eabi/4.8.4/../../../../arm-none-eabi/lib/armv6-m\libg_s.a(lib_a-memcpy-stub.o)
 .ARM.attributes
                0x0000091b       0x2c c:/program files (x86)/cypress/psoc creator/3.1/psoc creator/import/gnu_cs/arm/4.8.4/bin/../lib/gcc/arm-none-eabi/4.8.4/../../../../arm-none-eabi/lib/armv6-m\libg_s.a(lib_a-memset.o)
 .ARM.attributes
                0x00000947       0x2c c:/program files (x86)/cypress/psoc creator/3.1/psoc creator/import/gnu_cs/arm/4.8.4/bin/../lib/gcc/arm-none-eabi/4.8.4/../../../../arm-none-eabi/lib/armv6-m\libg_s.a(lib_a-printf.o)
 .ARM.attributes
                0x00000973       0x2c c:/program files (x86)/cypress/psoc creator/3.1/psoc creator/import/gnu_cs/arm/4.8.4/bin/../lib/gcc/arm-none-eabi/4.8.4/../../../../arm-none-eabi/lib/armv6-m\libg_s.a(lib_a-putchar.o)
 .ARM.attributes
                0x0000099f       0x2c c:/program files (x86)/cypress/psoc creator/3.1/psoc creator/import/gnu_cs/arm/4.8.4/bin/../lib/gcc/arm-none-eabi/4.8.4/../../../../arm-none-eabi/lib/armv6-m\libg_s.a(lib_a-vfprintf.o)
 .ARM.attributes
                0x000009cb       0x2c c:/program files (x86)/cypress/psoc creator/3.1/psoc creator/import/gnu_cs/arm/4.8.4/bin/../lib/gcc/arm-none-eabi/4.8.4/../../../../arm-none-eabi/lib/armv6-m\libg_s.a(lib_a-vfprintf_i.o)
 .ARM.attributes
                0x000009f7       0x2c c:/program files (x86)/cypress/psoc creator/3.1/psoc creator/import/gnu_cs/arm/4.8.4/bin/../lib/gcc/arm-none-eabi/4.8.4/../../../../arm-none-eabi/lib/armv6-m\libg_s.a(lib_a-wbuf.o)
 .ARM.attributes
                0x00000a23       0x2c c:/program files (x86)/cypress/psoc creator/3.1/psoc creator/import/gnu_cs/arm/4.8.4/bin/../lib/gcc/arm-none-eabi/4.8.4/../../../../arm-none-eabi/lib/armv6-m\libg_s.a(lib_a-wsetup.o)
 .ARM.attributes
                0x00000a4f       0x2c c:/program files (x86)/cypress/psoc creator/3.1/psoc creator/import/gnu_cs/arm/4.8.4/bin/../lib/gcc/arm-none-eabi/4.8.4/../../../../arm-none-eabi/lib/armv6-m\libg_s.a(lib_a-fflush.o)
 .ARM.attributes
                0x00000a7b       0x2c c:/program files (x86)/cypress/psoc creator/3.1/psoc creator/import/gnu_cs/arm/4.8.4/bin/../lib/gcc/arm-none-eabi/4.8.4/../../../../arm-none-eabi/lib/armv6-m\libg_s.a(lib_a-findfp.o)
 .ARM.attributes
                0x00000aa7       0x2c c:/program files (x86)/cypress/psoc creator/3.1/psoc creator/import/gnu_cs/arm/4.8.4/bin/../lib/gcc/arm-none-eabi/4.8.4/../../../../arm-none-eabi/lib/armv6-m\libg_s.a(lib_a-fvwrite.o)
 .ARM.attributes
                0x00000ad3       0x2c c:/program files (x86)/cypress/psoc creator/3.1/psoc creator/import/gnu_cs/arm/4.8.4/bin/../lib/gcc/arm-none-eabi/4.8.4/../../../../arm-none-eabi/lib/armv6-m\libg_s.a(lib_a-fwalk.o)
 .ARM.attributes
                0x00000aff       0x2c c:/program files (x86)/cypress/psoc creator/3.1/psoc creator/import/gnu_cs/arm/4.8.4/bin/../lib/gcc/arm-none-eabi/4.8.4/../../../../arm-none-eabi/lib/armv6-m\libg_s.a(lib_a-makebuf.o)
 .ARM.attributes
                0x00000b2b       0x2c c:/program files (x86)/cypress/psoc creator/3.1/psoc creator/import/gnu_cs/arm/4.8.4/bin/../lib/gcc/arm-none-eabi/4.8.4/../../../../arm-none-eabi/lib/armv6-m\libg_s.a(lib_a-memchr-stub.o)
 .ARM.attributes