Archive member included because of file (symbol)

.\CortexM0\ARM_GCC_484\Debug\arm_controller_v2.1.a(cyfitter_cfg.o)
                              .\CortexM0\ARM_GCC_484\Debug\Cm0Start.o (cyfitter_cfg)
.\CortexM0\ARM_GCC_484\Debug\arm_controller_v2.1.a(Clock_counter.o)
                              .\CortexM0\ARM_GCC_484\Debug\main.o (Clock_counter_Start)
.\CortexM0\ARM_GCC_484\Debug\arm_controller_v2.1.a(Clock_pwm.o)
                              .\CortexM0\ARM_GCC_484\Debug\main.o (Clock_pwm_Start)
.\CortexM0\ARM_GCC_484\Debug\arm_controller_v2.1.a(isr_1.o)
                              .\CortexM0\ARM_GCC_484\Debug\main.o (isr_1_StartEx)
.\CortexM0\ARM_GCC_484\Debug\arm_controller_v2.1.a(LED.o)
                              .\CortexM0\ARM_GCC_484\Debug\main.o (LED_Write)
.\CortexM0\ARM_GCC_484\Debug\arm_controller_v2.1.a(Timer_1.o)
                              .\CortexM0\ARM_GCC_484\Debug\main.o (Timer_1_Start)
.\CortexM0\ARM_GCC_484\Debug\arm_controller_v2.1.a(CyBootAsmGnu.o)
                              .\CortexM0\ARM_GCC_484\Debug\arm_controller_v2.1.a(cyfitter_cfg.o) (CyDelayCycles)
.\CortexM0\ARM_GCC_484\Debug\arm_controller_v2.1.a(CyLib.o)
                              .\CortexM0\ARM_GCC_484\Debug\arm_controller_v2.1.a(cyfitter_cfg.o) (CyDelayUs)
.\CortexM0\ARM_GCC_484\Debug\arm_controller_v2.1.a(UART_1.o)
                              .\CortexM0\ARM_GCC_484\Debug\main.o (UART_1_Start)
.\CortexM0\ARM_GCC_484\Debug\arm_controller_v2.1.a(UART_1_SPI_UART.o)
                              .\CortexM0\ARM_GCC_484\Debug\main.o (UART_1_SpiUartPutArray)
.\CortexM0\ARM_GCC_484\Debug\arm_controller_v2.1.a(UART_1_UART.o)
                              .\CortexM0\ARM_GCC_484\Debug\arm_controller_v2.1.a(UART_1.o) (UART_1_UartInit)
.\CortexM0\ARM_GCC_484\Debug\arm_controller_v2.1.a(WIZ_RDY.o)
                              .\CortexM0\ARM_GCC_484\Debug\main.o (WIZ_RDY_Read)
.\CortexM0\ARM_GCC_484\Debug\arm_controller_v2.1.a(WIZ_INT.o)
                              .\CortexM0\ARM_GCC_484\Debug\main.o (WIZ_INT_Read)
.\CortexM0\ARM_GCC_484\Debug\arm_controller_v2.1.a(WIZ_RST.o)
                              .\CortexM0\ARM_GCC_484\Debug\main.o (WIZ_RST_Write)
.\CortexM0\ARM_GCC_484\Debug\arm_controller_v2.1.a(WIZ_SS.o)
                              .\CortexM0\ARM_GCC_484\Debug\main.o (WIZ_SS_Write)
.\CortexM0\ARM_GCC_484\Debug\arm_controller_v2.1.a(ADC.o)
                              .\CortexM0\ARM_GCC_484\Debug\main.o (ADC_Start)
.\CortexM0\ARM_GCC_484\Debug\arm_controller_v2.1.a(ADC_INT.o)
                              .\CortexM0\ARM_GCC_484\Debug\arm_controller_v2.1.a(ADC.o) (ADC_ISR)
.\CortexM0\ARM_GCC_484\Debug\arm_controller_v2.1.a(BA_PWM.o)
                              .\CortexM0\ARM_GCC_484\Debug\main.o (BA_PWM_WriteCompare)
.\CortexM0\ARM_GCC_484\Debug\arm_controller_v2.1.a(ELBW_PWM.o)
                              .\CortexM0\ARM_GCC_484\Debug\main.o (ELBW_PWM_WriteCompare)
.\CortexM0\ARM_GCC_484\Debug\arm_controller_v2.1.a(SHLDR_PWM.o)
                              .\CortexM0\ARM_GCC_484\Debug\main.o (SHLDR_PWM_WriteCompare)
.\CortexM0\ARM_GCC_484\Debug\arm_controller_v2.1.a(SPIM_1.o)
                              .\CortexM0\ARM_GCC_484\Debug\wiznet5500.o (SPIM_1_ReadTxStatus)
.\CortexM0\ARM_GCC_484\Debug\arm_controller_v2.1.a(SPIM_1_IntClock.o)
                              .\CortexM0\ARM_GCC_484\Debug\arm_controller_v2.1.a(SPIM_1.o) (SPIM_1_IntClock_Start)
.\CortexM0\ARM_GCC_484\Debug\arm_controller_v2.1.a(stop_shdr_up.o)
                              .\CortexM0\ARM_GCC_484\Debug\main.o (stop_shdr_up_Read)
.\CortexM0\ARM_GCC_484\Debug\arm_controller_v2.1.a(stop_shdr_dn.o)
                              .\CortexM0\ARM_GCC_484\Debug\main.o (stop_shdr_dn_Read)
.\CortexM0\ARM_GCC_484\Debug\arm_controller_v2.1.a(stop_elb_up.o)
                              .\CortexM0\ARM_GCC_484\Debug\main.o (stop_elb_up_Read)
.\CortexM0\ARM_GCC_484\Debug\arm_controller_v2.1.a(stop_elb_dn.o)
                              .\CortexM0\ARM_GCC_484\Debug\main.o (stop_elb_dn_Read)
.\CortexM0\ARM_GCC_484\Debug\arm_controller_v2.1.a(EFFECTOR_PWM.o)
                              .\CortexM0\ARM_GCC_484\Debug\main.o (EFFECTOR_PWM_Start)
c:/program files (x86)/cypress/psoc creator/3.1/psoc creator/import/gnu_cs/arm/4.8.4/bin/../lib/gcc/arm-none-eabi/4.8.4/armv6-m\libgcc.a(_udivsi3.o)
                              .\CortexM0\ARM_GCC_484\Debug\main.o (__aeabi_uidiv)
c:/program files (x86)/cypress/psoc creator/3.1/psoc creator/import/gnu_cs/arm/4.8.4/bin/../lib/gcc/arm-none-eabi/4.8.4/armv6-m\libgcc.a(_divsi3.o)
                              .\CortexM0\ARM_GCC_484\Debug\main.o (__aeabi_idiv)
c:/program files (x86)/cypress/psoc creator/3.1/psoc creator/import/gnu_cs/arm/4.8.4/bin/../lib/gcc/arm-none-eabi/4.8.4/armv6-m\libgcc.a(_dvmd_tls.o)
[...]
Memory Configuration

Name             Origin             Length             Attributes
rom              0x00000000         0x00008000         xr
ram              0x20000000         0x00001000         xrw
*default*        0x00000000         0xffffffff

Linker script and memory map

LOAD c:/program files (x86)/cypress/psoc creator/3.1/psoc creator/import/gnu_cs/arm/4.8.4/bin/../lib/gcc/arm-none-eabi/4.8.4/armv6-m/crti.o
LOAD c:/program files (x86)/cypress/psoc creator/3.1/psoc creator/import/gnu_cs/arm/4.8.4/bin/../lib/gcc/arm-none-eabi/4.8.4/armv6-m/crtbegin.o
LOAD c:/program files (x86)/cypress/psoc creator/3.1/psoc creator/import/gnu_cs/arm/4.8.4/bin/../lib/gcc/arm-none-eabi/4.8.4/../../../../arm-none-eabi/lib/armv6-m/crt0.o
START GROUP
LOAD .\CortexM0\ARM_GCC_484\Debug\main.o
LOAD .\CortexM0\ARM_GCC_484\Debug\spi.o
LOAD .\CortexM0\ARM_GCC_484\Debug\wiznet5500.o
LOAD .\CortexM0\ARM_GCC_484\Debug\cymetadata.o
LOAD .\CortexM0\ARM_GCC_484\Debug\Cm0Start.o
LOAD .\CortexM0\ARM_GCC_484\Debug\arm_controller_v2.1.a
LOAD C:\Program Files (x86)\Cypress\PSoC Creator\3.1\PSoC Creator\psoc\content\cycomponentlibrary\CyComponentLibrary.cylib\CortexM0\ARM_GCC_484\Debug\CyComponentLibrary.a
END GROUP
START GROUP
LOAD c:/program files (x86)/cypress/psoc creator/3.1/psoc creator/import/gnu_cs/arm/4.8.4/bin/../lib/gcc/arm-none-eabi/4.8.4/armv6-m\libgcc.a
LOAD c:/program files (x86)/cypress/psoc creator/3.1/psoc creator/import/gnu_cs/arm/4.8.4/bin/../lib/gcc/arm-none-eabi/4.8.4/../../../../arm-none-eabi/lib/armv6-m\libg_s.a
LOAD c:/program files (x86)/cypress/psoc creator/3.1/psoc creator/import/gnu_cs/arm/4.8.4/bin/../lib/gcc/arm-none-eabi/4.8.4/../../../../arm-none-eabi/lib/armv6-m\libc_s.a
END GROUP
START GROUP
LOAD c:/program files (x86)/cypress/psoc creator/3.1/psoc creator/import/gnu_cs/arm/4.8.4/bin/../lib/gcc/arm-none-eabi/4.8.4/armv6-m\libgcc.a
LOAD c:/program files (x86)/cypress/psoc creator/3.1/psoc creator/import/gnu_cs/arm/4.8.4/bin/../lib/gcc/arm-none-eabi/4.8.4/../../../../arm-none-eabi/lib/armv6-m\libc_s.a
END GROUP
LOAD c:/program files (x86)/cypress/psoc creator/3.1/psoc creator/import/gnu_cs/arm/4.8.4/bin/../lib/gcc/arm-none-eabi/4.8.4/armv6-m/crtend.o
LOAD c:/program files (x86)/cypress/psoc creator/3.1/psoc creator/import/gnu_cs/arm/4.8.4/bin/../lib/gcc/arm-none-eabi/4.8.4/armv6-m/crtn.o
START GROUP
LOAD c:/program files (x86)/cypress/psoc creator/3.1/psoc creator/import/gnu_cs/arm/4.8.4/bin/../lib/gcc/arm-none-eabi/4.8.4/armv6-m\libgcc.a
LOAD c:/program files (x86)/cypress/psoc creator/3.1/psoc creator/import/gnu_cs/arm/4.8.4/bin/../lib/gcc/arm-none-eabi/4.8.4/../../../../arm-none-eabi/lib/armv6-m\libc.a
LOAD c:/program files (x86)/cypress/psoc creator/3.1/psoc creator/import/gnu_cs/arm/4.8.4/bin/../lib/gcc/arm-none-eabi/4.8.4/../../../../arm-none-eabi/lib/armv6-m\libnosys.a
END GROUP
                0x00000000                CY_APPL_ORIGIN = 0x0
                0x00000080                CY_FLASH_ROW_SIZE = 0x80
                0x00000001                CY_APPL_NUM = 0x1
                0x00000040                CY_METADATA_SIZE = 0x40
                0x20000190                PROVIDE (__cy_heap_start, _end)
                0x00000001                PROVIDE (__cy_region_num, ((__cy_regions_end - __cy_regions) / 0x10))
                0x20001000                PROVIDE (__cy_stack, (ORIGIN (ram) + 0x1000))
                0x20000c00                PROVIDE (__cy_heap_end, (__cy_stack - 0x400))

.cybootloader   0x00000000        0x0
 *(.cybootloader)
                0x00000000                appl1_start = CY_APPL_ORIGIN?CY_APPL_ORIGIN:ALIGN (CY_FLASH_ROW_SIZE)
                0x00003f80                appl2_start = (appl1_start + ALIGN ((((0x8000 - appl1_start) - (0x2 * CY_FLASH_ROW_SIZE)) / 0x2), CY_FLASH_ROW_SIZE))
                0x00000000                appl_start = (CY_APPL_NUM == 0x1)?appl1_start:appl2_start

.text           0x00000000     0x453e
 CREATE_OBJECT_SYMBOLS
                0x00000000                PROVIDE (__cy_interrupt_vector, RomVectors)
 *(.romvectors)
 .romvectors    0x00000000       0x10 .\CortexM0\ARM_GCC_484\Debug\Cm0Start.o
                0x00000000                RomVectors
                0x00000001                ASSERT ((. != __cy_interrupt_vector), No interrupt vector)
                0x00000001                ASSERT (CY_APPL_ORIGIN?(SIZEOF (.cybootloader) <= CY_APPL_ORIGIN):0x1, Wrong image location)
                0x00000010                PROVIDE (__cy_reset, Reset)
 *(.text.Reset)
 .text.Reset    0x00000010        0x8 .\CortexM0\ARM_GCC_484\Debug\Cm0Start.o
                0x00000010                Reset
                0x00000001                ASSERT ((. != __cy_reset), No reset code)
 *(.psocinit)
 .psocinit      0x00000018      0x45c .\CortexM0\ARM_GCC_484\Debug\arm_controller_v2.1.a(cyfitter_cfg.o)
                0x000001d4                cyfitter_cfg
                0x00000474                . = MAX (., 0x100)
 *(.text .text.* .gnu.linkonce.t.*)
 .text          0x00000474       0x60 c:/program files (x86)/cypress/psoc creator/3.1/psoc creator/import/gnu_cs/arm/4.8.4/bin/../lib/gcc/arm-none-eabi/4.8.4/armv6-m/crtbegin.o
 .text.timer_isr
                0x000004d4       0x28 .\CortexM0\ARM_GCC_484\Debug\main.o
                0x000004d4                timer_isr
 *fill*         0x000004fc        0x4 
 .text.CalibrationElbow
                0x00000500      0x1b8 .\CortexM0\ARM_GCC_484\Debug\main.o
                0x00000500                CalibrationElbow
 .text.average  0x000006b8       0x78 .\CortexM0\ARM_GCC_484\Debug\main.o
                0x000006b8                average
 .text.maintain_array
                0x00000730       0x40 .\CortexM0\ARM_GCC_484\Debug\main.o
                0x00000730                maintain_array
 .text.check_update
                0x00000770      0x10c .\CortexM0\ARM_GCC_484\Debug\main.o
                0x00000770                check_update
 .text.pos_to_vel
                0x0000087c      0x20c .\CortexM0\ARM_GCC_484\Debug\main.o
                0x0000087c                pos_to_vel
 .text.make_command
                0x00000a88       0x84 .\CortexM0\ARM_GCC_484\Debug\main.o
                0x00000a88                make_command
 .text.potFeedback
                0x00000b0c       0x28 .\CortexM0\ARM_GCC_484\Debug\main.o
                0x00000b0c                potFeedback
 .text.send_feedback
                0x00000b34        0x8 .\CortexM0\ARM_GCC_484\Debug\main.o
                0x00000b34                send_feedback
 .text.fill_data_array
                0x00000b3c       0x18 .\CortexM0\ARM_GCC_484\Debug\main.o
                0x00000b3c                fill_data_array
 .text.ServoGoalPosition
                0x00000b54       0x98 .\CortexM0\ARM_GCC_484\Debug\main.o
                0x00000b54                ServoGoalPosition
 .text.SetServoTorque
                0x00000bec       0x98 .\CortexM0\ARM_GCC_484\Debug\main.o
                0x00000bec                SetServoTorque
 .text.ServoSpeed
                0x00000c84       0x98 .\CortexM0\ARM_GCC_484\Debug\main.o
                0x00000c84                ServoSpeed
 .text.wristTilt
                0x00000d1c      0x16c .\CortexM0\ARM_GCC_484\Debug\main.o
                0x00000d1c                wristTilt
 .text.wristRotate
                0x00000e88      0x16c .\CortexM0\ARM_GCC_484\Debug\main.o
                0x00000e88                wristRotate
 *fill*         0x00000ff4        0x4 
 .text.elbow    0x00000ff8      0x308 .\CortexM0\ARM_GCC_484\Debug\main.o
                0x00000ff8                elbow
 .text.shoulder
                0x00001300      0x308 .\CortexM0\ARM_GCC_484\Debug\main.o
                0x00001300                shoulder
 .text.baseAzimuth
                0x00001608      0x15c .\CortexM0\ARM_GCC_484\Debug\main.o
                0x00001608                baseAzimuth
 .text.effector
                0x00001764       0xdc .\CortexM0\ARM_GCC_484\Debug\main.o
                0x00001764                effector
 .text.initialize
                0x00001840      0x148 .\CortexM0\ARM_GCC_484\Debug\main.o
                0x00001840                initialize
 .text.main     0x00001988      0x1b0 .\CortexM0\ARM_GCC_484\Debug\main.o
                0x00001988                main
 .text.transferSPI
                0x00001b38       0x34 .\CortexM0\ARM_GCC_484\Debug\wiznet5500.o
 .text.wiznetInit
                0x00001b6c      0x16c .\CortexM0\ARM_GCC_484\Debug\wiznet5500.o
                0x00001b6c                wiznetInit
 .text.wiznetOpen
                0x00001cd8       0x14 .\CortexM0\ARM_GCC_484\Debug\wiznet5500.o
                0x00001cd8                wiznetOpen
 .text.wiznetClearInterrupts
                0x00001cec       0x28 .\CortexM0\ARM_GCC_484\Debug\wiznet5500.o
                0x00001cec                wiznetClearInterrupts
 .text.wiznetConfigInterrupts
                0x00001d14       0x40 .\CortexM0\ARM_GCC_484\Debug\wiznet5500.o
                0x00001d14                wiznetConfigInterrupts
 .text.wiznetReadUdpFrame
                0x00001d54       0x58 .\CortexM0\ARM_GCC_484\Debug\wiznet5500.o
                0x00001d54                wiznetReadUdpFrame
 .text.wiznetWrite8b
                0x00001dac       0x60 .\CortexM0\ARM_GCC_484\Debug\wiznet5500.o
                0x00001dac                wiznetWrite8b
 .text.wiznetWrite16b
                0x00001e0c       0x74 .\CortexM0\ARM_GCC_484\Debug\wiznet5500.o
                0x00001e0c                wiznetWrite16b
 .text.wiznetWriteArray
                0x00001e80       0x94 .\CortexM0\ARM_GCC_484\Debug\wiznet5500.o
                0x00001e80                wiznetWriteArray
 .text.wiznetRead16b
                0x00001f14       0x80 .\CortexM0\ARM_GCC_484\Debug\wiznet5500.o
                0x00001f14                wiznetRead16b
 .text.wiznetReadArray
                0x00001f94       0x8c .\CortexM0\ARM_GCC_484\Debug\wiznet5500.o
                0x00001f94                wiznetReadArray
 .text.IntDefaultHandler
                0x00002020        0x8 .\CortexM0\ARM_GCC_484\Debug\Cm0Start.o
                0x00002020                IntDefaultHandler
 .text.Start_c  0x00002028       0x98 .\CortexM0\ARM_GCC_484\Debug\Cm0Start.o
                0x00002028                Start_c
 .text.initialize_psoc
                0x000020c0       0x64 .\CortexM0\ARM_GCC_484\Debug\Cm0Start.o
                0x000020c0                initialize_psoc
 .text.CYMEMZERO
                0x00002124       0x20 .\CortexM0\ARM_GCC_484\Debug\arm_controller_v2.1.a(cyfitter_cfg.o)
 .text.CYCONFIGCPYCODE
                0x00002144       0x24 .\CortexM0\ARM_GCC_484\Debug\arm_controller_v2.1.a(cyfitter_cfg.o)
 .text.cfg_write_bytes32
                0x00002168       0x80 .\CortexM0\ARM_GCC_484\Debug\arm_controller_v2.1.a(cyfitter_cfg.o)
 .text.AnalogSetDefault
                0x000021e8       0x24 .\CortexM0\ARM_GCC_484\Debug\arm_controller_v2.1.a(cyfitter_cfg.o)
 .text.SetAnalogRoutingPumps
                0x0000220c       0x40 .\CortexM0\ARM_GCC_484\Debug\arm_controller_v2.1.a(cyfitter_cfg.o)
                0x0000220c                SetAnalogRoutingPumps
 .text.Clock_counter_Start
                0x0000224c       0x1c .\CortexM0\ARM_GCC_484\Debug\arm_controller_v2.1.a(Clock_counter.o)
                0x0000224c                Clock_counter_Start
 .text.Clock_pwm_Start
                0x00002268       0x1c .\CortexM0\ARM_GCC_484\Debug\arm_controller_v2.1.a(Clock_pwm.o)
                0x00002268                Clock_pwm_Start
 .text.isr_1_StartEx
                0x00002284       0x24 .\CortexM0\ARM_GCC_484\Debug\arm_controller_v2.1.a(isr_1.o)
                0x00002284                isr_1_StartEx
 .text.isr_1_SetVector
                0x000022a8       0x1c .\CortexM0\ARM_GCC_484\Debug\arm_controller_v2.1.a(isr_1.o)
                0x000022a8                isr_1_SetVector
 .text.isr_1_SetPriority
                0x000022c4       0x4c .\CortexM0\ARM_GCC_484\Debug\arm_controller_v2.1.a(isr_1.o)
                0x000022c4                isr_1_SetPriority
 .text.isr_1_Enable
                0x00002310       0x14 .\CortexM0\ARM_GCC_484\Debug\arm_controller_v2.1.a(isr_1.o)
                0x00002310                isr_1_Enable
 .text.isr_1_Disable
                0x00002324       0x14 .\CortexM0\ARM_GCC_484\Debug\arm_controller_v2.1.a(isr_1.o)
                0x00002324                isr_1_Disable
 .text.LED_Write
                0x00002338       0x4c .\CortexM0\ARM_GCC_484\Debug\arm_controller_v2.1.a(LED.o)
                0x00002338                LED_Write
 .text.Timer_1_Init
                0x00002384       0x38 .\CortexM0\ARM_GCC_484\Debug\arm_controller_v2.1.a(Timer_1.o)
                0x00002384                Timer_1_Init
 .text.Timer_1_Enable
                0x000023bc       0x38 .\CortexM0\ARM_GCC_484\Debug\arm_controller_v2.1.a(Timer_1.o)
                0x000023bc                Timer_1_Enable
 .text.Timer_1_Start
                0x000023f4       0x24 .\CortexM0\ARM_GCC_484\Debug\arm_controller_v2.1.a(Timer_1.o)
                0x000023f4                Timer_1_Start
 .text.Timer_1_WriteCounter
                0x00002418       0x1c .\CortexM0\ARM_GCC_484\Debug\arm_controller_v2.1.a(Timer_1.o)
                0x00002418                Timer_1_WriteCounter
 .text.Timer_1_WritePeriod
                0x00002434       0x1c .\CortexM0\ARM_GCC_484\Debug\arm_controller_v2.1.a(Timer_1.o)
                0x00002434                Timer_1_WritePeriod
 .text.Timer_1_TriggerCommand
                0x00002450       0x3c .\CortexM0\ARM_GCC_484\Debug\arm_controller_v2.1.a(Timer_1.o)
                0x00002450                Timer_1_TriggerCommand
 .text.Timer_1_SetInterruptMode
                0x0000248c       0x18 .\CortexM0\ARM_GCC_484\Debug\arm_controller_v2.1.a(Timer_1.o)
                0x0000248c                Timer_1_SetInterruptMode
 .text.Timer_1_GetInterruptSourceMasked
                0x000024a4       0x14 .\CortexM0\ARM_GCC_484\Debug\arm_controller_v2.1.a(Timer_1.o)
                0x000024a4                Timer_1_GetInterruptSourceMasked
 .text.Timer_1_ClearInterrupt
                0x000024b8       0x18 .\CortexM0\ARM_GCC_484\Debug\arm_controller_v2.1.a(Timer_1.o)
                0x000024b8                Timer_1_ClearInterrupt
 .text          0x000024d0       0x28 .\CortexM0\ARM_GCC_484\Debug\arm_controller_v2.1.a(CyBootAsmGnu.o)
                0x000024d0                CyDelayCycles
                0x000024e4                CyEnterCriticalSection
                0x000024ec                CyExitCriticalSection
 .text.CyIntSetVector
                0x000024f8       0x4c .\CortexM0\ARM_GCC_484\Debug\arm_controller_v2.1.a(CyLib.o)
                0x000024f8                CyIntSetVector
 .text.CyIntSetPriority
                0x00002544       0xa8 .\CortexM0\ARM_GCC_484\Debug\arm_controller_v2.1.a(CyLib.o)
                0x00002544                CyIntSetPriority
 .text.CyHalt   0x000025ec       0x14 .\CortexM0\ARM_GCC_484\Debug\arm_controller_v2.1.a(CyLib.o)
                0x000025ec                CyHalt
 .text.CyDelay  0x00002600       0x48 .\CortexM0\ARM_GCC_484\Debug\arm_controller_v2.1.a(CyLib.o)
                0x00002600                CyDelay
 .text.CyDelayUs
                0x00002648       0x28 .\CortexM0\ARM_GCC_484\Debug\arm_controller_v2.1.a(CyLib.o)
                0x00002648                CyDelayUs
 .text.UART_1_Init
                0x00002670        0xc .\CortexM0\ARM_GCC_484\Debug\arm_controller_v2.1.a(UART_1.o)
                0x00002670                UART_1_Init
 .text.UART_1_Enable
                0x0000267c       0x20 .\CortexM0\ARM_GCC_484\Debug\arm_controller_v2.1.a(UART_1.o)
                0x0000267c                UART_1_Enable
 .text.UART_1_Start
                0x0000269c       0x24 .\CortexM0\ARM_GCC_484\Debug\arm_controller_v2.1.a(UART_1.o)
                0x0000269c                UART_1_Start
 .text.UART_1_ScbEnableIntr
                0x000026c0        0x8 .\CortexM0\ARM_GCC_484\Debug\arm_controller_v2.1.a(UART_1.o)
 .text.UART_1_SpiUartWriteTxData
                0x000026c8       0x2c .\CortexM0\ARM_GCC_484\Debug\arm_controller_v2.1.a(UART_1_SPI_UART.o)
                0x000026c8                UART_1_SpiUartWriteTxData
 .text.UART_1_SpiUartPutArray
                0x000026f4       0x34 .\CortexM0\ARM_GCC_484\Debug\arm_controller_v2.1.a(UART_1_SPI_UART.o)
                0x000026f4                UART_1_SpiUartPutArray
 .text.UART_1_UartInit
                0x00002728       0xa8 .\CortexM0\ARM_GCC_484\Debug\arm_controller_v2.1.a(UART_1_UART.o)
                0x00002728                UART_1_UartInit
 .text.WIZ_RDY_Read
                0x000027d0       0x1c .\CortexM0\ARM_GCC_484\Debug\arm_controller_v2.1.a(WIZ_RDY.o)
                0x000027d0                WIZ_RDY_Read
 .text.WIZ_INT_Read
                0x000027ec       0x1c .\CortexM0\ARM_GCC_484\Debug\arm_controller_v2.1.a(WIZ_INT.o)
                0x000027ec                WIZ_INT_Read
 .text.WIZ_RST_Write
                0x00002808       0x4c .\CortexM0\ARM_GCC_484\Debug\arm_controller_v2.1.a(WIZ_RST.o)
                0x00002808                WIZ_RST_Write
 .text.WIZ_SS_Write
                0x00002854       0x4c .\CortexM0\ARM_GCC_484\Debug\arm_controller_v2.1.a(WIZ_SS.o)
                0x00002854                WIZ_SS_Write
 .text.ADC_Start
                0x000028a0       0x24 .\CortexM0\ARM_GCC_484\Debug\arm_controller_v2.1.a(ADC.o)
                0x000028a0                ADC_Start
 .text.ADC_Init
                0x000028c4      0x1fc .\CortexM0\ARM_GCC_484\Debug\arm_controller_v2.1.a(ADC.o)
                0x000028c4                ADC_Init
 .text.ADC_Enable
                0x00002ac0       0x28 .\CortexM0\ARM_GCC_484\Debug\arm_controller_v2.1.a(ADC.o)
                0x00002ac0                ADC_Enable
 .text.ADC_StartConvert
                0x00002ae8       0x1c .\CortexM0\ARM_GCC_484\Debug\arm_controller_v2.1.a(ADC.o)
                0x00002ae8                ADC_StartConvert
 .text.ADC_GetResult16
                0x00002b04       0x44 .\CortexM0\ARM_GCC_484\Debug\arm_controller_v2.1.a(ADC.o)
                0x00002b04                ADC_GetResult16
 .text.ADC_ISR  0x00002b48       0x1c .\CortexM0\ARM_GCC_484\Debug\arm_controller_v2.1.a(ADC_INT.o)
                0x00002b48                ADC_ISR
 .text.BA_PWM_Init
                0x00002b64       0x5c .\CortexM0\ARM_GCC_484\Debug\arm_controller_v2.1.a(BA_PWM.o)
                0x00002b64                BA_PWM_Init
 .text.BA_PWM_Enable
                0x00002bc0       0x38 .\CortexM0\ARM_GCC_484\Debug\arm_controller_v2.1.a(BA_PWM.o)
                0x00002bc0                BA_PWM_Enable
 .text.BA_PWM_Start
                0x00002bf8       0x24 .\CortexM0\ARM_GCC_484\Debug\arm_controller_v2.1.a(BA_PWM.o)
                0x00002bf8                BA_PWM_Start
 .text.BA_PWM_WriteCounter
                0x00002c1c       0x1c .\CortexM0\ARM_GCC_484\Debug\arm_controller_v2.1.a(BA_PWM.o)
                0x00002c1c                BA_PWM_WriteCounter
 .text.BA_PWM_WritePeriod
                0x00002c38       0x1c .\CortexM0\ARM_GCC_484\Debug\arm_controller_v2.1.a(BA_PWM.o)
                0x00002c38                BA_PWM_WritePeriod
 .text.BA_PWM_WriteCompare
                0x00002c54       0x1c .\CortexM0\ARM_GCC_484\Debug\arm_controller_v2.1.a(BA_PWM.o)
                0x00002c54                BA_PWM_WriteCompare
 .text.BA_PWM_TriggerCommand
                0x00002c70       0x3c .\CortexM0\ARM_GCC_484\Debug\arm_controller_v2.1.a(BA_PWM.o)
                0x00002c70                BA_PWM_TriggerCommand
 .text.BA_PWM_SetInterruptMode
                0x00002cac       0x18 .\CortexM0\ARM_GCC_484\Debug\arm_controller_v2.1.a(BA_PWM.o)
                0x00002cac                BA_PWM_SetInterruptMode
 .text.ELBW_PWM_Init
                0x00002cc4       0x5c .\CortexM0\ARM_GCC_484\Debug\arm_controller_v2.1.a(ELBW_PWM.o)
                0x00002cc4                ELBW_PWM_Init
 .text.ELBW_PWM_Enable
                0x00002d20       0x38 .\CortexM0\ARM_GCC_484\Debug\arm_controller_v2.1.a(ELBW_PWM.o)
                0x00002d20                ELBW_PWM_Enable
 .text.ELBW_PWM_Start
                0x00002d58       0x24 .\CortexM0\ARM_GCC_484\Debug\arm_controller_v2.1.a(ELBW_PWM.o)
                0x00002d58                ELBW_PWM_Start
 .text.ELBW_PWM_WriteCounter
                0x00002d7c       0x1c .\CortexM0\ARM_GCC_484\Debug\arm_controller_v2.1.a(ELBW_PWM.o)
                0x00002d7c                ELBW_PWM_WriteCounter
 .text.ELBW_PWM_WritePeriod
                0x00002d98       0x1c .\CortexM0\ARM_GCC_484\Debug\arm_controller_v2.1.a(ELBW_PWM.o)
                0x00002d98                ELBW_PWM_WritePeriod
 .text.ELBW_PWM_WriteCompare
                0x00002db4       0x1c .\CortexM0\ARM_GCC_484\Debug\arm_controller_v2.1.a(ELBW_PWM.o)
                0x00002db4                ELBW_PWM_WriteCompare
 .text.ELBW_PWM_TriggerCommand
                0x00002dd0       0x3c .\CortexM0\ARM_GCC_484\Debug\arm_controller_v2.1.a(ELBW_PWM.o)
                0x00002dd0                ELBW_PWM_TriggerCommand
 .text.ELBW_PWM_SetInterruptMode
                0x00002e0c       0x18 .\CortexM0\ARM_GCC_484\Debug\arm_controller_v2.1.a(ELBW_PWM.o)
                0x00002e0c                ELBW_PWM_SetInterruptMode
 .text.SHLDR_PWM_Init
                0x00002e24       0x5c .\CortexM0\ARM_GCC_484\Debug\arm_controller_v2.1.a(SHLDR_PWM.o)
                0x00002e24                SHLDR_PWM_Init
 .text.SHLDR_PWM_Enable
                0x00002e80       0x38 .\CortexM0\ARM_GCC_484\Debug\arm_controller_v2.1.a(SHLDR_PWM.o)
                0x00002e80                SHLDR_PWM_Enable
 .text.SHLDR_PWM_Start
                0x00002eb8       0x24 .\CortexM0\ARM_GCC_484\Debug\arm_controller_v2.1.a(SHLDR_PWM.o)
                0x00002eb8                SHLDR_PWM_Start
 .text.SHLDR_PWM_WriteCounter
                0x00002edc       0x1c .\CortexM0\ARM_GCC_484\Debug\arm_controller_v2.1.a(SHLDR_PWM.o)
                0x00002edc                SHLDR_PWM_WriteCounter
 .text.SHLDR_PWM_WritePeriod
                0x00002ef8       0x1c .\CortexM0\ARM_GCC_484\Debug\arm_controller_v2.1.a(SHLDR_PWM.o)
                0x00002ef8                SHLDR_PWM_WritePeriod
 .text.SHLDR_PWM_WriteCompare
                0x00002f14       0x1c .\CortexM0\ARM_GCC_484\Debug\arm_controller_v2.1.a(SHLDR_PWM.o)
                0x00002f14                SHLDR_PWM_WriteCompare
 .text.SHLDR_PWM_TriggerCommand
                0x00002f30       0x3c .\CortexM0\ARM_GCC_484\Debug\arm_controller_v2.1.a(SHLDR_PWM.o)
                0x00002f30                SHLDR_PWM_TriggerCommand
 .text.SHLDR_PWM_SetInterruptMode
                0x00002f6c       0x18 .\CortexM0\ARM_GCC_484\Debug\arm_controller_v2.1.a(SHLDR_PWM.o)
                0x00002f6c                SHLDR_PWM_SetInterruptMode
 .text.SPIM_1_Init
                0x00002f84       0x34 .\CortexM0\ARM_GCC_484\Debug\arm_controller_v2.1.a(SPIM_1.o)
                0x00002f84                SPIM_1_Init
 .text.SPIM_1_Enable
                0x00002fb8       0x68 .\CortexM0\ARM_GCC_484\Debug\arm_controller_v2.1.a(SPIM_1.o)
                0x00002fb8                SPIM_1_Enable
 .text.SPIM_1_Start
                0x00003020       0x24 .\CortexM0\ARM_GCC_484\Debug\arm_controller_v2.1.a(SPIM_1.o)
                0x00003020                SPIM_1_Start
 .text.SPIM_1_EnableTxInt
                0x00003044        0x8 .\CortexM0\ARM_GCC_484\Debug\arm_controller_v2.1.a(SPIM_1.o)
                0x00003044                SPIM_1_EnableTxInt
 .text.SPIM_1_EnableRxInt
                0x0000304c        0x8 .\CortexM0\ARM_GCC_484\Debug\arm_controller_v2.1.a(SPIM_1.o)
                0x0000304c                SPIM_1_EnableRxInt
 .text.SPIM_1_ReadTxStatus
                0x00003054       0x20 .\CortexM0\ARM_GCC_484\Debug\arm_controller_v2.1.a(SPIM_1.o)
                0x00003054                SPIM_1_ReadTxStatus
 .text.SPIM_1_ReadRxStatus
                0x00003074       0x20 .\CortexM0\ARM_GCC_484\Debug\arm_controller_v2.1.a(SPIM_1.o)
                0x00003074                SPIM_1_ReadRxStatus
 .text.SPIM_1_WriteTxData
                0x00003094       0x34 .\CortexM0\ARM_GCC_484\Debug\arm_controller_v2.1.a(SPIM_1.o)
                0x00003094                SPIM_1_WriteTxData
 .text.SPIM_1_ReadRxData
                0x000030c8       0x20 .\CortexM0\ARM_GCC_484\Debug\arm_controller_v2.1.a(SPIM_1.o)
                0x000030c8                SPIM_1_ReadRxData
 .text.SPIM_1_ClearFIFO
                0x000030e8       0x60 .\CortexM0\ARM_GCC_484\Debug\arm_controller_v2.1.a(SPIM_1.o)
                0x000030e8                SPIM_1_ClearFIFO
 .text.SPIM_1_IntClock_Start
                0x00003148       0x1c .\CortexM0\ARM_GCC_484\Debug\arm_controller_v2.1.a(SPIM_1_IntClock.o)
                0x00003148                SPIM_1_IntClock_Start
 .text.stop_shdr_up_Read
                0x00003164       0x1c .\CortexM0\ARM_GCC_484\Debug\arm_controller_v2.1.a(stop_shdr_up.o)
                0x00003164                stop_shdr_up_Read
 .text.stop_shdr_dn_Read
                0x00003180       0x1c .\CortexM0\ARM_GCC_484\Debug\arm_controller_v2.1.a(stop_shdr_dn.o)
                0x00003180                stop_shdr_dn_Read
 .text.stop_elb_up_Read
                0x0000319c       0x1c .\CortexM0\ARM_GCC_484\Debug\arm_controller_v2.1.a(stop_elb_up.o)
                0x0000319c                stop_elb_up_Read
 .text.stop_elb_dn_Read
                0x000031b8       0x1c .\CortexM0\ARM_GCC_484\Debug\arm_controller_v2.1.a(stop_elb_dn.o)
                0x000031b8                stop_elb_dn_Read
 .text.EFFECTOR_PWM_Start
                0x000031d4       0x24 .\CortexM0\ARM_GCC_484\Debug\arm_controller_v2.1.a(EFFECTOR_PWM.o)
                0x000031d4                EFFECTOR_PWM_Start
 .text.EFFECTOR_PWM_Init
                0x000031f8       0xa4 .\CortexM0\ARM_GCC_484\Debug\arm_controller_v2.1.a(EFFECTOR_PWM.o)
                0x000031f8                EFFECTOR_PWM_Init
 .text.EFFECTOR_PWM_Enable
                0x0000329c       0x20 .\CortexM0\ARM_GCC_484\Debug\arm_controller_v2.1.a(EFFECTOR_PWM.o)
                0x0000329c                EFFECTOR_PWM_Enable
 .text.EFFECTOR_PWM_WriteCounter
                0x000032bc       0x20 .\CortexM0\ARM_GCC_484\Debug\arm_controller_v2.1.a(EFFECTOR_PWM.o)
                0x000032bc                EFFECTOR_PWM_WriteCounter
 .text.EFFECTOR_PWM_ClearFIFO
                0x000032dc       0x1c .\CortexM0\ARM_GCC_484\Debug\arm_controller_v2.1.a(EFFECTOR_PWM.o)
                0x000032dc                EFFECTOR_PWM_ClearFIFO
 .text.EFFECTOR_PWM_WritePeriod
                0x000032f8       0x20 .\CortexM0\ARM_GCC_484\Debug\arm_controller_v2.1.a(EFFECTOR_PWM.o)
                0x000032f8                EFFECTOR_PWM_WritePeriod
 .text.EFFECTOR_PWM_WriteCompare
                0x00003318       0x20 .\CortexM0\ARM_GCC_484\Debug\arm_controller_v2.1.a(EFFECTOR_PWM.o)
                0x00003318                EFFECTOR_PWM_WriteCompare
 .text.EFFECTOR_PWM_SetInterruptMode
                0x00003338       0x20 .\CortexM0\ARM_GCC_484\Debug\arm_controller_v2.1.a(EFFECTOR_PWM.o)
                0x00003338                EFFECTOR_PWM_SetInterruptMode
 .text.EFFECTOR_PWM_ReadStatusRegister
                0x00003358       0x14 .\CortexM0\ARM_GCC_484\Debug\arm_controller_v2.1.a(EFFECTOR_PWM.o)
                0x00003358                EFFECTOR_PWM_ReadStatusRegister
 .text.EFFECTOR_PWM_ReadCapture
                0x0000336c       0x14 .\CortexM0\ARM_GCC_484\Debug\arm_controller_v2.1.a(EFFECTOR_PWM.o)
                0x0000336c                EFFECTOR_PWM_ReadCapture
 .text          0x00003380       0x9c c:/program files (x86)/cypress/psoc creator/3.1/psoc creator/import/gnu_cs/arm/4.8.4/bin/../lib/gcc/arm-none-eabi/4.8.4/armv6-m\libgcc.a(_udivsi3.o)
                0x00003380                __aeabi_uidiv
                0x00003380                __udivsi3
                0x00003408                __aeabi_uidivmod
 .text          0x0000341c       0xc0 c:/program files (x86)/cypress/psoc creator/3.1/psoc creator/import/gnu_cs/arm/4.8.4/bin/../lib/gcc/arm-none-eabi/4.8.4/armv6-m\libgcc.a(_divsi3.o)
                0x0000341c                __divsi3
                0x0000341c                __aeabi_idiv
                0x000034c8                __aeabi_idivmod
 .text          0x000034dc        0x4 c:/program files (x86)/cypress/psoc creator/3.1/psoc creator/import/gnu_cs/arm/4.8.4/bin/../lib/gcc/arm-none-eabi/4.8.4/armv6-m\libgcc.a(_dvmd_tls.o)
                0x000034dc                __aeabi_idiv0
                0x000034dc                __aeabi_ldiv0
 .text          0x000034e0       0x40 c:/program files (x86)/cypress/psoc creator/3.1/psoc creator/import/gnu_cs/arm/4.8.4/bin/../lib/gcc/arm-none-eabi/4.8.4/armv6-m\libgcc.a(_fixunsdfsi.o)
                0x000034e0                __aeabi_d2uiz
                0x000034e0                __fixunsdfsi
 .text          0x00003520      0x520 c:/program files (x86)/cypress/psoc creator/3.1/psoc creator/import/gnu_cs/arm/4.8.4/bin/../lib/gcc/arm-none-eabi/4.8.4/armv6-m\libgcc.a(muldf3.o)
                0x00003520                __aeabi_dmul
 .text          0x00003a40      0x668 c:/program files (x86)/cypress/psoc creator/3.1/psoc creator/import/gnu_cs/arm/4.8.4/bin/../lib/gcc/arm-none-eabi/4.8.4/armv6-m\libgcc.a(subdf3.o)
                0x00003a40                __aeabi_dsub
 .text          0x000040a8       0x68 c:/program files (x86)/cypress/psoc creator/3.1/psoc creator/import/gnu_cs/arm/4.8.4/bin/../lib/gcc/arm-none-eabi/4.8.4/armv6-m\libgcc.a(fixdfsi.o)
                0x000040a8                __aeabi_d2iz
 .text          0x00004110       0x7c c:/program files (x86)/cypress/psoc creator/3.1/psoc creator/import/gnu_cs/arm/4.8.4/bin/../lib/gcc/arm-none-eabi/4.8.4/armv6-m\libgcc.a(floatsidf.o)
                0x00004110                __aeabi_i2d
 .text          0x0000418c       0x7c c:/program files (x86)/cypress/psoc creator/3.1/psoc creator/import/gnu_cs/arm/4.8.4/bin/../lib/gcc/arm-none-eabi/4.8.4/armv6-m\libgcc.a(_arm_cmpdf2.o)
                0x0000418c                __aeabi_cdrcmple
                0x0000419c                __aeabi_cdcmple
                0x0000419c                __aeabi_cdcmpeq
                0x000041ac                __aeabi_dcmpeq
                0x000041b8                __aeabi_dcmplt
                0x000041cc                __aeabi_dcmple
                0x000041e0                __aeabi_dcmpgt
                0x000041f4                __aeabi_dcmpge
 .text          0x00004208       0x3c c:/program files (x86)/cypress/psoc creator/3.1/psoc creator/import/gnu_cs/arm/4.8.4/bin/../lib/gcc/arm-none-eabi/4.8.4/armv6-m\libgcc.a(_clzsi2.o)
                0x00004208                __clzsi2
 .text          0x00004244       0x94 c:/program files (x86)/cypress/psoc creator/3.1/psoc creator/import/gnu_cs/arm/4.8.4/bin/../lib/gcc/arm-none-eabi/4.8.4/armv6-m\libgcc.a(eqdf2.o)
                0x00004244                __nedf2
                0x00004244                __eqdf2
 .text          0x000042d8       0xfc c:/program files (x86)/cypress/psoc creator/3.1/psoc creator/import/gnu_cs/arm/4.8.4/bin/../lib/gcc/arm-none-eabi/4.8.4/armv6-m\libgcc.a(gedf2.o)
                0x000042d8                __gedf2
                0x000042d8                __gtdf2
 .text          0x000043d4       0xfc c:/program files (x86)/cypress/psoc creator/3.1/psoc creator/import/gnu_cs/arm/4.8.4/bin/../lib/gcc/arm-none-eabi/4.8.4/armv6-m\libgcc.a(ledf2.o)
                0x000043d4                __ledf2
                0x000043d4                __ltdf2
 .text.__libc_init_array
                0x000044d0       0x4c c:/program files (x86)/cypress/psoc creator/3.1/psoc creator/import/gnu_cs/arm/4.8.4/bin/../lib/gcc/arm-none-eabi/4.8.4/../../../../arm-none-eabi/lib/armv6-m\libg_s.a(lib_a-init.o)
                0x000044d0                __libc_init_array
 .text.memcpy   0x0000451c       0x12 c:/program files (x86)/cypress/psoc creator/3.1/psoc creator/import/gnu_cs/arm/4.8.4/bin/../lib/gcc/arm-none-eabi/4.8.4/../../../../arm-none-eabi/lib/armv6-m\libg_s.a(lib_a-memcpy-stub.o)
                0x0000451c                memcpy
 .text.memset   0x0000452e       0x10 c:/program files (x86)/cypress/psoc creator/3.1/psoc creator/import/gnu_cs/arm/4.8.4/bin/../lib/gcc/arm-none-eabi/4.8.4/../../../../arm-none-eabi/lib/armv6-m\libg_s.a(lib_a-memset.o)
                0x0000452e                memset
 *(.plt)
 *(.gnu.warning)
 *(.glue_7t)
 .glue_7t       0x00000000        0x0 linker stubs
 *(.glue_7)
 .glue_7        0x00000000        0x0 linker stubs
 *(.vfp11_veneer)
 .vfp11_veneer  0x00000000        0x0 linker stubs
 *(.bootloader)
 *(.ARM.extab* .gnu.linkonce.armextab.*)
 *(.gcc_except_table)

.v4_bx          0x00004540        0x0
 .v4_bx         0x00000000        0x0 linker stubs

.iplt           0x00004540        0x0
 .iplt          0x00000000        0x0 c:/program files (x86)/cypress/psoc creator/3.1/psoc creator/import/gnu_cs/arm/4.8.4/bin/../lib/gcc/arm-none-eabi/4.8.4/armv6-m/crtbegin.o

.eh_frame_hdr
 *(.eh_frame_hdr)

.eh_frame       0x00004540        0x4
 *(.eh_frame)
 .eh_frame      0x00004540        0x0 c:/program files (x86)/cypress/psoc creator/3.1/psoc creator/import/gnu_cs/arm/4.8.4/bin/../lib/gcc/arm-none-eabi/4.8.4/armv6-m/crtbegin.o
 .eh_frame      0x00004540        0x4 c:/program files (x86)/cypress/psoc creator/3.1/psoc creator/import/gnu_cs/arm/4.8.4/bin/../lib/gcc/arm-none-eabi/4.8.4/armv6-m/crtend.o
                0x00004544                PROVIDE (__exidx_start, .)

.ARM.exidx
 *(.ARM.exidx* .gnu.linkonce.armexidx.*)
                0x00004544                __exidx_end = .

.rodata         0x00004544      0x3a4
 *(.rodata .rodata.* .gnu.linkonce.r.*)
 .rodata        0x00004544       0x30 .\CortexM0\ARM_GCC_484\Debug\wiznet5500.o
 .rodata        0x00004574      0x2e8 .\CortexM0\ARM_GCC_484\Debug\arm_controller_v2.1.a(cyfitter_cfg.o)
 .rodata        0x0000485c       0x14 .\CortexM0\ARM_GCC_484\Debug\arm_controller_v2.1.a(ADC.o)
 .rodata        0x00004870       0x40 c:/program files (x86)/cypress/psoc creator/3.1/psoc creator/import/gnu_cs/arm/4.8.4/bin/../lib/gcc/arm-none-eabi/4.8.4/armv6-m\libgcc.a(muldf3.o)
                0x000048b0                . = ALIGN (0x4)
 *(.init)
 .init          0x000048b0        0x4 c:/program files (x86)/cypress/psoc creator/3.1/psoc creator/import/gnu_cs/arm/4.8.4/bin/../lib/gcc/arm-none-eabi/4.8.4/armv6-m/crti.o
                0x000048b0                _init
 .init          0x000048b4        0x8 c:/program files (x86)/cypress/psoc creator/3.1/psoc creator/import/gnu_cs/arm/4.8.4/bin/../lib/gcc/arm-none-eabi/4.8.4/armv6-m/crtn.o
                0x000048bc                . = ALIGN (0x4)
                0x000048bc                __preinit_array_start = .
 *(.preinit_array)
                0x000048bc                __preinit_array_end = .
                0x000048bc                . = ALIGN (0x4)
                0x000048bc                __init_array_start = .
 *(SORT(.init_array.*))
 *(.init_array)
 .init_array    0x000048bc        0x4 c:/program files (x86)/cypress/psoc creator/3.1/psoc creator/import/gnu_cs/arm/4.8.4/bin/../lib/gcc/arm-none-eabi/4.8.4/armv6-m/crtbegin.o
 .init_array    0x000048c0        0x4 .\CortexM0\ARM_GCC_484\Debug\Cm0Start.o
                0x000048c4                __init_array_end = .
                0x000048c4                . = ALIGN (0x4)
 *(.fini)
 .fini          0x000048c4        0x4 c:/program files (x86)/cypress/psoc creator/3.1/psoc creator/import/gnu_cs/arm/4.8.4/bin/../lib/gcc/arm-none-eabi/4.8.4/armv6-m/crti.o
                0x000048c4                _fini
 .fini          0x000048c8        0x8 c:/program files (x86)/cypress/psoc creator/3.1/psoc creator/import/gnu_cs/arm/4.8.4/bin/../lib/gcc/arm-none-eabi/4.8.4/armv6-m/crtn.o
                0x000048d0                . = ALIGN (0x4)
                0x000048d0                __fini_array_start = .
 *(.fini_array)
 .fini_array    0x000048d0        0x4 c:/program files (x86)/cypress/psoc creator/3.1/psoc creator/import/gnu_cs/arm/4.8.4/bin/../lib/gcc/arm-none-eabi/4.8.4/armv6-m/crtbegin.o
 *(SORT(.fini_array.*))
                0x000048d4                __fini_array_end = .
                0x000048d4                . = ALIGN (0x4)
 *crtbegin.o(.ctors)
 *(EXCLUDE_FILE(*crtend.o) .ctors)
 *(SORT(.ctors.*))
 *crtend.o(.ctors)
                0x000048d4                . = ALIGN (0x4)
 *crtbegin.o(.dtors)
 *(EXCLUDE_FILE(*crtend.o) .dtors)
 *(SORT(.dtors.*))
 *crtend.o(.dtors)
                0x000048d4                . = ALIGN (0x4)
                0x000048d4                __cy_regions = .
                0x000048d4        0x4 LONG 0x48e8 __cy_region_init_ram
                0x000048d8        0x4 LONG 0x200000c8 __cy_region_start_data
                0x000048dc        0x4 LONG 0x28 __cy_region_init_size_ram
                0x000048e0        0x4 LONG 0xa0 __cy_region_zero_size_ram
                0x000048e4                __cy_regions_end = .
                0x000048e8                . = ALIGN (0x8)
 *fill*         0x000048e4        0x4 
                0x000048e8                _etext = .

.ramvectors     0x20000000       0xc0
                0x20000000                __cy_region_start_ram = .
 *(.ramvectors)
 .ramvectors    0x20000000       0xc0 .\CortexM0\ARM_GCC_484\Debug\Cm0Start.o
                0x20000000                CyRamVectors

.noinit         0x200000c0        0x4
 *(.noinit)
 .noinit        0x200000c0        0x4 .\CortexM0\ARM_GCC_484\Debug\Cm0Start.o

.data           0x200000c8       0x28 load address 0x000048e8
                0x200000c8                __cy_region_start_data = .
 *(.jcr)
 .jcr           0x200000c8        0x0 c:/program files (x86)/cypress/psoc creator/3.1/psoc creator/import/gnu_cs/arm/4.8.4/bin/../lib/gcc/arm-none-eabi/4.8.4/armv6-m/crtbegin.o
 .jcr           0x200000c8        0x4 c:/program files (x86)/cypress/psoc creator/3.1/psoc creator/import/gnu_cs/arm/4.8.4/bin/../lib/gcc/arm-none-eabi/4.8.4/armv6-m/crtend.o
 *(.got.plt)
 *(.got)
 *(.shdata)
 *(.data .data.* .gnu.linkonce.d.*)
 .data          0x200000cc       0x10 .\CortexM0\ARM_GCC_484\Debug\main.o
                0x200000cc                ELBOW_UPPER_BOUND
                0x200000d0                ELBOW_LOWER_BOUND
                0x200000d4                SHOULDER_UPPER_BOUND
                0x200000d8                SHOULDER_LOWER_BOUND
 .data          0x200000dc        0x4 .\CortexM0\ARM_GCC_484\Debug\arm_controller_v2.1.a(cyfitter_cfg.o)
 .data          0x200000e0       0x10 .\CortexM0\ARM_GCC_484\Debug\arm_controller_v2.1.a(CyLib.o)
                0x200000e0                cydelayFreqHz
                0x200000e4                cydelayFreqKhz
                0x200000e8                cydelayFreqMhz
                0x200000ec                cydelay32kMs
                0x200000f0                . = ALIGN (0x8)
 *(.ram)
                0x200000f0                _edata = .

.igot.plt       0x200000f0        0x0 load address 0x00004910
 .igot.plt      0x00000000        0x0 c:/program files (x86)/cypress/psoc creator/3.1/psoc creator/import/gnu_cs/arm/4.8.4/bin/../lib/gcc/arm-none-eabi/4.8.4/armv6-m/crtbegin.o

.bss            0x200000f0       0xa0 load address 0x00004910
                0x200000f0                PROVIDE (__bss_start__, .)
 *(.shbss)
 *(.bss .bss.* .gnu.linkonce.b.*)
 .bss           0x200000f0       0x1c c:/program files (x86)/cypress/psoc creator/3.1/psoc creator/import/gnu_cs/arm/4.8.4/bin/../lib/gcc/arm-none-eabi/4.8.4/armv6-m/crtbegin.o
 .bss           0x2000010c       0x18 .\CortexM0\ARM_GCC_484\Debug\main.o
                0x2000010c                WT_FLAG
                0x2000010d                WR_FLAG
                0x2000010e                ELBOW_FLAG
                0x2000010f                SHOULDER_FLAG
                0x20000110                BA_FLAG
                0x20000111                EFFECTOR_FLAG
                0x20000112                PH_FLAG
                0x20000114                dropped_packets
                0x20000116                fail_safe_errors
                0x20000118                shldr_errors
                0x2000011a                elbw_errors
                0x2000011c                BA_errors
                0x2000011e                WT_errors
                0x20000120                WR_errors
                0x20000122                eff_errors
 .bss           0x20000124        0x4 .\CortexM0\ARM_GCC_484\Debug\wiznet5500.o
 .bss           0x20000128        0x1 .\CortexM0\ARM_GCC_484\Debug\arm_controller_v2.1.a(Timer_1.o)
                0x20000128                Timer_1_initVar
 *fill*         0x20000129        0x3 
 .bss           0x2000012c        0x8 .\CortexM0\ARM_GCC_484\Debug\arm_controller_v2.1.a(UART_1.o)
                0x2000012c                UART_1_initVar
                0x20000130                UART_1_customIntrHandler
 .bss           0x20000134        0x1 .\CortexM0\ARM_GCC_484\Debug\arm_controller_v2.1.a(ADC.o)
                0x20000134                ADC_initVar
 .bss           0x20000135        0x1 .\CortexM0\ARM_GCC_484\Debug\arm_controller_v2.1.a(BA_PWM.o)
                0x20000135                BA_PWM_initVar
 .bss           0x20000136        0x1 .\CortexM0\ARM_GCC_484\Debug\arm_controller_v2.1.a(ELBW_PWM.o)
                0x20000136                ELBW_PWM_initVar
 .bss           0x20000137        0x1 .\CortexM0\ARM_GCC_484\Debug\arm_controller_v2.1.a(SHLDR_PWM.o)
                0x20000137                SHLDR_PWM_initVar
 .bss           0x20000138        0x1 .\CortexM0\ARM_GCC_484\Debug\arm_controller_v2.1.a(SPIM_1.o)
                0x20000138                SPIM_1_initVar
 .bss           0x20000139        0x1 .\CortexM0\ARM_GCC_484\Debug\arm_controller_v2.1.a(EFFECTOR_PWM.o)
                0x20000139                EFFECTOR_PWM_initVar
 *(COMMON)
 *fill*         0x2000013a        0x2 
 COMMON         0x2000013c       0x36 .\CortexM0\ARM_GCC_484\Debug\main.o
                0x2000013c                test_array
                0x20000152                baseAzimuth_state
                0x20000154                data_array
                0x2000016a                wristTilt_state
                0x2000016b                shoulder_state
                0x2000016c                timerFlag
                0x2000016d                elbow_state
                0x2000016e                effector_state
                0x2000016f                wristRotate_state
                0x20000170                phSensor_state
                0x20000171                wiznet
 *fill*         0x20000172        0x2 
 COMMON         0x20000174       0x18 .\CortexM0\ARM_GCC_484\Debug\arm_controller_v2.1.a(ADC.o)
                0x20000174                ADC_countsPer10Volt
                0x20000184                ADC_offset
                0x20000190                . = ALIGN (0x8)
 *fill*         0x2000018c        0x4 
 *(.ram.b)
                0x20000190                _end = .
                0x20000190                __end = .
                0x20000190                PROVIDE (end, .)
                0x20000190                PROVIDE (__bss_end__, .)
                0x000048e8                __cy_region_init_ram = LOADADDR (.data)
                0x00000028                __cy_region_init_size_ram = (_edata - ADDR (.data))
                0x000000a0                __cy_region_zero_size_ram = (_end - _edata)

.heap           0x20000190       0x80 load address 0x00004910
                0x20000190                . = _end
                0x20000210                . = (. + 0x80)
 *fill*         0x20000190       0x80 
                0x20000210                __cy_heap_limit = .

.stack          0x20000c00      0x400
                0x20000c00                __cy_stack_limit = .
                0x20001000                . = (. + 0x400)
 *fill*         0x20000c00      0x400 
                0x00000001                ASSERT ((__cy_stack_limit >= __cy_heap_limit), region RAM overflowed with stack)

.cyloadermeta
 *(.cyloadermeta)

.cyloadablemeta
 *(.cyloadablemeta)

.cyflashprotect
                0x90400000       0x20
 *(.cyflashprotect)
 .cyflashprotect
                0x90400000       0x20 .\CortexM0\ARM_GCC_484\Debug\cymetadata.o
                0x90400000                cy_meta_flashprotect

.cymeta         0x90500000        0xc
 *(.cymeta)
 .cymeta        0x90500000        0xc .\CortexM0\ARM_GCC_484\Debug\cymetadata.o
                0x90500000                cy_metadata

.cychipprotect  0x90600000        0x4
 *(.cychipprotect)
 .cychipprotect
                0x90600000        0x4 .\CortexM0\ARM_GCC_484\Debug\cymetadata.o
                0x90600000                cy_meta_chipprotect

.rel.dyn        0x00004910        0x0 load address 0x90600004
 .rel.iplt      0x00000000        0x0 c:/program files (x86)/cypress/psoc creator/3.1/psoc creator/import/gnu_cs/arm/4.8.4/bin/../lib/gcc/arm-none-eabi/4.8.4/armv6-m/crtbegin.o

.stab           0x00000000       0x9c
 *(.stab)
 .stab          0x00000000       0x24 c:/program files (x86)/cypress/psoc creator/3.1/psoc creator/import/gnu_cs/arm/4.8.4/bin/../lib/gcc/arm-none-eabi/4.8.4/../../../../arm-none-eabi/lib/armv6-m\libnosys.a(close.o)
 .stab          0x00000024       0x18 c:/program files (x86)/cypress/psoc creator/3.1/psoc creator/import/gnu_cs/arm/4.8.4/bin/../lib/gcc/arm-none-eabi/4.8.4/../../../../arm-none-eabi/lib/armv6-m\libnosys.a(fstat.o)
                                 0x24 (size before relaxing)
 .stab          0x0000003c       0x18 c:/program files (x86)/cypress/psoc creator/3.1/psoc creator/import/gnu_cs/arm/4.8.4/bin/../lib/gcc/arm-none-eabi/4.8.4/../../../../arm-none-eabi/lib/armv6-m\libnosys.a(isatty.o)
                                 0x24 (size before relaxing)
 .stab          0x00000054       0x18 c:/program files (x86)/cypress/psoc creator/3.1/psoc creator/import/gnu_cs/arm/4.8.4/bin/../lib/gcc/arm-none-eabi/4.8.4/../../../../arm-none-eabi/lib/armv6-m\libnosys.a(lseek.o)
                                 0x24 (size before relaxing)
 .stab          0x0000006c       0x18 c:/program files (x86)/cypress/psoc creator/3.1/psoc creator/import/gnu_cs/arm/4.8.4/bin/../lib/gcc/arm-none-eabi/4.8.4/../../../../arm-none-eabi/lib/armv6-m\libnosys.a(read.o)
                                 0x24 (size before relaxing)
 .stab          0x00000084       0x18 c:/program files (x86)/cypress/psoc creator/3.1/psoc creator/import/gnu_cs/arm/4.8.4/bin/../lib/gcc/arm-none-eabi/4.8.4/../../../../arm-none-eabi/lib/armv6-m\libnosys.a(write.o)
                                 0x24 (size before relaxing)

.stabstr        0x00000000      0x14d
 *(.stabstr)
 .stabstr       0x00000000      0x14d c:/program files (x86)/cypress/psoc creator/3.1/psoc creator/import/gnu_cs/arm/4.8.4/bin/../lib/gcc/arm-none-eabi/4.8.4/../../../../arm-none-eabi/lib/armv6-m\libnosys.a(close.o)

.debug
 *(.debug)

.line
 *(.line)

.debug_srcinfo
 *(.debug_srcinfo)

.debug_sfnames
 *(.debug_sfnames)

.debug_aranges  0x00000000     0x10c8
 *(.debug_aranges)
 .debug_aranges
                0x00000000       0xd0 .\CortexM0\ARM_GCC_484\Debug\main.o
 .debug_aranges
                0x000000d0       0x18 .\CortexM0\ARM_GCC_484\Debug\spi.o
 .debug_aranges
                0x000000e8       0xa0 .\CortexM0\ARM_GCC_484\Debug\wiznet5500.o
 .debug_aranges
                0x00000188       0x18 .\CortexM0\ARM_GCC_484\Debug\cymetadata.o
 .debug_aranges
                0x000001a0       0x48 .\CortexM0\ARM_GCC_484\Debug\Cm0Start.o
 .debug_aranges
                0x000001e8       0x60 .\CortexM0\ARM_GCC_484\Debug\arm_controller_v2.1.a(cyfitter_cfg.o)
 .debug_aranges
                0x00000248       0x40 .\CortexM0\ARM_GCC_484\Debug\arm_controller_v2.1.a(Clock_counter.o)
 .debug_aranges
                0x00000288       0x40 .\CortexM0\ARM_GCC_484\Debug\arm_controller_v2.1.a(Clock_pwm.o)
 .debug_aranges
                0x000002c8       0x80 .\CortexM0\ARM_GCC_484\Debug\arm_controller_v2.1.a(isr_1.o)
 .debug_aranges
                0x00000348       0x40 .\CortexM0\ARM_GCC_484\Debug\arm_controller_v2.1.a(LED.o)
 .debug_aranges
                0x00000388      0x158 .\CortexM0\ARM_GCC_484\Debug\arm_controller_v2.1.a(Timer_1.o)
 .debug_aranges
                0x000004e0       0x20 .\CortexM0\ARM_GCC_484\Debug\arm_controller_v2.1.a(CyBootAsmGnu.o)
 .debug_aranges
                0x00000500      0x230 .\CortexM0\ARM_GCC_484\Debug\arm_controller_v2.1.a(CyLib.o)
 .debug_aranges
                0x00000730       0x68 .\CortexM0\ARM_GCC_484\Debug\arm_controller_v2.1.a(UART_1.o)
 .debug_aranges
                0x00000798       0x60 .\CortexM0\ARM_GCC_484\Debug\arm_controller_v2.1.a(UART_1_SPI_UART.o)
 .debug_aranges
                0x000007f8       0x50 .\CortexM0\ARM_GCC_484\Debug\arm_controller_v2.1.a(UART_1_UART.o)
 .debug_aranges
                0x00000848       0x40 .\CortexM0\ARM_GCC_484\Debug\arm_controller_v2.1.a(WIZ_RDY.o)
 .debug_aranges
                0x00000888       0x40 .\CortexM0\ARM_GCC_484\Debug\arm_controller_v2.1.a(WIZ_INT.o)
 .debug_aranges
                0x000008c8       0x40 .\CortexM0\ARM_GCC_484\Debug\arm_controller_v2.1.a(WIZ_RST.o)
 .debug_aranges
                0x00000908       0x40 .\CortexM0\ARM_GCC_484\Debug\arm_controller_v2.1.a(WIZ_SS.o)
 .debug_aranges
                0x00000948       0xa8 .\CortexM0\ARM_GCC_484\Debug\arm_controller_v2.1.a(ADC.o)
 .debug_aranges
                0x000009f0       0x20 .\CortexM0\ARM_GCC_484\Debug\arm_controller_v2.1.a(ADC_INT.o)
 .debug_aranges
                0x00000a10      0x158 .\CortexM0\ARM_GCC_484\Debug\arm_controller_v2.1.a(BA_PWM.o)
 .debug_aranges
                0x00000b68      0x158 .\CortexM0\ARM_GCC_484\Debug\arm_controller_v2.1.a(ELBW_PWM.o)
 .debug_aranges
                0x00000cc0      0x158 .\CortexM0\ARM_GCC_484\Debug\arm_controller_v2.1.a(SHLDR_PWM.o)
 .debug_aranges
                0x00000e18       0xd8 .\CortexM0\ARM_GCC_484\Debug\arm_controller_v2.1.a(SPIM_1.o)
 .debug_aranges
                0x00000ef0       0x40 .\CortexM0\ARM_GCC_484\Debug\arm_controller_v2.1.a(SPIM_1_IntClock.o)
 .debug_aranges
                0x00000f30       0x40 .\CortexM0\ARM_GCC_484\Debug\arm_controller_v2.1.a(stop_shdr_up.o)
 .debug_aranges
                0x00000f70       0x40 .\CortexM0\ARM_GCC_484\Debug\arm_controller_v2.1.a(stop_shdr_dn.o)
 .debug_aranges
                0x00000fb0       0x40 .\CortexM0\ARM_GCC_484\Debug\arm_controller_v2.1.a(stop_elb_up.o)
 .debug_aranges
                0x00000ff0       0x40 .\CortexM0\ARM_GCC_484\Debug\arm_controller_v2.1.a(stop_elb_dn.o)
 .debug_aranges
                0x00001030       0x98 .\CortexM0\ARM_GCC_484\Debug\arm_controller_v2.1.a(EFFECTOR_PWM.o)

.debug_pubnames
 *(.debug_pubnames)

.debug_info     0x00000000     0x6712
 *(.debug_info .gnu.linkonce.wi.*)
 .debug_info    0x00000000      0xb7d .\CortexM0\ARM_GCC_484\Debug\main.o
 .debug_info    0x00000b7d       0x80 .\CortexM0\ARM_GCC_484\Debug\spi.o
 .debug_info    0x00000bfd      0x545 .\CortexM0\ARM_GCC_484\Debug\wiznet5500.o
 .debug_info    0x00001142       0xfd .\CortexM0\ARM_GCC_484\Debug\cymetadata.o
 .debug_info    0x0000123f      0x2ff .\CortexM0\ARM_GCC_484\Debug\Cm0Start.o
 .debug_info    0x0000153e      0x568 .\CortexM0\ARM_GCC_484\Debug\arm_controller_v2.1.a(cyfitter_cfg.o)
 .debug_info    0x00001aa6      0x14d .\CortexM0\ARM_GCC_484\Debug\arm_controller_v2.1.a(Clock_counter.o)
 .debug_info    0x00001bf3      0x14d .\CortexM0\ARM_GCC_484\Debug\arm_controller_v2.1.a(Clock_pwm.o)
 .debug_info    0x00001d40      0x241 .\CortexM0\ARM_GCC_484\Debug\arm_controller_v2.1.a(isr_1.o)
 .debug_info    0x00001f81      0x14c .\CortexM0\ARM_GCC_484\Debug\arm_controller_v2.1.a(LED.o)
 .debug_info    0x000020cd      0x6f0 .\CortexM0\ARM_GCC_484\Debug\arm_controller_v2.1.a(Timer_1.o)
 .debug_info    0x000027bd       0x9f .\CortexM0\ARM_GCC_484\Debug\arm_controller_v2.1.a(CyBootAsmGnu.o)
 .debug_info    0x0000285c      0xc5b .\CortexM0\ARM_GCC_484\Debug\arm_controller_v2.1.a(CyLib.o)
 .debug_info    0x000034b7      0x1eb .\CortexM0\ARM_GCC_484\Debug\arm_controller_v2.1.a(UART_1.o)
 .debug_info    0x000036a2      0x20d .\CortexM0\ARM_GCC_484\Debug\arm_controller_v2.1.a(UART_1_SPI_UART.o)
 .debug_info    0x000038af      0x1fe .\CortexM0\ARM_GCC_484\Debug\arm_controller_v2.1.a(UART_1_UART.o)
 .debug_info    0x00003aad      0x14c .\CortexM0\ARM_GCC_484\Debug\arm_controller_v2.1.a(WIZ_RDY.o)
 .debug_info    0x00003bf9      0x14c .\CortexM0\ARM_GCC_484\Debug\arm_controller_v2.1.a(WIZ_INT.o)
 .debug_info    0x00003d45      0x14c .\CortexM0\ARM_GCC_484\Debug\arm_controller_v2.1.a(WIZ_RST.o)
 .debug_info    0x00003e91      0x14c .\CortexM0\ARM_GCC_484\Debug\arm_controller_v2.1.a(WIZ_SS.o)
 .debug_info    0x00003fdd      0x49a .\CortexM0\ARM_GCC_484\Debug\arm_controller_v2.1.a(ADC.o)
 .debug_info    0x00004477       0xc4 .\CortexM0\ARM_GCC_484\Debug\arm_controller_v2.1.a(ADC_INT.o)
 .debug_info    0x0000453b      0x6f0 .\CortexM0\ARM_GCC_484\Debug\arm_controller_v2.1.a(BA_PWM.o)
 .debug_info    0x00004c2b      0x6f0 .\CortexM0\ARM_GCC_484\Debug\arm_controller_v2.1.a(ELBW_PWM.o)
 .debug_info    0x0000531b      0x6f0 .\CortexM0\ARM_GCC_484\Debug\arm_controller_v2.1.a(SHLDR_PWM.o)
 .debug_info    0x00005a0b      0x3ec .\CortexM0\ARM_GCC_484\Debug\arm_controller_v2.1.a(SPIM_1.o)
 .debug_info    0x00005df7      0x14d .\CortexM0\ARM_GCC_484\Debug\arm_controller_v2.1.a(SPIM_1_IntClock.o)
 .debug_info    0x00005f44      0x14c .\CortexM0\ARM_GCC_484\Debug\arm_controller_v2.1.a(stop_shdr_up.o)
 .debug_info    0x00006090      0x14c .\CortexM0\ARM_GCC_484\Debug\arm_controller_v2.1.a(stop_shdr_dn.o)
 .debug_info    0x000061dc      0x14c .\CortexM0\ARM_GCC_484\Debug\arm_controller_v2.1.a(stop_elb_up.o)
 .debug_info    0x00006328      0x14c .\CortexM0\ARM_GCC_484\Debug\arm_controller_v2.1.a(stop_elb_dn.o)
 .debug_info    0x00006474      0x29e .\CortexM0\ARM_GCC_484\Debug\arm_controller_v2.1.a(EFFECTOR_PWM.o)

.debug_abbrev   0x00000000     0x1f7f
 *(.debug_abbrev)
 .debug_abbrev  0x00000000      0x1f8 .\CortexM0\ARM_GCC_484\Debug\main.o
 .debug_abbrev  0x000001f8       0x26 .\CortexM0\ARM_GCC_484\Debug\spi.o
 .debug_abbrev  0x0000021e      0x14e .\CortexM0\ARM_GCC_484\Debug\wiznet5500.o
 .debug_abbrev  0x0000036c       0x5d .\CortexM0\ARM_GCC_484\Debug\cymetadata.o
 .debug_abbrev  0x000003c9      0x1b4 .\CortexM0\ARM_GCC_484\Debug\Cm0Start.o
 .debug_abbrev  0x0000057d      0x1d6 .\CortexM0\ARM_GCC_484\Debug\arm_controller_v2.1.a(cyfitter_cfg.o)
 .debug_abbrev  0x00000753       0xb5 .\CortexM0\ARM_GCC_484\Debug\arm_controller_v2.1.a(Clock_counter.o)
 .debug_abbrev  0x00000808       0xb5 .\CortexM0\ARM_GCC_484\Debug\arm_controller_v2.1.a(Clock_pwm.o)
 .debug_abbrev  0x000008bd      0x168 .\CortexM0\ARM_GCC_484\Debug\arm_controller_v2.1.a(isr_1.o)
 .debug_abbrev  0x00000a25       0xb7 .\CortexM0\ARM_GCC_484\Debug\arm_controller_v2.1.a(LED.o)
 .debug_abbrev  0x00000adc      0x109 .\CortexM0\ARM_GCC_484\Debug\arm_controller_v2.1.a(Timer_1.o)
 .debug_abbrev  0x00000be5       0x14 .\CortexM0\ARM_GCC_484\Debug\arm_controller_v2.1.a(CyBootAsmGnu.o)
 .debug_abbrev  0x00000bf9      0x207 .\CortexM0\ARM_GCC_484\Debug\arm_controller_v2.1.a(CyLib.o)
 .debug_abbrev  0x00000e00      0x122 .\CortexM0\ARM_GCC_484\Debug\arm_controller_v2.1.a(UART_1.o)
 .debug_abbrev  0x00000f22      0x15c .\CortexM0\ARM_GCC_484\Debug\arm_controller_v2.1.a(UART_1_SPI_UART.o)
 .debug_abbrev  0x0000107e       0xf9 .\CortexM0\ARM_GCC_484\Debug\arm_controller_v2.1.a(UART_1_UART.o)
 .debug_abbrev  0x00001177       0xb7 .\CortexM0\ARM_GCC_484\Debug\arm_controller_v2.1.a(WIZ_RDY.o)
 .debug_abbrev  0x0000122e       0xb7 .\CortexM0\ARM_GCC_484\Debug\arm_controller_v2.1.a(WIZ_INT.o)
 .debug_abbrev  0x000012e5       0xb7 .\CortexM0\ARM_GCC_484\Debug\arm_controller_v2.1.a(WIZ_RST.o)
 .debug_abbrev  0x0000139c       0xb7 .\CortexM0\ARM_GCC_484\Debug\arm_controller_v2.1.a(WIZ_SS.o)
 .debug_abbrev  0x00001453      0x170 .\CortexM0\ARM_GCC_484\Debug\arm_controller_v2.1.a(ADC.o)
 .debug_abbrev  0x000015c3       0x72 .\CortexM0\ARM_GCC_484\Debug\arm_controller_v2.1.a(ADC_INT.o)
 .debug_abbrev  0x00001635      0x109 .\CortexM0\ARM_GCC_484\Debug\arm_controller_v2.1.a(BA_PWM.o)
 .debug_abbrev  0x0000173e      0x109 .\CortexM0\ARM_GCC_484\Debug\arm_controller_v2.1.a(ELBW_PWM.o)
 .debug_abbrev  0x00001847      0x109 .\CortexM0\ARM_GCC_484\Debug\arm_controller_v2.1.a(SHLDR_PWM.o)
 .debug_abbrev  0x00001950      0x163 .\CortexM0\ARM_GCC_484\Debug\arm_controller_v2.1.a(SPIM_1.o)
 .debug_abbrev  0x00001ab3       0xb5 .\CortexM0\ARM_GCC_484\Debug\arm_controller_v2.1.a(SPIM_1_IntClock.o)
 .debug_abbrev  0x00001b68       0xb7 .\CortexM0\ARM_GCC_484\Debug\arm_controller_v2.1.a(stop_shdr_up.o)
 .debug_abbrev  0x00001c1f       0xb7 .\CortexM0\ARM_GCC_484\Debug\arm_controller_v2.1.a(stop_shdr_dn.o)
 .debug_abbrev  0x00001cd6       0xb7 .\CortexM0\ARM_GCC_484\Debug\arm_controller_v2.1.a(stop_elb_up.o)
 .debug_abbrev  0x00001d8d       0xb7 .\CortexM0\ARM_GCC_484\Debug\arm_controller_v2.1.a(stop_elb_dn.o)
 .debug_abbrev  0x00001e44      0x13b .\CortexM0\ARM_GCC_484\Debug\arm_controller_v2.1.a(EFFECTOR_PWM.o)

.debug_line     0x00000000     0x35c5
 *(.debug_line)
 .debug_line    0x00000000      0x557 .\CortexM0\ARM_GCC_484\Debug\main.o
 .debug_line    0x00000557       0x1d .\CortexM0\ARM_GCC_484\Debug\spi.o
 .debug_line    0x00000574      0x373 .\CortexM0\ARM_GCC_484\Debug\wiznet5500.o
 .debug_line    0x000008e7       0x53 .\CortexM0\ARM_GCC_484\Debug\cymetadata.o
 .debug_line    0x0000093a      0x1bb .\CortexM0\ARM_GCC_484\Debug\Cm0Start.o
 .debug_line    0x00000af5      0x20e .\CortexM0\ARM_GCC_484\Debug\arm_controller_v2.1.a(cyfitter_cfg.o)
 .debug_line    0x00000d03       0xb6 .\CortexM0\ARM_GCC_484\Debug\arm_controller_v2.1.a(Clock_counter.o)
 .debug_line    0x00000db9       0xb2 .\CortexM0\ARM_GCC_484\Debug\arm_controller_v2.1.a(Clock_pwm.o)
 .debug_line    0x00000e6b      0x154 .\CortexM0\ARM_GCC_484\Debug\arm_controller_v2.1.a(isr_1.o)
 .debug_line    0x00000fbf       0xa9 .\CortexM0\ARM_GCC_484\Debug\arm_controller_v2.1.a(LED.o)
 .debug_line    0x00001068      0x370 .\CortexM0\ARM_GCC_484\Debug\arm_controller_v2.1.a(Timer_1.o)
 .debug_line    0x000013d8       0x69 .\CortexM0\ARM_GCC_484\Debug\arm_controller_v2.1.a(CyBootAsmGnu.o)
 .debug_line    0x00001441      0x703 .\CortexM0\ARM_GCC_484\Debug\arm_controller_v2.1.a(CyLib.o)
 .debug_line    0x00001b44      0x121 .\CortexM0\ARM_GCC_484\Debug\arm_controller_v2.1.a(UART_1.o)
 .debug_line    0x00001c65      0x127 .\CortexM0\ARM_GCC_484\Debug\arm_controller_v2.1.a(UART_1_SPI_UART.o)
 .debug_line    0x00001d8c      0x103 .\CortexM0\ARM_GCC_484\Debug\arm_controller_v2.1.a(UART_1_UART.o)
 .debug_line    0x00001e8f       0xad .\CortexM0\ARM_GCC_484\Debug\arm_controller_v2.1.a(WIZ_RDY.o)
 .debug_line    0x00001f3c       0xad .\CortexM0\ARM_GCC_484\Debug\arm_controller_v2.1.a(WIZ_INT.o)
 .debug_line    0x00001fe9       0xad .\CortexM0\ARM_GCC_484\Debug\arm_controller_v2.1.a(WIZ_RST.o)
 .debug_line    0x00002096       0xac .\CortexM0\ARM_GCC_484\Debug\arm_controller_v2.1.a(WIZ_SS.o)
 .debug_line    0x00002142      0x232 .\CortexM0\ARM_GCC_484\Debug\arm_controller_v2.1.a(ADC.o)
 .debug_line    0x00002374       0x64 .\CortexM0\ARM_GCC_484\Debug\arm_controller_v2.1.a(ADC_INT.o)
 .debug_line    0x000023d8      0x376 .\CortexM0\ARM_GCC_484\Debug\arm_controller_v2.1.a(BA_PWM.o)
 .debug_line    0x0000274e      0x378 .\CortexM0\ARM_GCC_484\Debug\arm_controller_v2.1.a(ELBW_PWM.o)
 .debug_line    0x00002ac6      0x379 .\CortexM0\ARM_GCC_484\Debug\arm_controller_v2.1.a(SHLDR_PWM.o)
 .debug_line    0x00002e3f      0x272 .\CortexM0\ARM_GCC_484\Debug\arm_controller_v2.1.a(SPIM_1.o)
 .debug_line    0x000030b1       0xb8 .\CortexM0\ARM_GCC_484\Debug\arm_controller_v2.1.a(SPIM_1_IntClock.o)
 .debug_line    0x00003169       0xb2 .\CortexM0\ARM_GCC_484\Debug\arm_controller_v2.1.a(stop_shdr_up.o)
 .debug_line    0x0000321b       0xb2 .\CortexM0\ARM_GCC_484\Debug\arm_controller_v2.1.a(stop_shdr_dn.o)
 .debug_line    0x000032cd       0xb1 .\CortexM0\ARM_GCC_484\Debug\arm_controller_v2.1.a(stop_elb_up.o)
 .debug_line    0x0000337e       0xb1 .\CortexM0\ARM_GCC_484\Debug\arm_controller_v2.1.a(stop_elb_dn.o)
 .debug_line    0x0000342f      0x196 .\CortexM0\ARM_GCC_484\Debug\arm_controller_v2.1.a(EFFECTOR_PWM.o)

.debug_frame    0x00000000     0x44ec
 *(.debug_frame)
 .debug_frame   0x00000000      0x314 .\CortexM0\ARM_GCC_484\Debug\main.o
 .debug_frame   0x00000314      0x224 .\CortexM0\ARM_GCC_484\Debug\wiznet5500.o
 .debug_frame   0x00000538       0xc8 .\CortexM0\ARM_GCC_484\Debug\Cm0Start.o
 .debug_frame   0x00000600      0x128 .\CortexM0\ARM_GCC_484\Debug\arm_controller_v2.1.a(cyfitter_cfg.o)
 .debug_frame   0x00000728       0xa0 .\CortexM0\ARM_GCC_484\Debug\arm_controller_v2.1.a(Clock_counter.o)
 .debug_frame   0x000007c8       0xa0 .\CortexM0\ARM_GCC_484\Debug\arm_controller_v2.1.a(Clock_pwm.o)
 .debug_frame   0x00000868      0x190 .\CortexM0\ARM_GCC_484\Debug\arm_controller_v2.1.a(isr_1.o)
 .debug_frame   0x000009f8       0xa8 .\CortexM0\ARM_GCC_484\Debug\arm_controller_v2.1.a(LED.o)
 .debug_frame   0x00000aa0      0x52c .\CortexM0\ARM_GCC_484\Debug\arm_controller_v2.1.a(Timer_1.o)
 .debug_frame   0x00000fcc      0x83c .\CortexM0\ARM_GCC_484\Debug\arm_controller_v2.1.a(CyLib.o)
 .debug_frame   0x00001808      0x134 .\CortexM0\ARM_GCC_484\Debug\arm_controller_v2.1.a(UART_1.o)
 .debug_frame   0x0000193c      0x128 .\CortexM0\ARM_GCC_484\Debug\arm_controller_v2.1.a(UART_1_SPI_UART.o)
 .debug_frame   0x00001a64       0xec .\CortexM0\ARM_GCC_484\Debug\arm_controller_v2.1.a(UART_1_UART.o)
 .debug_frame   0x00001b50       0xa8 .\CortexM0\ARM_GCC_484\Debug\arm_controller_v2.1.a(WIZ_RDY.o)
 .debug_frame   0x00001bf8       0xa8 .\CortexM0\ARM_GCC_484\Debug\arm_controller_v2.1.a(WIZ_INT.o)
 .debug_frame   0x00001ca0       0xa8 .\CortexM0\ARM_GCC_484\Debug\arm_controller_v2.1.a(WIZ_RST.o)
 .debug_frame   0x00001d48       0xa8 .\CortexM0\ARM_GCC_484\Debug\arm_controller_v2.1.a(WIZ_SS.o)
 .debug_frame   0x00001df0      0x24c .\CortexM0\ARM_GCC_484\Debug\arm_controller_v2.1.a(ADC.o)
 .debug_frame   0x0000203c       0x30 .\CortexM0\ARM_GCC_484\Debug\arm_controller_v2.1.a(ADC_INT.o)
 .debug_frame   0x0000206c      0x52c .\CortexM0\ARM_GCC_484\Debug\arm_controller_v2.1.a(BA_PWM.o)
 .debug_frame   0x00002598      0x52c .\CortexM0\ARM_GCC_484\Debug\arm_controller_v2.1.a(ELBW_PWM.o)
 .debug_frame   0x00002ac4      0x52c .\CortexM0\ARM_GCC_484\Debug\arm_controller_v2.1.a(SHLDR_PWM.o)
 .debug_frame   0x00002ff0      0x2fc .\CortexM0\ARM_GCC_484\Debug\arm_controller_v2.1.a(SPIM_1.o)
 .debug_frame   0x000032ec       0xa0 .\CortexM0\ARM_GCC_484\Debug\arm_controller_v2.1.a(SPIM_1_IntClock.o)
 .debug_frame   0x0000338c       0xa8 .\CortexM0\ARM_GCC_484\Debug\arm_controller_v2.1.a(stop_shdr_up.o)
 .debug_frame   0x00003434       0xa8 .\CortexM0\ARM_GCC_484\Debug\arm_controller_v2.1.a(stop_shdr_dn.o)
 .debug_frame   0x000034dc       0xa8 .\CortexM0\ARM_GCC_484\Debug\arm_controller_v2.1.a(stop_elb_up.o)
 .debug_frame   0x00003584       0xa8 .\CortexM0\ARM_GCC_484\Debug\arm_controller_v2.1.a(stop_elb_dn.o)
 .debug_frame   0x0000362c      0x1f0 .\CortexM0\ARM_GCC_484\Debug\arm_controller_v2.1.a(EFFECTOR_PWM.o)
 .debug_frame   0x0000381c       0x20 c:/program files (x86)/cypress/psoc creator/3.1/psoc creator/import/gnu_cs/arm/4.8.4/bin/../lib/gcc/arm-none-eabi/4.8.4/armv6-m\libgcc.a(_udivsi3.o)
 .debug_frame   0x0000383c       0x20 c:/program files (x86)/cypress/psoc creator/3.1/psoc creator/import/gnu_cs/arm/4.8.4/bin/../lib/gcc/arm-none-eabi/4.8.4/armv6-m\libgcc.a(_divsi3.o)
 .debug_frame   0x0000385c       0x30 c:/program files (x86)/cypress/psoc creator/3.1/psoc creator/import/gnu_cs/arm/4.8.4/bin/../lib/gcc/arm-none-eabi/4.8.4/armv6-m\libgcc.a(_muldi3.o)
 .debug_frame   0x0000388c       0x2c c:/program files (x86)/cypress/psoc creator/3.1/psoc creator/import/gnu_cs/arm/4.8.4/bin/../lib/gcc/arm-none-eabi/4.8.4/armv6-m\libgcc.a(_fixunsdfsi.o)
 .debug_frame   0x000038b8       0x50 c:/program files (x86)/cypress/psoc creator/3.1/psoc creator/import/gnu_cs/arm/4.8.4/bin/../lib/gcc/arm-none-eabi/4.8.4/armv6-m\libgcc.a(bpabi.o)
 .debug_frame   0x00003908       0x3c c:/program files (x86)/cypress/psoc creator/3.1/psoc creator/import/gnu_cs/arm/4.8.4/bin/../lib/gcc/arm-none-eabi/4.8.4/armv6-m\libgcc.a(divsf3.o)
 .debug_frame   0x00003944       0x3c c:/program files (x86)/cypress/psoc creator/3.1/psoc creator/import/gnu_cs/arm/4.8.4/bin/../lib/gcc/arm-none-eabi/4.8.4/armv6-m\libgcc.a(mulsf3.o)
 .debug_frame   0x00003980       0x2c c:/program files (x86)/cypress/psoc creator/3.1/psoc creator/import/gnu_cs/arm/4.8.4/bin/../lib/gcc/arm-none-eabi/4.8.4/armv6-m\libgcc.a(floatsisf.o)
 .debug_frame   0x000039ac       0x3c c:/program files (x86)/cypress/psoc creator/3.1/psoc creator/import/gnu_cs/arm/4.8.4/bin/../lib/gcc/arm-none-eabi/4.8.4/armv6-m\libgcc.a(muldf3.o)
 .debug_frame   0x000039e8       0x3c c:/program files (x86)/cypress/psoc creator/3.1/psoc creator/import/gnu_cs/arm/4.8.4/bin/../lib/gcc/arm-none-eabi/4.8.4/armv6-m\libgcc.a(subdf3.o)
 .debug_frame   0x00003a24       0x2c c:/program files (x86)/cypress/psoc creator/3.1/psoc creator/import/gnu_cs/arm/4.8.4/bin/../lib/gcc/arm-none-eabi/4.8.4/armv6-m\libgcc.a(fixdfsi.o)
 .debug_frame   0x00003a50       0x30 c:/program files (x86)/cypress/psoc creator/3.1/psoc creator/import/gnu_cs/arm/4.8.4/bin/../lib/gcc/arm-none-eabi/4.8.4/armv6-m\libgcc.a(floatsidf.o)
 .debug_frame   0x00003a80       0x3c c:/program files (x86)/cypress/psoc creator/3.1/psoc creator/import/gnu_cs/arm/4.8.4/bin/../lib/gcc/arm-none-eabi/4.8.4/armv6-m\libgcc.a(_divdi3.o)
 .debug_frame   0x00003abc       0x3c c:/program files (x86)/cypress/psoc creator/3.1/psoc creator/import/gnu_cs/arm/4.8.4/bin/../lib/gcc/arm-none-eabi/4.8.4/armv6-m\libgcc.a(_udivdi3.o)
 .debug_frame   0x00003af8       0x3c c:/program files (x86)/cypress/psoc creator/3.1/psoc creator/import/gnu_cs/arm/4.8.4/bin/../lib/gcc/arm-none-eabi/4.8.4/armv6-m\libgcc.a(eqdf2.o)
 .debug_frame   0x00003b34       0x38 c:/program files (x86)/cypress/psoc creator/3.1/psoc creator/import/gnu_cs/arm/4.8.4/bin/../lib/gcc/arm-none-eabi/4.8.4/armv6-m\libgcc.a(gedf2.o)
 .debug_frame   0x00003b6c       0x3c c:/program files (x86)/cypress/psoc creator/3.1/psoc creator/import/gnu_cs/arm/4.8.4/bin/../lib/gcc/arm-none-eabi/4.8.4/armv6-m\libgcc.a(ledf2.o)
 .debug_frame   0x00003ba8       0x20 c:/program files (x86)/cypress/psoc creator/3.1/psoc creator/import/gnu_cs/arm/4.8.4/bin/../lib/gcc/arm-none-eabi/4.8.4/../../../../arm-none-eabi/lib/armv6-m\libg_s.a(lib_a-errno.o)
 .debug_frame   0x00003bc8       0x28 c:/program files (x86)/cypress/psoc creator/3.1/psoc creator/import/gnu_cs/arm/4.8.4/bin/../lib/gcc/arm-none-eabi/4.8.4/../../../../arm-none-eabi/lib/armv6-m\libg_s.a(lib_a-exit.o)
 .debug_frame   0x00003bf0       0x2c c:/program files (x86)/cypress/psoc creator/3.1/psoc creator/import/gnu_cs/arm/4.8.4/bin/../lib/gcc/arm-none-eabi/4.8.4/../../../../arm-none-eabi/lib/armv6-m\libg_s.a(lib_a-init.o)
 .debug_frame   0x00003c1c       0x28 c:/program files (x86)/cypress/psoc creator/3.1/psoc creator/import/gnu_cs/arm/4.8.4/bin/../lib/gcc/arm-none-eabi/4.8.4/../../../../arm-none-eabi/lib/armv6-m\libg_s.a(lib_a-memcpy-stub.o)
 .debug_frame   0x00003c44       0x20 c:/program files (x86)/cypress/psoc creator/3.1/psoc creator/import/gnu_cs/arm/4.8.4/bin/../lib/gcc/arm-none-eabi/4.8.4/../../../../arm-none-eabi/lib/armv6-m\libg_s.a(lib_a-memset.o)
 .debug_frame   0x00003c64       0x50 c:/program files (x86)/cypress/psoc creator/3.1/psoc creator/import/gnu_cs/arm/4.8.4/bin/../lib/gcc/arm-none-eabi/4.8.4/../../../../arm-none-eabi/lib/armv6-m\libg_s.a(lib_a-printf.o)
 .debug_frame   0x00003cb4       0x48 c:/program files (x86)/cypress/psoc creator/3.1/psoc creator/import/gnu_cs/arm/4.8.4/bin/../lib/gcc/arm-none-eabi/4.8.4/../../../../arm-none-eabi/lib/armv6-m\libg_s.a(lib_a-putchar.o)
 .debug_frame   0x00003cfc       0xa0 c:/program files (x86)/cypress/psoc creator/3.1/psoc creator/import/gnu_cs/arm/4.8.4/bin/../lib/gcc/arm-none-eabi/4.8.4/../../../../arm-none-eabi/lib/armv6-m\libg_s.a(lib_a-vfprintf.o)
 .debug_frame   0x00003d9c       0x54 c:/program files (x86)/cypress/psoc creator/3.1/psoc creator/import/gnu_cs/arm/4.8.4/bin/../lib/gcc/arm-none-eabi/4.8.4/../../../../arm-none-eabi/lib/armv6-m\libg_s.a(lib_a-vfprintf_i.o)
 .debug_frame   0x00003df0       0x44 c:/program files (x86)/cypress/psoc creator/3.1/psoc creator/import/gnu_cs/arm/4.8.4/bin/../lib/gcc/arm-none-eabi/4.8.4/../../../../arm-none-eabi/lib/armv6-m\libg_s.a(lib_a-wbuf.o)
 .debug_frame   0x00003e34       0x2c c:/program files (x86)/cypress/psoc creator/3.1/psoc creator/import/gnu_cs/arm/4.8.4/bin/../lib/gcc/arm-none-eabi/4.8.4/../../../../arm-none-eabi/lib/armv6-m\libg_s.a(lib_a-wsetup.o)
 .debug_frame   0x00003e60       0x68 c:/program files (x86)/cypress/psoc creator/3.1/psoc creator/import/gnu_cs/arm/4.8.4/bin/../lib/gcc/arm-none-eabi/4.8.4/../../../../arm-none-eabi/lib/armv6-m\libg_s.a(lib_a-fflush.o)
 .debug_frame   0x00003ec8      0x148 c:/program files (x86)/cypress/psoc creator/3.1/psoc creator/import/gnu_cs/arm/4.8.4/bin/../lib/gcc/arm-none-eabi/4.8.4/../../../../arm-none-eabi/lib/armv6-m\libg_s.a(lib_a-findfp.o)
 .debug_frame   0x00004010       0x30 c:/program files (x86)/cypress/psoc creator/3.1/psoc creator/import/gnu_cs/arm/4.8.4/bin/../lib/gcc/arm-none-eabi/4.8.4/../../../../arm-none-eabi/lib/armv6-m\libg_s.a(lib_a-fvwrite.o)
 .debug_frame   0x00004040       0x58 c:/program files (x86)/cypress/psoc creator/3.1/psoc creator/import/gnu_cs/arm/4.8.4/bin/../lib/gcc/arm-none-eabi/4.8.4/../../../../arm-none-eabi/lib/armv6-m\libg_s.a(lib_a-fwalk.o)
 .debug_frame   0x00004098       0x30 c:/program files (x86)/cypress/psoc creator/3.1/psoc creator/import/gnu_cs/arm/4.8.4/bin/../lib/gcc/arm-none-eabi/4.8.4/../../../../arm-none-eabi/lib/armv6-m\libg_s.a(lib_a-makebuf.o)
 .debug_frame   0x000040c8       0x20 c:/program files (x86)/cypress/psoc creator/3.1/psoc creator/import/gnu_cs/arm/4.8.4/bin/../lib/gcc/arm-none-eabi/4.8.4/../../../../arm-none-eabi/lib/armv6-m\libg_s.a(lib_a-memchr-stub.o)
 .debug_frame   0x000040e8       0x2c c:/program files (x86)/cypress/psoc creator/3.1/psoc creator/import/gnu_cs/arm/4.8.4/bin/../lib/gcc/arm-none-eabi/4.8.4/../../../../arm-none-eabi/lib/armv6-m\libg_s.a(lib_a-memmove.o)
 .debug_frame   0x00004114       0x2c c:/program files (x86)/cypress/psoc creator/3.1/psoc creator/import/gnu_cs/arm/4.8.4/bin/../lib/gcc/arm-none-eabi/4.8.4/../../../../arm-none-eabi/lib/armv6-m\libg_s.a(lib_a-nano-freer.o)
 .debug_frame   0x00004140       0x2c c:/program files (x86)/cypress/psoc creator/3.1/psoc creator/import/gnu_cs/arm/4.8.4/bin/../lib/gcc/arm-none-eabi/4.8.4/../../../../arm-none-eabi/lib/armv6-m\libg_s.a(lib_a-nano-mallocr.o)
 .debug_frame   0x0000416c       0x30 c:/program files (x86)/cypress/psoc creator/3.1/psoc creator/import/gnu_cs/arm/4.8.4/bin/../lib/gcc/arm-none-eabi/4.8.4/../../../../arm-none-eabi/lib/armv6-m\libg_s.a(lib_a-nano-reallocr.o)
 .debug_frame   0x0000419c       0x44 c:/program files (x86)/cypress/psoc creator/3.1/psoc creator/import/gnu_cs/arm/4.8.4/bin/../lib/gcc/arm-none-eabi/4.8.4/../../../../arm-none-eabi/lib/armv6-m\libg_s.a(lib_a-putc.o)
 .debug_frame   0x000041e0       0x2c c:/program files (x86)/cypress/psoc creator/3.1/psoc creator/import/gnu_cs/arm/4.8.4/bin/../lib/gcc/arm-none-eabi/4.8.4/../../../../arm-none-eabi/lib/armv6-m\libg_s.a(lib_a-sbrkr.o)
 .debug_frame   0x0000420c       0x90 c:/program files (x86)/cypress/psoc creator/3.1/psoc creator/import/gnu_cs/arm/4.8.4/bin/../lib/gcc/arm-none-eabi/4.8.4/../../../../arm-none-eabi/lib/armv6-m\libg_s.a(lib_a-stdio.o)
 .debug_frame   0x0000429c       0x20 c:/program files (x86)/cypress/psoc creator/3.1/psoc creator/import/gnu_cs/arm/4.8.4/bin/../lib/gcc/arm-none-eabi/4.8.4/../../../../arm-none-eabi/lib/armv6-m\libg_s.a(lib_a-strlen.o)
 .debug_frame   0x000042bc       0x2c c:/program files (x86)/cypress/psoc creator/3.1/psoc creator/import/gnu_cs/arm/4.8.4/bin/../lib/gcc/arm-none-eabi/4.8.4/../../../../arm-none-eabi/lib/armv6-m\libg_s.a(lib_a-writer.o)
 .debug_frame   0x000042e8       0x2c c:/program files (x86)/cypress/psoc creator/3.1/psoc creator/import/gnu_cs/arm/4.8.4/bin/../lib/gcc/arm-none-eabi/4.8.4/../../../../arm-none-eabi/lib/armv6-m\libg_s.a(lib_a-closer.o)
 .debug_frame   0x00004314       0x2c c:/program files (x86)/cypress/psoc creator/3.1/psoc creator/import/gnu_cs/arm/4.8.4/bin/../lib/gcc/arm-none-eabi/4.8.4/../../../../arm-none-eabi/lib/armv6-m\libg_s.a(lib_a-fstatr.o)
 .debug_frame   0x00004340       0x2c c:/program files (x86)/cypress/psoc creator/3.1/psoc creator/import/gnu_cs/arm/4.8.4/bin/../lib/gcc/arm-none-eabi/4.8.4/../../../../arm-none-eabi/lib/armv6-m\libg_s.a(lib_a-isattyr.o)
 .debug_frame   0x0000436c       0x2c c:/program files (x86)/cypress/psoc creator/3.1/psoc creator/import/gnu_cs/arm/4.8.4/bin/../lib/gcc/arm-none-eabi/4.8.4/../../../../arm-none-eabi/lib/armv6-m\libg_s.a(lib_a-lseekr.o)
 .debug_frame   0x00004398       0x20 c:/program files (x86)/cypress/psoc creator/3.1/psoc creator/import/gnu_cs/arm/4.8.4/bin/../lib/gcc/arm-none-eabi/4.8.4/../../../../arm-none-eabi/lib/armv6-m\libg_s.a(lib_a-nano-msizer.o)
 .debug_frame   0x000043b8       0x2c c:/program files (x86)/cypress/psoc creator/3.1/psoc creator/import/gnu_cs/arm/4.8.4/bin/../lib/gcc/arm-none-eabi/4.8.4/../../../../arm-none-eabi/lib/armv6-m\libg_s.a(lib_a-readr.o)
 .debug_frame   0x000043e4       0x48 c:/program files (x86)/cypress/psoc creator/3.1/psoc creator/import/gnu_cs/arm/4.8.4/bin/../lib/gcc/arm-none-eabi/4.8.4/../../../../arm-none-eabi/lib/armv6-m\libg_s.a(lib_a-reent.o)
 .debug_frame   0x0000442c       0x20 c:/program files (x86)/cypress/psoc creator/3.1/psoc creator/import/gnu_cs/arm/4.8.4/bin/../lib/gcc/arm-none-eabi/4.8.4/../../../../arm-none-eabi/lib/armv6-m\libnosys.a(close.o)
 .debug_frame   0x0000444c       0x20 c:/program files (x86)/cypress/psoc creator/3.1/psoc creator/import/gnu_cs/arm/4.8.4/bin/../lib/gcc/arm-none-eabi/4.8.4/../../../../arm-none-eabi/lib/armv6-m\libnosys.a(fstat.o)
 .debug_frame   0x0000446c       0x20 c:/program files (x86)/cypress/psoc creator/3.1/psoc creator/import/gnu_cs/arm/4.8.4/bin/../lib/gcc/arm-none-eabi/4.8.4/../../../../arm-none-eabi/lib/armv6-m\libnosys.a(isatty.o)
 .debug_frame   0x0000448c       0x20 c:/program files (x86)/cypress/psoc creator/3.1/psoc creator/import/gnu_cs/arm/4.8.4/bin/../lib/gcc/arm-none-eabi/4.8.4/../../../../arm-none-eabi/lib/armv6-m\libnosys.a(lseek.o)
 .debug_frame   0x000044ac       0x20 c:/program files (x86)/cypress/psoc creator/3.1/psoc creator/import/gnu_cs/arm/4.8.4/bin/../lib/gcc/arm-none-eabi/4.8.4/../../../../arm-none-eabi/lib/armv6-m\libnosys.a(read.o)
 .debug_frame   0x000044cc       0x20 c:/program files (x86)/cypress/psoc creator/3.1/psoc creator/import/gnu_cs/arm/4.8.4/bin/../lib/gcc/arm-none-eabi/4.8.4/../../../../arm-none-eabi/lib/armv6-m\libnosys.a(write.o)

.debug_str      0x00000000     0x34b4
 *(.debug_str)
 .debug_str     0x00000000      0x72a .\CortexM0\ARM_GCC_484\Debug\main.o
                                0x79a (size before relaxing)
 .debug_str     0x0000072a        0x8 .\CortexM0\ARM_GCC_484\Debug\spi.o
                                0x17d (size before relaxing)
 .debug_str     0x00000732      0x1f0 .\CortexM0\ARM_GCC_484\Debug\wiznet5500.o
                                0x387 (size before relaxing)
 .debug_str     0x00000922       0x5b .\CortexM0\ARM_GCC_484\Debug\cymetadata.o
                                0x1d6 (size before relaxing)
 .debug_str     0x0000097d      0x123 .\CortexM0\ARM_GCC_484\Debug\Cm0Start.o
                                0x2c4 (size before relaxing)
 .debug_str     0x00000aa0      0x20c .\CortexM0\ARM_GCC_484\Debug\arm_controller_v2.1.a(cyfitter_cfg.o)
                                0x3d8 (size before relaxing)
 .debug_str     0x00000cac       0xef .\CortexM0\ARM_GCC_484\Debug\arm_controller_v2.1.a(Clock_counter.o)
                                0x275 (size before relaxing)
 .debug_str     0x00000d9b       0xaf .\CortexM0\ARM_GCC_484\Debug\arm_controller_v2.1.a(Clock_pwm.o)
                                0x25d (size before relaxing)
 .debug_str     0x00000e4a      0x100 .\CortexM0\ARM_GCC_484\Debug\arm_controller_v2.1.a(isr_1.o)
                                0x2b9 (size before relaxing)
 .debug_str     0x00000f4a       0x7e .\CortexM0\ARM_GCC_484\Debug\arm_controller_v2.1.a(LED.o)
                                0x203 (size before relaxing)
 .debug_str     0x00000fc8      0x439 .\CortexM0\ARM_GCC_484\Debug\arm_controller_v2.1.a(Timer_1.o)
                                0x5d4 (size before relaxing)
 .debug_str     0x00001401      0x6f7 .\CortexM0\ARM_GCC_484\Debug\arm_controller_v2.1.a(CyLib.o)
                                0x8dd (size before relaxing)
 .debug_str     0x00001af8      0x131 .\CortexM0\ARM_GCC_484\Debug\arm_controller_v2.1.a(UART_1.o)
                                0x2c6 (size before relaxing)
 .debug_str     0x00001c29      0x14b .\CortexM0\ARM_GCC_484\Debug\arm_controller_v2.1.a(UART_1_SPI_UART.o)
                                0x2de (size before relaxing)
 .debug_str     0x00001d74       0xf9 .\CortexM0\ARM_GCC_484\Debug\arm_controller_v2.1.a(UART_1_UART.o)
                                0x298 (size before relaxing)
 .debug_str     0x00001e6d       0x7e .\CortexM0\ARM_GCC_484\Debug\arm_controller_v2.1.a(WIZ_RDY.o)
                                0x21b (size before relaxing)
 .debug_str     0x00001eeb       0x7e .\CortexM0\ARM_GCC_484\Debug\arm_controller_v2.1.a(WIZ_INT.o)
                                0x21b (size before relaxing)
 .debug_str     0x00001f69       0x7e .\CortexM0\ARM_GCC_484\Debug\arm_controller_v2.1.a(WIZ_RST.o)
                                0x21b (size before relaxing)
 .debug_str     0x00001fe7       0x78 .\CortexM0\ARM_GCC_484\Debug\arm_controller_v2.1.a(WIZ_SS.o)
                                0x215 (size before relaxing)
 .debug_str     0x0000205f      0x1e0 .\CortexM0\ARM_GCC_484\Debug\arm_controller_v2.1.a(ADC.o)
                                0x3a3 (size before relaxing)
 .debug_str     0x0000223f       0x37 .\CortexM0\ARM_GCC_484\Debug\arm_controller_v2.1.a(ADC_INT.o)
                                0x1b9 (size before relaxing)
 .debug_str     0x00002276      0x353 .\CortexM0\ARM_GCC_484\Debug\arm_controller_v2.1.a(BA_PWM.o)
                                0x5aa (size before relaxing)
 .debug_str     0x000025c9      0x3a7 .\CortexM0\ARM_GCC_484\Debug\arm_controller_v2.1.a(ELBW_PWM.o)
                                0x5fe (size before relaxing)
 .debug_str     0x00002970      0x3d1 .\CortexM0\ARM_GCC_484\Debug\arm_controller_v2.1.a(SHLDR_PWM.o)
                                0x628 (size before relaxing)
 .debug_str     0x00002d41      0x235 .\CortexM0\ARM_GCC_484\Debug\arm_controller_v2.1.a(SPIM_1.o)
                                0x3ec (size before relaxing)
 .debug_str     0x00002f76       0xd3 .\CortexM0\ARM_GCC_484\Debug\arm_controller_v2.1.a(SPIM_1_IntClock.o)
                                0x281 (size before relaxing)
 .debug_str     0x00003049       0x9c .\CortexM0\ARM_GCC_484\Debug\arm_controller_v2.1.a(stop_shdr_up.o)
                                0x239 (size before relaxing)
 .debug_str     0x000030e5       0x9c .\CortexM0\ARM_GCC_484\Debug\arm_controller_v2.1.a(stop_shdr_dn.o)
                                0x239 (size before relaxing)
 .debug_str     0x00003181       0x96 .\CortexM0\ARM_GCC_484\Debug\arm_controller_v2.1.a(stop_elb_up.o)
                                0x233 (size before relaxing)
 .debug_str     0x00003217       0x96 .\CortexM0\ARM_GCC_484\Debug\arm_controller_v2.1.a(stop_elb_dn.o)
                                0x233 (size before relaxing)
 .debug_str     0x000032ad      0x207 .\CortexM0\ARM_GCC_484\Debug\arm_controller_v2.1.a(EFFECTOR_PWM.o)
                                0x3b2 (size before relaxing)

.debug_loc
 *(.debug_loc)

.debug_macinfo
 *(.debug_macinfo)

.debug_ranges   0x00000000      0xea8
 *(.debug_ranges)
 .debug_ranges  0x00000000       0xc0 .\CortexM0\ARM_GCC_484\Debug\main.o
 .debug_ranges  0x000000c0       0x90 .\CortexM0\ARM_GCC_484\Debug\wiznet5500.o
 .debug_ranges  0x00000150       0x38 .\CortexM0\ARM_GCC_484\Debug\Cm0Start.o
 .debug_ranges  0x00000188       0x50 .\CortexM0\ARM_GCC_484\Debug\arm_controller_v2.1.a(cyfitter_cfg.o)
 .debug_ranges  0x000001d8       0x30 .\CortexM0\ARM_GCC_484\Debug\arm_controller_v2.1.a(Clock_counter.o)
 .debug_ranges  0x00000208       0x30 .\CortexM0\ARM_GCC_484\Debug\arm_controller_v2.1.a(Clock_pwm.o)
 .debug_ranges  0x00000238       0x70 .\CortexM0\ARM_GCC_484\Debug\arm_controller_v2.1.a(isr_1.o)
 .debug_ranges  0x000002a8       0x30 .\CortexM0\ARM_GCC_484\Debug\arm_controller_v2.1.a(LED.o)
 .debug_ranges  0x000002d8      0x148 .\CortexM0\ARM_GCC_484\Debug\arm_controller_v2.1.a(Timer_1.o)
 .debug_ranges  0x00000420      0x220 .\CortexM0\ARM_GCC_484\Debug\arm_controller_v2.1.a(CyLib.o)
 .debug_ranges  0x00000640       0x58 .\CortexM0\ARM_GCC_484\Debug\arm_controller_v2.1.a(UART_1.o)
 .debug_ranges  0x00000698       0x50 .\CortexM0\ARM_GCC_484\Debug\arm_controller_v2.1.a(UART_1_SPI_UART.o)
 .debug_ranges  0x000006e8       0x40 .\CortexM0\ARM_GCC_484\Debug\arm_controller_v2.1.a(UART_1_UART.o)
 .debug_ranges  0x00000728       0x30 .\CortexM0\ARM_GCC_484\Debug\arm_controller_v2.1.a(WIZ_RDY.o)
 .debug_ranges  0x00000758       0x30 .\CortexM0\ARM_GCC_484\Debug\arm_controller_v2.1.a(WIZ_INT.o)
 .debug_ranges  0x00000788       0x30 .\CortexM0\ARM_GCC_484\Debug\arm_controller_v2.1.a(WIZ_RST.o)
 .debug_ranges  0x000007b8       0x30 .\CortexM0\ARM_GCC_484\Debug\arm_controller_v2.1.a(WIZ_SS.o)
 .debug_ranges  0x000007e8       0x98 .\CortexM0\ARM_GCC_484\Debug\arm_controller_v2.1.a(ADC.o)
 .debug_ranges  0x00000880       0x10 .\CortexM0\ARM_GCC_484\Debug\arm_controller_v2.1.a(ADC_INT.o)
 .debug_ranges  0x00000890      0x148 .\CortexM0\ARM_GCC_484\Debug\arm_controller_v2.1.a(BA_PWM.o)
 .debug_ranges  0x000009d8      0x148 .\CortexM0\ARM_GCC_484\Debug\arm_controller_v2.1.a(ELBW_PWM.o)
 .debug_ranges  0x00000b20      0x148 .\CortexM0\ARM_GCC_484\Debug\arm_controller_v2.1.a(SHLDR_PWM.o)
 .debug_ranges  0x00000c68       0xc8 .\CortexM0\ARM_GCC_484\Debug\arm_controller_v2.1.a(SPIM_1.o)
 .debug_ranges  0x00000d30       0x30 .\CortexM0\ARM_GCC_484\Debug\arm_controller_v2.1.a(SPIM_1_IntClock.o)
 .debug_ranges  0x00000d60       0x30 .\CortexM0\ARM_GCC_484\Debug\arm_controller_v2.1.a(stop_shdr_up.o)
 .debug_ranges  0x00000d90       0x30 .\CortexM0\ARM_GCC_484\Debug\arm_controller_v2.1.a(stop_shdr_dn.o)
 .debug_ranges  0x00000dc0       0x30 .\CortexM0\ARM_GCC_484\Debug\arm_controller_v2.1.a(stop_elb_up.o)
 .debug_ranges  0x00000df0       0x30 .\CortexM0\ARM_GCC_484\Debug\arm_controller_v2.1.a(stop_elb_dn.o)
 .debug_ranges  0x00000e20       0x88 .\CortexM0\ARM_GCC_484\Debug\arm_controller_v2.1.a(EFFECTOR_PWM.o)

.comment        0x00000000       0x70
 .comment       0x00000000       0x70 .\CortexM0\ARM_GCC_484\Debug\main.o
                                 0x71 (size before relaxing)
 .comment       0x00000000       0x71 .\CortexM0\ARM_GCC_484\Debug\spi.o
 .comment       0x00000000       0x71 .\CortexM0\ARM_GCC_484\Debug\wiznet5500.o
 .comment       0x00000000       0x71 .\CortexM0\ARM_GCC_484\Debug\cymetadata.o
 .comment       0x00000000       0x71 .\CortexM0\ARM_GCC_484\Debug\Cm0Start.o
 .comment       0x00000000       0x71 .\CortexM0\ARM_GCC_484\Debug\arm_controller_v2.1.a(cyfitter_cfg.o)
 .comment       0x00000000       0x71 .\CortexM0\ARM_GCC_484\Debug\arm_controller_v2.1.a(Clock_counter.o)
 .comment       0x00000000       0x71 .\CortexM0\ARM_GCC_484\Debug\arm_controller_v2.1.a(Clock_pwm.o)
 .comment       0x00000000       0x71 .\CortexM0\ARM_GCC_484\Debug\arm_controller_v2.1.a(isr_1.o)
 .comment       0x00000000       0x71 .\CortexM0\ARM_GCC_484\Debug\arm_controller_v2.1.a(LED.o)
 .comment       0x00000000       0x71 .\CortexM0\ARM_GCC_484\Debug\arm_controller_v2.1.a(Timer_1.o)
 .comment       0x00000000       0x71 .\CortexM0\ARM_GCC_484\Debug\arm_controller_v2.1.a(CyLib.o)
 .comment       0x00000000       0x71 .\CortexM0\ARM_GCC_484\Debug\arm_controller_v2.1.a(UART_1.o)
 .comment       0x00000000       0x71 .\CortexM0\ARM_GCC_484\Debug\arm_controller_v2.1.a(UART_1_SPI_UART.o)
 .comment       0x00000000       0x71 .\CortexM0\ARM_GCC_484\Debug\arm_controller_v2.1.a(UART_1_UART.o)
 .comment       0x00000000       0x71 .\CortexM0\ARM_GCC_484\Debug\arm_controller_v2.1.a(WIZ_RDY.o)
 .comment       0x00000000       0x71 .\CortexM0\ARM_GCC_484\Debug\arm_controller_v2.1.a(WIZ_INT.o)
 .comment       0x00000000       0x71 .\CortexM0\ARM_GCC_484\Debug\arm_controller_v2.1.a(WIZ_RST.o)
 .comment       0x00000000       0x71 .\CortexM0\ARM_GCC_484\Debug\arm_controller_v2.1.a(WIZ_SS.o)
 .comment       0x00000000       0x71 .\CortexM0\ARM_GCC_484\Debug\arm_controller_v2.1.a(ADC.o)
 .comment       0x00000000       0x71 .\CortexM0\ARM_GCC_484\Debug\arm_controller_v2.1.a(ADC_INT.o)
 .comment       0x00000000       0x71 .\CortexM0\ARM_GCC_484\Debug\arm_controller_v2.1.a(BA_PWM.o)
 .comment       0x00000000       0x71 .\CortexM0\ARM_GCC_484\Debug\arm_controller_v2.1.a(ELBW_PWM.o)
 .comment       0x00000000       0x71 .\CortexM0\ARM_GCC_484\Debug\arm_controller_v2.1.a(SHLDR_PWM.o)
 .comment       0x00000000       0x71 .\CortexM0\ARM_GCC_484\Debug\arm_controller_v2.1.a(SPIM_1.o)
 .comment       0x00000000       0x71 .\CortexM0\ARM_GCC_484\Debug\arm_controller_v2.1.a(SPIM_1_IntClock.o)
 .comment       0x00000000       0x71 .\CortexM0\ARM_GCC_484\Debug\arm_controller_v2.1.a(stop_shdr_up.o)
 .comment       0x00000000       0x71 .\CortexM0\ARM_GCC_484\Debug\arm_controller_v2.1.a(stop_shdr_dn.o)
 .comment       0x00000000       0x71 .\CortexM0\ARM_GCC_484\Debug\arm_controller_v2.1.a(stop_elb_up.o)
 .comment       0x00000000       0x71 .\CortexM0\ARM_GCC_484\Debug\arm_controller_v2.1.a(stop_elb_dn.o)
 .comment       0x00000000       0x71 .\CortexM0\ARM_GCC_484\Debug\arm_controller_v2.1.a(EFFECTOR_PWM.o)

.debug_weaknames
 *(.debug_weaknames)

.debug_funcnames
 *(.debug_funcnames)

.debug_typenames
 *(.debug_typenames)

.debug_varnames
 *(.debug_varnames)

.note.gnu.arm.ident
 *(.note.gnu.arm.ident)

.ARM.attributes
                0x00000000       0x28
 *(.ARM.attributes)
 .ARM.attributes
                0x00000000       0x1e c:/program files (x86)/cypress/psoc creator/3.1/psoc creator/import/gnu_cs/arm/4.8.4/bin/../lib/gcc/arm-none-eabi/4.8.4/armv6-m/crti.o
 .ARM.attributes
                0x0000001e       0x2c c:/program files (x86)/cypress/psoc creator/3.1/psoc creator/import/gnu_cs/arm/4.8.4/bin/../lib/gcc/arm-none-eabi/4.8.4/armv6-m/crtbegin.o
 .ARM.attributes
                0x0000004a       0x1b c:/program files (x86)/cypress/psoc creator/3.1/psoc creator/import/gnu_cs/arm/4.8.4/bin/../lib/gcc/arm-none-eabi/4.8.4/../../../../arm-none-eabi/lib/armv6-m/crt0.o
 .ARM.attributes
                0x00000065       0x31 .\CortexM0\ARM_GCC_484\Debug\main.o
 .ARM.attributes
                0x00000096       0x31 .\CortexM0\ARM_GCC_484\Debug\spi.o
 .ARM.attributes
                0x000000c7       0x31 .\CortexM0\ARM_GCC_484\Debug\wiznet5500.o
 .ARM.attributes
                0x000000f8       0x31 .\CortexM0\ARM_GCC_484\Debug\cymetadata.o
 .ARM.attributes
                0x00000129       0x31 .\CortexM0\ARM_GCC_484\Debug\Cm0Start.o
 .ARM.attributes
                0x0000015a       0x31 .\CortexM0\ARM_GCC_484\Debug\arm_controller_v2.1.a(cyfitter_cfg.o)
 .ARM.attributes
                0x0000018b       0x31 .\CortexM0\ARM_GCC_484\Debug\arm_controller_v2.1.a(Clock_counter.o)
 .ARM.attributes
                0x000001bc       0x31 .\CortexM0\ARM_GCC_484\Debug\arm_controller_v2.1.a(Clock_pwm.o)
 .ARM.attributes
                0x000001ed       0x31 .\CortexM0\ARM_GCC_484\Debug\arm_controller_v2.1.a(isr_1.o)
 .ARM.attributes
                0x0000021e       0x31 .\CortexM0\ARM_GCC_484\Debug\arm_controller_v2.1.a(LED.o)
 .ARM.attributes
                0x0000024f       0x31 .\CortexM0\ARM_GCC_484\Debug\arm_controller_v2.1.a(Timer_1.o)
 .ARM.attributes
                0x00000280       0x21 .\CortexM0\ARM_GCC_484\Debug\arm_controller_v2.1.a(CyBootAsmGnu.o)
 .ARM.attributes
                0x000002a1       0x31 .\CortexM0\ARM_GCC_484\Debug\arm_controller_v2.1.a(CyLib.o)
 .ARM.attributes
                0x000002d2       0x31 .\CortexM0\ARM_GCC_484\Debug\arm_controller_v2.1.a(UART_1.o)
 .ARM.attributes
                0x00000303       0x31 .\CortexM0\ARM_GCC_484\Debug\arm_controller_v2.1.a(UART_1_SPI_UART.o)
 .ARM.attributes
                0x00000334       0x31 .\CortexM0\ARM_GCC_484\Debug\arm_controller_v2.1.a(UART_1_UART.o)
 .ARM.attributes
                0x00000365       0x31 .\CortexM0\ARM_GCC_484\Debug\arm_controller_v2.1.a(WIZ_RDY.o)
 .ARM.attributes
                0x00000396       0x31 .\CortexM0\ARM_GCC_484\Debug\arm_controller_v2.1.a(WIZ_INT.o)
 .ARM.attributes
                0x000003c7       0x31 .\CortexM0\ARM_GCC_484\Debug\arm_controller_v2.1.a(WIZ_RST.o)
 .ARM.attributes
                0x000003f8       0x31 .\CortexM0\ARM_GCC_484\Debug\arm_controller_v2.1.a(WIZ_SS.o)
 .ARM.attributes
                0x00000429       0x31 .\CortexM0\ARM_GCC_484\Debug\arm_controller_v2.1.a(ADC.o)
 .ARM.attributes
                0x0000045a       0x31 .\CortexM0\ARM_GCC_484\Debug\arm_controller_v2.1.a(ADC_INT.o)
 .ARM.attributes
                0x0000048b       0x31 .\CortexM0\ARM_GCC_484\Debug\arm_controller_v2.1.a(BA_PWM.o)
 .ARM.attributes
                0x000004bc       0x31 .\CortexM0\ARM_GCC_484\Debug\arm_controller_v2.1.a(ELBW_PWM.o)
 .ARM.attributes
                0x000004ed       0x31 .\CortexM0\ARM_GCC_484\Debug\arm_controller_v2.1.a(SHLDR_PWM.o)
 .ARM.attributes
                0x0000051e       0x31 .\CortexM0\ARM_GCC_484\Debug\arm_controller_v2.1.a(SPIM_1.o)
 .ARM.attributes
                0x0000054f       0x31 .\CortexM0\ARM_GCC_484\Debug\arm_controller_v2.1.a(SPIM_1_IntClock.o)
 .ARM.attributes
                0x00000580       0x31 .\CortexM0\ARM_GCC_484\Debug\arm_controller_v2.1.a(stop_shdr_up.o)
 .ARM.attributes
                0x000005b1       0x31 .\CortexM0\ARM_GCC_484\Debug\arm_controller_v2.1.a(stop_shdr_dn.o)
 .ARM.attributes
                0x000005e2       0x31 .\CortexM0\ARM_GCC_484\Debug\arm_controller_v2.1.a(stop_elb_up.o)
 .ARM.attributes
                0x00000613       0x31 .\CortexM0\ARM_GCC_484\Debug\arm_controller_v2.1.a(stop_elb_dn.o)
 .ARM.attributes
                0x00000644       0x31 .\CortexM0\ARM_GCC_484\Debug\arm_controller_v2.1.a(EFFECTOR_PWM.o)
 .ARM.attributes
                0x00000675       0x1e c:/program files (x86)/cypress/psoc creator/3.1/psoc creator/import/gnu_cs/arm/4.8.4/bin/../lib/gcc/arm-none-eabi/4.8.4/armv6-m\libgcc.a(_udivsi3.o)
 .ARM.attributes
                0x00000693       0x1e c:/program files (x86)/cypress/psoc creator/3.1/psoc creator/import/gnu_cs/arm/4.8.4/bin/../lib/gcc/arm-none-eabi/4.8.4/armv6-m\libgcc.a(_divsi3.o)
 .ARM.attributes
                0x000006b1       0x1e c:/program files (x86)/cypress/psoc creator/3.1/psoc creator/import/gnu_cs/arm/4.8.4/bin/../lib/gcc/arm-none-eabi/4.8.4/armv6-m\libgcc.a(_dvmd_tls.o)
 .ARM.attributes
                0x000006cf       0x1e c:/program files (x86)/cypress/psoc creator/3.1/psoc creator/import/gnu_cs/arm/4.8.4/bin/../lib/gcc/arm-none-eabi/4.8.4/armv6-m\libgcc.a(_aeabi_ldivmod.o)
 .ARM.attributes
                0x000006ed       0x2c c:/program files (x86)/cypress/psoc creator/3.1/psoc creator/import/gnu_cs/arm/4.8.4/bin/../lib/gcc/arm-none-eabi/4.8.4/armv6-m\libgcc.a(_muldi3.o)
 .ARM.attributes
                0x00000719       0x2c c:/program files (x86)/cypress/psoc creator/3.1/psoc creator/import/gnu_cs/arm/4.8.4/bin/../lib/gcc/arm-none-eabi/4.8.4/armv6-m\libgcc.a(_fixunsdfsi.o)
 .ARM.attributes
                0x00000745       0x2c c:/program files (x86)/cypress/psoc creator/3.1/psoc creator/import/gnu_cs/arm/4.8.4/bin/../lib/gcc/arm-none-eabi/4.8.4/armv6-m\libgcc.a(bpabi.o)
 .ARM.attributes
                0x00000771       0x2c c:/program files (x86)/cypress/psoc creator/3.1/psoc creator/import/gnu_cs/arm/4.8.4/bin/../lib/gcc/arm-none-eabi/4.8.4/armv6-m\libgcc.a(divsf3.o)
 .ARM.attributes
                0x0000079d       0x2c c:/program files (x86)/cypress/psoc creator/3.1/psoc creator/import/gnu_cs/arm/4.8.4/bin/../lib/gcc/arm-none-eabi/4.8.4/armv6-m\libgcc.a(mulsf3.o)
 .ARM.attributes
                0x000007c9       0x2c c:/program files (x86)/cypress/psoc creator/3.1/psoc creator/import/gnu_cs/arm/4.8.4/bin/../lib/gcc/arm-none-eabi/4.8.4/armv6-m\libgcc.a(floatsisf.o)
 .ARM.attributes
                0x000007f5       0x2c c:/program files (x86)/cypress/psoc creator/3.1/psoc creator/import/gnu_cs/arm/4.8.4/bin/../lib/gcc/arm-none-eabi/4.8.4/armv6-m\libgcc.a(muldf3.o)
 .ARM.attributes
                0x00000821       0x2c c:/program files (x86)/cypress/psoc creator/3.1/psoc creator/import/gnu_cs/arm/4.8.4/bin/../lib/gcc/arm-none-eabi/4.8.4/armv6-m\libgcc.a(subdf3.o)
 .ARM.attributes
                0x0000084d       0x2c c:/program files (x86)/cypress/psoc creator/3.1/psoc creator/import/gnu_cs/arm/4.8.4/bin/../lib/gcc/arm-none-eabi/4.8.4/armv6-m\libgcc.a(fixdfsi.o)
 .ARM.attributes
                0x00000879       0x2c c:/program files (x86)/cypress/psoc creator/3.1/psoc creator/import/gnu_cs/arm/4.8.4/bin/../lib/gcc/arm-none-eabi/4.8.4/armv6-m\libgcc.a(floatsidf.o)
 .ARM.attributes